---
source: tests/snapshots.rs
expression: text
---
#1 127.0.0.1 -> 127.0.0.1 icmp | Echo (ping) request id=0x0009, seq=9
  Frame 1: 34 bytes on wire, 34 bytes captured  [frame 0:0-34]
    Frame Number: 1  [frame.number 0:0-0]
    Epoch Time: 1700000000.000123456  [frame.time_epoch 0:0-0]
    Frame Length: 34  [frame.len 0:0-0]
    Capture Length: 34  [frame.cap_len 0:0-0]
    Encapsulation type: NULL/Loopback (0)  [frame.encap_type 0:0-0]
    Protocols in frame: null:ip:icmp  [frame.protocols 0:0-0]
  Null/Loopback  [null 0:0-4]
    Family: 2  [null.family 0:0-4]
  Internet Protocol Version 4, Src: 127.0.0.1, Dst: 127.0.0.1  [ip 0:4-24]
    Version: 4  [ip.version 0:4-5]
    Header Length: 20  [ip.hdr_len 0:4-5]
    Differentiated Services Field: 0x00  [ip.dsfield 0:5-6]
      Differentiated Services Codepoint: 0  [ip.dsfield.dscp 0:5-6]
      Explicit Congestion Notification: 0  [ip.dsfield.ecn 0:5-6]
    Total Length: 30  [ip.len 0:6-8]
    Identification: 0x1234 (4660)  [ip.id 0:8-10]
    Flags: 0x2 (Don't fragment)  [ip.flags 0:10-12]
      Reserved bit: Not set  [ip.flags.rb 0:10-12]
      Don't fragment: Set  [ip.flags.df 0:10-12]
      More fragments: Not set  [ip.flags.mf 0:10-12]
    Fragment Offset: 0  [ip.frag_offset 0:10-12]
    Time to Live: 64  [ip.ttl 0:12-13]
    Protocol: ICMP (1)  [ip.proto 0:13-14]
    Header Checksum: 0x2aa9  [ip.checksum 0:14-16]
    Header checksum status: Good  [ip.checksum.status 0:14-16]
    Source Address: 127.0.0.1  [ip.src 0:16-20]
    Destination Address: 127.0.0.1  [ip.dst 0:20-24]
  Internet Control Message Protocol  [icmp 0:24-34]
    Type: Echo (ping) request (8)  [icmp.type 0:24-25]
    Code: 0  [icmp.code 0:25-26]
    Checksum: 0x8b7e  [icmp.checksum 0:26-28]
    Checksum Status: Good  [icmp.checksum.status 0:26-28]
    Identifier: 9  [icmp.ident 0:28-30]
    Sequence Number: 9  [icmp.seq 0:30-32]
    Data: 6c6f  [icmp.data 0:32-34]

#2 ::1 -> ::1 icmpv6 | Echo (ping) request id=0x0001, seq=1
  Frame 2: 52 bytes on wire, 52 bytes captured  [frame 0:0-52]
    Frame Number: 2  [frame.number 0:0-0]
    Epoch Time: 1700000001.001123456  [frame.time_epoch 0:0-0]
    Frame Length: 52  [frame.len 0:0-0]
    Capture Length: 52  [frame.cap_len 0:0-0]
    Encapsulation type: NULL/Loopback (0)  [frame.encap_type 0:0-0]
    Protocols in frame: null:ipv6:icmpv6  [frame.protocols 0:0-0]
  Null/Loopback  [null 0:0-4]
    Family: 24  [null.family 0:0-4]
  Internet Protocol Version 6, Src: ::1, Dst: ::1  [ipv6 0:4-52]
    Version: 6  [ipv6.version 0:4-8]
    Traffic Class: 0x00000000  [ipv6.tclass 0:4-8]
    Flow Label: 0x00000000  [ipv6.flow 0:4-8]
    Payload Length: 8  [ipv6.plen 0:8-10]
    Next Header: ICMPv6 (58)  [ipv6.nxt 0:10-11]
    Hop Limit: 64  [ipv6.hlim 0:11-12]
    Source Address: ::1  [ipv6.src 0:12-28]
    Destination Address: ::1  [ipv6.dst 0:28-44]
  Internet Control Message Protocol v6  [icmpv6 0:44-52]
    Type: Echo (ping) request (128)  [icmpv6.type 0:44-45]
    Code: 0  [icmpv6.code 0:45-46]
    Checksum: 0x7fb9  [icmpv6.checksum 0:46-48]
    Checksum Status: Good  [icmpv6.checksum.status 0:46-48]
    Identifier: 1  [icmpv6.echo.identifier 0:48-50]
    Sequence: 1  [icmpv6.echo.sequence_number 0:50-52]
