---
source: tests/snapshots.rs
expression: text
---
#1 192.168.1.10 -> 93.184.216.34 tcp | [TCP segment of a reassembled PDU]
  Frame 1: 57 bytes on wire, 57 bytes captured  [frame 0:0-57]
    Frame Number: 1  [frame.number 0:0-0]
    Epoch Time: 1700000000.000123456  [frame.time_epoch 0:0-0]
    Frame Length: 57  [frame.len 0:0-0]
    Capture Length: 57  [frame.cap_len 0:0-0]
    Encapsulation type: Ethernet (1)  [frame.encap_type 0:0-0]
    Protocols in frame: eth:ip:tcp  [frame.protocols 0:0-0]
  Ethernet II, Src: 00:11:22:33:44:55, Dst: 66:77:88:99:aa:bb  [eth 0:0-14]
    Destination: 66:77:88:99:aa:bb  [eth.dst 0:0-6]
    Source: 00:11:22:33:44:55  [eth.src 0:6-12]
    Type: IPv4 (0x0800)  [eth.type 0:12-14]
  Internet Protocol Version 4, Src: 192.168.1.10, Dst: 93.184.216.34  [ip 0:14-34]
    Version: 4  [ip.version 0:14-15]
    Header Length: 20  [ip.hdr_len 0:14-15]
    Differentiated Services Field: 0x00  [ip.dsfield 0:15-16]
      Differentiated Services Codepoint: 0  [ip.dsfield.dscp 0:15-16]
      Explicit Congestion Notification: 0  [ip.dsfield.ecn 0:15-16]
    Total Length: 43  [ip.len 0:16-18]
    Identification: 0x1234 (4660)  [ip.id 0:18-20]
    Flags: 0x2 (Don't fragment)  [ip.flags 0:20-22]
      Reserved bit: Not set  [ip.flags.rb 0:20-22]
      Don't fragment: Set  [ip.flags.df 0:20-22]
      More fragments: Not set  [ip.flags.mf 0:20-22]
    Fragment Offset: 0  [ip.frag_offset 0:20-22]
    Time to Live: 64  [ip.ttl 0:22-23]
    Protocol: TCP (6)  [ip.proto 0:23-24]
    Header Checksum: 0x310c  [ip.checksum 0:24-26]
    Header checksum status: Good  [ip.checksum.status 0:24-26]
    Source Address: 192.168.1.10  [ip.src 0:26-30]
    Destination Address: 93.184.216.34  [ip.dst 0:30-34]
  Transmission Control Protocol, Src Port: 53000, Dst Port: 443, Seq: 1, Ack: 1, Len: 3  [tcp 0:34-54]
    Source Port: 53000  [tcp.srcport 0:34-36]
    Destination Port: 443  [tcp.dstport 0:36-38]
    Stream index: 0  [tcp.stream 0:0-0]
    TCP Segment Len: 3  [tcp.len 0:0-0]
    Sequence Number (raw): 1  [tcp.seq 0:38-42]
    Acknowledgment Number (raw): 1  [tcp.ack 0:42-46]
    Header Length: 20  [tcp.hdr_len 0:46-47]
    Flags: 0x018 (PSH, ACK)  [tcp.flags 0:46-48]
      Reserved: Not set  [tcp.flags.res 0:46-48]
      Accurate ECN: Not set  [tcp.flags.ae 0:46-48]
      Congestion Window Reduced: Not set  [tcp.flags.cwr 0:46-48]
      ECN-Echo: Not set  [tcp.flags.ece 0:46-48]
      Urgent: Not set  [tcp.flags.urg 0:46-48]
      Acknowledgment: Set  [tcp.flags.ack 0:46-48]
      Push: Set  [tcp.flags.push 0:46-48]
      Reset: Not set  [tcp.flags.reset 0:46-48]
      Syn: Not set  [tcp.flags.syn 0:46-48]
      Fin: Not set  [tcp.flags.fin 0:46-48]
    Window: 65535  [tcp.window_size_value 0:48-50]
    Checksum: 0xd073  [tcp.checksum 0:50-52]
    Checksum Status: Good  [tcp.checksum.status 0:50-52]
    Urgent Pointer: 0  [tcp.urgent_pointer 0:52-54]
  [TCP segment of a reassembled PDU]  [tls.segment 0:54-57]
    Segment length: 3  [tls.segment.len 0:0-0]

#2 192.168.1.10 -> 93.184.216.34 tcp | [TCP segment of a reassembled PDU]
  Frame 2: 91 bytes on wire, 91 bytes captured  [frame 0:0-91]
    Frame Number: 2  [frame.number 0:0-0]
    Epoch Time: 1700000001.001123456  [frame.time_epoch 0:0-0]
    Frame Length: 91  [frame.len 0:0-0]
    Capture Length: 91  [frame.cap_len 0:0-0]
    Encapsulation type: Ethernet (1)  [frame.encap_type 0:0-0]
    Protocols in frame: eth:ip:tcp  [frame.protocols 0:0-0]
  Ethernet II, Src: 00:11:22:33:44:55, Dst: 66:77:88:99:aa:bb  [eth 0:0-14]
    Destination: 66:77:88:99:aa:bb  [eth.dst 0:0-6]
    Source: 00:11:22:33:44:55  [eth.src 0:6-12]
    Type: IPv4 (0x0800)  [eth.type 0:12-14]
  Internet Protocol Version 4, Src: 192.168.1.10, Dst: 93.184.216.34  [ip 0:14-34]
    Version: 4  [ip.version 0:14-15]
    Header Length: 20  [ip.hdr_len 0:14-15]
    Differentiated Services Field: 0x00  [ip.dsfield 0:15-16]
      Differentiated Services Codepoint: 0  [ip.dsfield.dscp 0:15-16]
      Explicit Congestion Notification: 0  [ip.dsfield.ecn 0:15-16]
    Total Length: 77  [ip.len 0:16-18]
    Identification: 0x1234 (4660)  [ip.id 0:18-20]
    Flags: 0x2 (Don't fragment)  [ip.flags 0:20-22]
      Reserved bit: Not set  [ip.flags.rb 0:20-22]
      Don't fragment: Set  [ip.flags.df 0:20-22]
      More fragments: Not set  [ip.flags.mf 0:20-22]
    Fragment Offset: 0  [ip.frag_offset 0:20-22]
    Time to Live: 64  [ip.ttl 0:22-23]
    Protocol: TCP (6)  [ip.proto 0:23-24]
    Header Checksum: 0x30ea  [ip.checksum 0:24-26]
    Header checksum status: Good  [ip.checksum.status 0:24-26]
    Source Address: 192.168.1.10  [ip.src 0:26-30]
    Destination Address: 93.184.216.34  [ip.dst 0:30-34]
  Transmission Control Protocol, Src Port: 53000, Dst Port: 443, Seq: 4, Ack: 1, Len: 37  [tcp 0:34-54]
    Source Port: 53000  [tcp.srcport 0:34-36]
    Destination Port: 443  [tcp.dstport 0:36-38]
    Stream index: 0  [tcp.stream 0:0-0]
    TCP Segment Len: 37  [tcp.len 0:0-0]
    Sequence Number (raw): 4  [tcp.seq 0:38-42]
    Acknowledgment Number (raw): 1  [tcp.ack 0:42-46]
    Header Length: 20  [tcp.hdr_len 0:46-47]
    Flags: 0x018 (PSH, ACK)  [tcp.flags 0:46-48]
      Reserved: Not set  [tcp.flags.res 0:46-48]
      Accurate ECN: Not set  [tcp.flags.ae 0:46-48]
      Congestion Window Reduced: Not set  [tcp.flags.cwr 0:46-48]
      ECN-Echo: Not set  [tcp.flags.ece 0:46-48]
      Urgent: Not set  [tcp.flags.urg 0:46-48]
      Acknowledgment: Set  [tcp.flags.ack 0:46-48]
      Push: Set  [tcp.flags.push 0:46-48]
      Reset: Not set  [tcp.flags.reset 0:46-48]
      Syn: Not set  [tcp.flags.syn 0:46-48]
      Fin: Not set  [tcp.flags.fin 0:46-48]
    Window: 65535  [tcp.window_size_value 0:48-50]
    Checksum: 0xe277  [tcp.checksum 0:50-52]
    Checksum Status: Good  [tcp.checksum.status 0:50-52]
    Urgent Pointer: 0  [tcp.urgent_pointer 0:52-54]
  [TCP segment of a reassembled PDU]  [tls.segment 1:0-40]
    Segment length: 40  [tls.segment.len 1:0-0]
  Trailer: 37 bytes  [eth.trailer 0:54-91]

#3 192.168.1.10 -> 93.184.216.34 tls | Client Hello
  Frame 3: 137 bytes on wire, 137 bytes captured  [frame 0:0-137]
    Frame Number: 3  [frame.number 0:0-0]
    Epoch Time: 1700000002.002123456  [frame.time_epoch 0:0-0]
    Frame Length: 137  [frame.len 0:0-0]
    Capture Length: 137  [frame.cap_len 0:0-0]
    Encapsulation type: Ethernet (1)  [frame.encap_type 0:0-0]
    Protocols in frame: eth:ip:tcp:tls  [frame.protocols 0:0-0]
  Ethernet II, Src: 00:11:22:33:44:55, Dst: 66:77:88:99:aa:bb  [eth 0:0-14]
    Destination: 66:77:88:99:aa:bb  [eth.dst 0:0-6]
    Source: 00:11:22:33:44:55  [eth.src 0:6-12]
    Type: IPv4 (0x0800)  [eth.type 0:12-14]
  Internet Protocol Version 4, Src: 192.168.1.10, Dst: 93.184.216.34  [ip 0:14-34]
    Version: 4  [ip.version 0:14-15]
    Header Length: 20  [ip.hdr_len 0:14-15]
    Differentiated Services Field: 0x00  [ip.dsfield 0:15-16]
      Differentiated Services Codepoint: 0  [ip.dsfield.dscp 0:15-16]
      Explicit Congestion Notification: 0  [ip.dsfield.ecn 0:15-16]
    Total Length: 123  [ip.len 0:16-18]
    Identification: 0x1234 (4660)  [ip.id 0:18-20]
    Flags: 0x2 (Don't fragment)  [ip.flags 0:20-22]
      Reserved bit: Not set  [ip.flags.rb 0:20-22]
      Don't fragment: Set  [ip.flags.df 0:20-22]
      More fragments: Not set  [ip.flags.mf 0:20-22]
    Fragment Offset: 0  [ip.frag_offset 0:20-22]
    Time to Live: 64  [ip.ttl 0:22-23]
    Protocol: TCP (6)  [ip.proto 0:23-24]
    Header Checksum: 0x30bc  [ip.checksum 0:24-26]
    Header checksum status: Good  [ip.checksum.status 0:24-26]
    Source Address: 192.168.1.10  [ip.src 0:26-30]
    Destination Address: 93.184.216.34  [ip.dst 0:30-34]
  Transmission Control Protocol, Src Port: 53000, Dst Port: 443, Seq: 41, Ack: 1, Len: 83  [tcp 0:34-54]
    Source Port: 53000  [tcp.srcport 0:34-36]
    Destination Port: 443  [tcp.dstport 0:36-38]
    Stream index: 0  [tcp.stream 0:0-0]
    TCP Segment Len: 83  [tcp.len 0:0-0]
    Sequence Number (raw): 41  [tcp.seq 0:38-42]
    Acknowledgment Number (raw): 1  [tcp.ack 0:42-46]
    Header Length: 20  [tcp.hdr_len 0:46-47]
    Flags: 0x018 (PSH, ACK)  [tcp.flags 0:46-48]
      Reserved: Not set  [tcp.flags.res 0:46-48]
      Accurate ECN: Not set  [tcp.flags.ae 0:46-48]
      Congestion Window Reduced: Not set  [tcp.flags.cwr 0:46-48]
      ECN-Echo: Not set  [tcp.flags.ece 0:46-48]
      Urgent: Not set  [tcp.flags.urg 0:46-48]
      Acknowledgment: Set  [tcp.flags.ack 0:46-48]
      Push: Set  [tcp.flags.push 0:46-48]
      Reset: Not set  [tcp.flags.reset 0:46-48]
      Syn: Not set  [tcp.flags.syn 0:46-48]
      Fin: Not set  [tcp.flags.fin 0:46-48]
    Window: 65535  [tcp.window_size_value 0:48-50]
    Checksum: 0xf960  [tcp.checksum 0:50-52]
    Checksum Status: Good  [tcp.checksum.status 0:50-52]
    Urgent Pointer: 0  [tcp.urgent_pointer 0:52-54]
  Transport Layer Security  [tls 1:0-123]
    TLS 1.0 Record Layer: Handshake Protocol: Client Hello  [tls.record 1:0-123]
      Content Type: Handshake (22)  [tls.record.content_type 1:0-1]
      Version: TLS 1.0 (0x0301)  [tls.record.version 1:1-3]
      Length: 118  [tls.record.length 1:3-5]
      Handshake Protocol: Client Hello  [tls.handshake 1:5-123]
        Handshake Type: Client Hello (1)  [tls.handshake.type 1:5-6]
        Length: 114  [tls.handshake.length 1:6-9]
        Version: TLS 1.2 (0x0303)  [tls.handshake.version 1:9-11]
        Random: 1111111111111111111111111111111111111111111111111111111111111111  [tls.handshake.random 1:11-43]
        Session ID Length: 32  [tls.handshake.session_id_length 1:43-44]
        Session ID: 5a5a5a5a5a5a5a5a5a5a5a5a5a5a5a5a5a5a5a5a5a5a5a5a5a5a5a5a5a5a5a5a  [tls.handshake.session_id 1:44-76]
        Cipher Suites Length: 6  [tls.handshake.cipher_suites_length 1:76-78]
        Cipher Suites (3 suites)  [tls.handshake.ciphersuites 1:78-84]
          Cipher Suite: TLS_AES_128_GCM_SHA256 (0x1301)  [tls.handshake.ciphersuite 1:78-80]
          Cipher Suite: TLS_AES_256_GCM_SHA384 (0x1302)  [tls.handshake.ciphersuite 1:80-82]
          Cipher Suite: TLS_ECDHE_RSA_WITH_AES_128_GCM_SHA256 (0xc02f)  [tls.handshake.ciphersuite 1:82-84]
        Compression Methods Length: 1  [tls.handshake.comp_methods_length 1:84-85]
        Compression Methods  [tls.handshake.comp_methods 1:85-86]
          Compression Method: 0  [tls.handshake.comp_method 1:85-86]
        Extensions Length: 35  [tls.handshake.extensions_length 1:86-88]
        Extension: server_name (len=22) name=split.example.com  [tls.handshake.extension 1:88-114]
          Type: server_name (0)  [tls.handshake.extension.type 1:88-90]
          Length: 22  [tls.handshake.extension.len 1:90-92]
          Server Name list length: 20  [tls.handshake.extensions_server_name_list_len 1:92-94]
          Server Name Type: 0  [tls.handshake.extensions_server_name_type 1:94-95]
          Server Name length: 17  [tls.handshake.extensions_server_name_len 1:95-97]
          Server Name: split.example.com  [tls.handshake.extensions_server_name 1:97-114]
        Extension: application_layer_protocol_negotiation (len=5) h2  [tls.handshake.extension 1:114-123]
          Type: application_layer_protocol_negotiation (16)  [tls.handshake.extension.type 1:114-116]
          Length: 5  [tls.handshake.extension.len 1:116-118]
          ALPN Extension Length: 3  [tls.handshake.extensions_alpn_len 1:118-120]
          ALPN string length: 2  [tls.handshake.extensions_alpn_str_len 1:120-121]
          ALPN Next Protocol: h2  [tls.handshake.extensions_alpn_str 1:121-123]
  Trailer: 83 bytes  [eth.trailer 0:54-137]

#4 93.184.216.34 -> 192.168.1.10 tls | Server Hello, [TCP segment of a reassembled PDU]
  Frame 4: 119 bytes on wire, 119 bytes captured  [frame 0:0-119]
    Frame Number: 4  [frame.number 0:0-0]
    Epoch Time: 1700000003.003123456  [frame.time_epoch 0:0-0]
    Frame Length: 119  [frame.len 0:0-0]
    Capture Length: 119  [frame.cap_len 0:0-0]
    Encapsulation type: Ethernet (1)  [frame.encap_type 0:0-0]
    Protocols in frame: eth:ip:tcp:tls  [frame.protocols 0:0-0]
  Ethernet II, Src: 66:77:88:99:aa:bb, Dst: 00:11:22:33:44:55  [eth 0:0-14]
    Destination: 00:11:22:33:44:55  [eth.dst 0:0-6]
    Source: 66:77:88:99:aa:bb  [eth.src 0:6-12]
    Type: IPv4 (0x0800)  [eth.type 0:12-14]
  Internet Protocol Version 4, Src: 93.184.216.34, Dst: 192.168.1.10  [ip 0:14-34]
    Version: 4  [ip.version 0:14-15]
    Header Length: 20  [ip.hdr_len 0:14-15]
    Differentiated Services Field: 0x00  [ip.dsfield 0:15-16]
      Differentiated Services Codepoint: 0  [ip.dsfield.dscp 0:15-16]
      Explicit Congestion Notification: 0  [ip.dsfield.ecn 0:15-16]
    Total Length: 105  [ip.len 0:16-18]
    Identification: 0x1234 (4660)  [ip.id 0:18-20]
    Flags: 0x2 (Don't fragment)  [ip.flags 0:20-22]
      Reserved bit: Not set  [ip.flags.rb 0:20-22]
      Don't fragment: Set  [ip.flags.df 0:20-22]
      More fragments: Not set  [ip.flags.mf 0:20-22]
    Fragment Offset: 0  [ip.frag_offset 0:20-22]
    Time to Live: 64  [ip.ttl 0:22-23]
    Protocol: TCP (6)  [ip.proto 0:23-24]
    Header Checksum: 0x30ce  [ip.checksum 0:24-26]
    Header checksum status: Good  [ip.checksum.status 0:24-26]
    Source Address: 93.184.216.34  [ip.src 0:26-30]
    Destination Address: 192.168.1.10  [ip.dst 0:30-34]
  Transmission Control Protocol, Src Port: 443, Dst Port: 53000, Seq: 1, Ack: 124, Len: 65  [tcp 0:34-54]
    Source Port: 443  [tcp.srcport 0:34-36]
    Destination Port: 53000  [tcp.dstport 0:36-38]
    Stream index: 0  [tcp.stream 0:0-0]
    TCP Segment Len: 65  [tcp.len 0:0-0]
    Sequence Number (raw): 1  [tcp.seq 0:38-42]
    Acknowledgment Number (raw): 124  [tcp.ack 0:42-46]
    Header Length: 20  [tcp.hdr_len 0:46-47]
    Flags: 0x018 (PSH, ACK)  [tcp.flags 0:46-48]
      Reserved: Not set  [tcp.flags.res 0:46-48]
      Accurate ECN: Not set  [tcp.flags.ae 0:46-48]
      Congestion Window Reduced: Not set  [tcp.flags.cwr 0:46-48]
      ECN-Echo: Not set  [tcp.flags.ece 0:46-48]
      Urgent: Not set  [tcp.flags.urg 0:46-48]
      Acknowledgment: Set  [tcp.flags.ack 0:46-48]
      Push: Set  [tcp.flags.push 0:46-48]
      Reset: Not set  [tcp.flags.reset 0:46-48]
      Syn: Not set  [tcp.flags.syn 0:46-48]
      Fin: Not set  [tcp.flags.fin 0:46-48]
    Window: 65535  [tcp.window_size_value 0:48-50]
    Checksum: 0x2f01  [tcp.checksum 0:50-52]
    Checksum Status: Good  [tcp.checksum.status 0:50-52]
    Urgent Pointer: 0  [tcp.urgent_pointer 0:52-54]
    [SEQ/ACK analysis]  [tcp.analysis 0:34-34]
      Bytes in flight: 65  [tcp.analysis.bytes_in_flight 0:0-0]
  Transport Layer Security  [tls 0:54-119]
    TLS 1.2 Record Layer: Handshake Protocol: Server Hello  [tls.record 0:54-109]
      Content Type: Handshake (22)  [tls.record.content_type 0:54-55]
      Version: TLS 1.2 (0x0303)  [tls.record.version 0:55-57]
      Length: 50  [tls.record.length 0:57-59]
      Handshake Protocol: Server Hello  [tls.handshake 0:59-109]
        Handshake Type: Server Hello (2)  [tls.handshake.type 0:59-60]
        Length: 46  [tls.handshake.length 0:60-63]
        Version: TLS 1.2 (0x0303)  [tls.handshake.version 0:63-65]
        Random: 2222222222222222222222222222222222222222222222222222222222222222  [tls.handshake.random 0:65-97]
        Session ID Length: 0  [tls.handshake.session_id_length 0:97-98]
        Cipher Suite: TLS_AES_128_GCM_SHA256 (0x1301)  [tls.handshake.ciphersuite 0:98-100]
        Compression Method: 0  [tls.handshake.comp_method 0:100-101]
        Extensions Length: 6  [tls.handshake.extensions_length 0:101-103]
        Extension: supported_versions (len=2) TLS 1.3  [tls.handshake.extension 0:103-109]
          Type: supported_versions (43)  [tls.handshake.extension.type 0:103-105]
          Length: 2  [tls.handshake.extension.len 0:105-107]
          Supported Version: TLS 1.3 (0x0304)  [tls.handshake.extensions.supported_version 0:107-109]
    [TCP segment of a reassembled PDU]  [tls.segment 0:109-119]
      Segment length: 10  [tls.segment.len 0:0-0]

#5 93.184.216.34 -> 192.168.1.10 tls | Application Data
  Frame 5: 113 bytes on wire, 113 bytes captured  [frame 0:0-113]
    Frame Number: 5  [frame.number 0:0-0]
    Epoch Time: 1700000004.004123456  [frame.time_epoch 0:0-0]
    Frame Length: 113  [frame.len 0:0-0]
    Capture Length: 113  [frame.cap_len 0:0-0]
    Encapsulation type: Ethernet (1)  [frame.encap_type 0:0-0]
    Protocols in frame: eth:ip:tcp:tls  [frame.protocols 0:0-0]
  Ethernet II, Src: 66:77:88:99:aa:bb, Dst: 00:11:22:33:44:55  [eth 0:0-14]
    Destination: 00:11:22:33:44:55  [eth.dst 0:0-6]
    Source: 66:77:88:99:aa:bb  [eth.src 0:6-12]
    Type: IPv4 (0x0800)  [eth.type 0:12-14]
  Internet Protocol Version 4, Src: 93.184.216.34, Dst: 192.168.1.10  [ip 0:14-34]
    Version: 4  [ip.version 0:14-15]
    Header Length: 20  [ip.hdr_len 0:14-15]
    Differentiated Services Field: 0x00  [ip.dsfield 0:15-16]
      Differentiated Services Codepoint: 0  [ip.dsfield.dscp 0:15-16]
      Explicit Congestion Notification: 0  [ip.dsfield.ecn 0:15-16]
    Total Length: 99  [ip.len 0:16-18]
    Identification: 0x1234 (4660)  [ip.id 0:18-20]
    Flags: 0x2 (Don't fragment)  [ip.flags 0:20-22]
      Reserved bit: Not set  [ip.flags.rb 0:20-22]
      Don't fragment: Set  [ip.flags.df 0:20-22]
      More fragments: Not set  [ip.flags.mf 0:20-22]
    Fragment Offset: 0  [ip.frag_offset 0:20-22]
    Time to Live: 64  [ip.ttl 0:22-23]
    Protocol: TCP (6)  [ip.proto 0:23-24]
    Header Checksum: 0x30d4  [ip.checksum 0:24-26]
    Header checksum status: Good  [ip.checksum.status 0:24-26]
    Source Address: 93.184.216.34  [ip.src 0:26-30]
    Destination Address: 192.168.1.10  [ip.dst 0:30-34]
  Transmission Control Protocol, Src Port: 443, Dst Port: 53000, Seq: 66, Ack: 124, Len: 59  [tcp 0:34-54]
    Source Port: 443  [tcp.srcport 0:34-36]
    Destination Port: 53000  [tcp.dstport 0:36-38]
    Stream index: 0  [tcp.stream 0:0-0]
    TCP Segment Len: 59  [tcp.len 0:0-0]
    Sequence Number (raw): 66  [tcp.seq 0:38-42]
    Acknowledgment Number (raw): 124  [tcp.ack 0:42-46]
    Header Length: 20  [tcp.hdr_len 0:46-47]
    Flags: 0x018 (PSH, ACK)  [tcp.flags 0:46-48]
      Reserved: Not set  [tcp.flags.res 0:46-48]
      Accurate ECN: Not set  [tcp.flags.ae 0:46-48]
      Congestion Window Reduced: Not set  [tcp.flags.cwr 0:46-48]
      ECN-Echo: Not set  [tcp.flags.ece 0:46-48]
      Urgent: Not set  [tcp.flags.urg 0:46-48]
      Acknowledgment: Set  [tcp.flags.ack 0:46-48]
      Push: Set  [tcp.flags.push 0:46-48]
      Reset: Not set  [tcp.flags.reset 0:46-48]
      Syn: Not set  [tcp.flags.syn 0:46-48]
      Fin: Not set  [tcp.flags.fin 0:46-48]
    Window: 65535  [tcp.window_size_value 0:48-50]
    Checksum: 0xe71b  [tcp.checksum 0:50-52]
    Checksum Status: Good  [tcp.checksum.status 0:50-52]
    Urgent Pointer: 0  [tcp.urgent_pointer 0:52-54]
    [SEQ/ACK analysis]  [tcp.analysis 0:34-34]
      Bytes in flight: 124  [tcp.analysis.bytes_in_flight 0:0-0]
  Transport Layer Security  [tls 1:0-69]
    TLS 1.2 Record Layer: Application Data Protocol: Application Data  [tls.record 1:0-69]
      Content Type: Application Data (23)  [tls.record.content_type 1:0-1]
      Version: TLS 1.2 (0x0303)  [tls.record.version 1:1-3]
      Length: 64  [tls.record.length 1:3-5]
      Encrypted Application Data: 999999999999999999999999999999999999999999999999999999999999999999999999999999999999999999999999…  [tls.app_data 1:5-69]
  Trailer: 59 bytes  [eth.trailer 0:54-113]
