---
source: tests/snapshots.rs
expression: text
---
#1 00:11:22:33:44:55 -> ff:ff:ff:ff:ff:ff arp | Who has 192.168.1.1? Tell 192.168.1.10
  Frame 1: 60 bytes on wire, 60 bytes captured  [frame 0:0-60]
    Frame Number: 1  [frame.number 0:0-0]
    Epoch Time: 1700000000.000123456  [frame.time_epoch 0:0-0]
    Frame Length: 60  [frame.len 0:0-0]
    Capture Length: 60  [frame.cap_len 0:0-0]
    Encapsulation type: Ethernet (1)  [frame.encap_type 0:0-0]
    Protocols in frame: eth:arp  [frame.protocols 0:0-0]
  Ethernet II, Src: 00:11:22:33:44:55, Dst: ff:ff:ff:ff:ff:ff  [eth 0:0-14]
    Destination: ff:ff:ff:ff:ff:ff  [eth.dst 0:0-6]
    Source: 00:11:22:33:44:55  [eth.src 0:6-12]
    Type: ARP (0x0806)  [eth.type 0:12-14]
  Address Resolution Protocol (request)  [arp 0:14-42]
    Hardware type: Ethernet (1)  [arp.hw.type 0:14-16]
    Protocol type: IPv4 (0x0800)  [arp.proto.type 0:16-18]
    Hardware size: 6  [arp.hw.size 0:18-19]
    Protocol size: 4  [arp.proto.size 0:19-20]
    Opcode: request (1)  [arp.opcode 0:20-22]
    Sender MAC address: 00:11:22:33:44:55  [arp.src.hw_mac 0:22-28]
    Sender IP address: 192.168.1.10  [arp.src.proto_ipv4 0:28-32]
    Target MAC address: 00:00:00:00:00:00  [arp.dst.hw_mac 0:32-38]
    Target IP address: 192.168.1.1  [arp.dst.proto_ipv4 0:38-42]
  Padding: 18 bytes  [eth.padding 0:42-60]

#2 66:77:88:99:aa:bb -> 00:11:22:33:44:55 arp | 192.168.1.1 is at 66:77:88:99:aa:bb
  Frame 2: 42 bytes on wire, 42 bytes captured  [frame 0:0-42]
    Frame Number: 2  [frame.number 0:0-0]
    Epoch Time: 1700000001.001123456  [frame.time_epoch 0:0-0]
    Frame Length: 42  [frame.len 0:0-0]
    Capture Length: 42  [frame.cap_len 0:0-0]
    Encapsulation type: Ethernet (1)  [frame.encap_type 0:0-0]
    Protocols in frame: eth:arp  [frame.protocols 0:0-0]
  Ethernet II, Src: 66:77:88:99:aa:bb, Dst: 00:11:22:33:44:55  [eth 0:0-14]
    Destination: 00:11:22:33:44:55  [eth.dst 0:0-6]
    Source: 66:77:88:99:aa:bb  [eth.src 0:6-12]
    Type: ARP (0x0806)  [eth.type 0:12-14]
  Address Resolution Protocol (reply)  [arp 0:14-42]
    Hardware type: Ethernet (1)  [arp.hw.type 0:14-16]
    Protocol type: IPv4 (0x0800)  [arp.proto.type 0:16-18]
    Hardware size: 6  [arp.hw.size 0:18-19]
    Protocol size: 4  [arp.proto.size 0:19-20]
    Opcode: reply (2)  [arp.opcode 0:20-22]
    Sender MAC address: 66:77:88:99:aa:bb  [arp.src.hw_mac 0:22-28]
    Sender IP address: 192.168.1.1  [arp.src.proto_ipv4 0:28-32]
    Target MAC address: 00:11:22:33:44:55  [arp.dst.hw_mac 0:32-38]
    Target IP address: 192.168.1.10  [arp.dst.proto_ipv4 0:38-42]

#3 00:11:22:33:44:55 -> ff:ff:ff:ff:ff:ff arp | Who has 192.168.1.10? (ARP Probe)
  Frame 3: 42 bytes on wire, 42 bytes captured  [frame 0:0-42]
    Frame Number: 3  [frame.number 0:0-0]
    Epoch Time: 1700000002.002123456  [frame.time_epoch 0:0-0]
    Frame Length: 42  [frame.len 0:0-0]
    Capture Length: 42  [frame.cap_len 0:0-0]
    Encapsulation type: Ethernet (1)  [frame.encap_type 0:0-0]
    Protocols in frame: eth:arp  [frame.protocols 0:0-0]
  Ethernet II, Src: 00:11:22:33:44:55, Dst: ff:ff:ff:ff:ff:ff  [eth 0:0-14]
    Destination: ff:ff:ff:ff:ff:ff  [eth.dst 0:0-6]
    Source: 00:11:22:33:44:55  [eth.src 0:6-12]
    Type: ARP (0x0806)  [eth.type 0:12-14]
  Address Resolution Protocol (request)  [arp 0:14-42]
    Hardware type: Ethernet (1)  [arp.hw.type 0:14-16]
    Protocol type: IPv4 (0x0800)  [arp.proto.type 0:16-18]
    Hardware size: 6  [arp.hw.size 0:18-19]
    Protocol size: 4  [arp.proto.size 0:19-20]
    Opcode: request (1)  [arp.opcode 0:20-22]
    Sender MAC address: 00:11:22:33:44:55  [arp.src.hw_mac 0:22-28]
    Sender IP address: 0.0.0.0  [arp.src.proto_ipv4 0:28-32]
    Target MAC address: 00:00:00:00:00:00  [arp.dst.hw_mac 0:32-38]
    Target IP address: 192.168.1.10  [arp.dst.proto_ipv4 0:38-42]

#4 00:11:22:33:44:55 -> ff:ff:ff:ff:ff:ff arp | ARP Announcement for 192.168.1.10
  Frame 4: 42 bytes on wire, 42 bytes captured  [frame 0:0-42]
    Frame Number: 4  [frame.number 0:0-0]
    Epoch Time: 1700000003.003123456  [frame.time_epoch 0:0-0]
    Frame Length: 42  [frame.len 0:0-0]
    Capture Length: 42  [frame.cap_len 0:0-0]
    Encapsulation type: Ethernet (1)  [frame.encap_type 0:0-0]
    Protocols in frame: eth:arp  [frame.protocols 0:0-0]
  Ethernet II, Src: 00:11:22:33:44:55, Dst: ff:ff:ff:ff:ff:ff  [eth 0:0-14]
    Destination: ff:ff:ff:ff:ff:ff  [eth.dst 0:0-6]
    Source: 00:11:22:33:44:55  [eth.src 0:6-12]
    Type: ARP (0x0806)  [eth.type 0:12-14]
  Address Resolution Protocol (request)  [arp 0:14-42]
    Hardware type: Ethernet (1)  [arp.hw.type 0:14-16]
    Protocol type: IPv4 (0x0800)  [arp.proto.type 0:16-18]
    Hardware size: 6  [arp.hw.size 0:18-19]
    Protocol size: 4  [arp.proto.size 0:19-20]
    Opcode: request (1)  [arp.opcode 0:20-22]
    Sender MAC address: 00:11:22:33:44:55  [arp.src.hw_mac 0:22-28]
    Sender IP address: 192.168.1.10  [arp.src.proto_ipv4 0:28-32]
    Target MAC address: 00:00:00:00:00:00  [arp.dst.hw_mac 0:32-38]
    Target IP address: 192.168.1.10  [arp.dst.proto_ipv4 0:38-42]

#5 192.168.1.10 -> 93.184.216.34 icmp | Echo (ping) request id=0x0001, seq=1
  Frame 5: 50 bytes on wire, 50 bytes captured  [frame 0:0-50]
    Frame Number: 5  [frame.number 0:0-0]
    Epoch Time: 1700000004.004123456  [frame.time_epoch 0:0-0]
    Frame Length: 50  [frame.len 0:0-0]
    Capture Length: 50  [frame.cap_len 0:0-0]
    Encapsulation type: Ethernet (1)  [frame.encap_type 0:0-0]
    Protocols in frame: eth:vlan:ip:icmp  [frame.protocols 0:0-0]
  Ethernet II, Src: 00:11:22:33:44:55, Dst: 66:77:88:99:aa:bb  [eth 0:0-14]
    Destination: 66:77:88:99:aa:bb  [eth.dst 0:0-6]
    Source: 00:11:22:33:44:55  [eth.src 0:6-12]
    Type: 802.1Q Virtual LAN (0x8100)  [eth.type 0:12-14]
  802.1Q Virtual LAN, PRI: 3, DEI: 0, ID: 100  [vlan 0:14-18]
    Priority: 3  [vlan.priority 0:14-16]
    DEI: Not set  [vlan.dei 0:14-16]
    ID: 100  [vlan.id 0:14-16]
    Type: IPv4 (0x0800)  [vlan.etype 0:16-18]
  Internet Protocol Version 4, Src: 192.168.1.10, Dst: 93.184.216.34  [ip 0:18-38]
    Version: 4  [ip.version 0:18-19]
    Header Length: 20  [ip.hdr_len 0:18-19]
    Differentiated Services Field: 0x00  [ip.dsfield 0:19-20]
      Differentiated Services Codepoint: 0  [ip.dsfield.dscp 0:19-20]
      Explicit Congestion Notification: 0  [ip.dsfield.ecn 0:19-20]
    Total Length: 32  [ip.len 0:20-22]
    Identification: 0x1234 (4660)  [ip.id 0:22-24]
    Flags: 0x2 (Don't fragment)  [ip.flags 0:24-26]
      Reserved bit: Not set  [ip.flags.rb 0:24-26]
      Don't fragment: Set  [ip.flags.df 0:24-26]
      More fragments: Not set  [ip.flags.mf 0:24-26]
    Fragment Offset: 0  [ip.frag_offset 0:24-26]
    Time to Live: 64  [ip.ttl 0:26-27]
    Protocol: ICMP (1)  [ip.proto 0:27-28]
    Header Checksum: 0x311c  [ip.checksum 0:28-30]
    Header checksum status: Good  [ip.checksum.status 0:28-30]
    Source Address: 192.168.1.10  [ip.src 0:30-34]
    Destination Address: 93.184.216.34  [ip.dst 0:34-38]
  Internet Control Message Protocol  [icmp 0:38-50]
    Type: Echo (ping) request (8)  [icmp.type 0:38-39]
    Code: 0  [icmp.code 0:39-40]
    Checksum: 0x2023  [icmp.checksum 0:40-42]
    Checksum Status: Good  [icmp.checksum.status 0:40-42]
    Identifier: 1  [icmp.ident 0:42-44]
    Sequence Number: 1  [icmp.seq 0:44-46]
    Data: 766c616e  [icmp.data 0:46-50]

#6 00:11:22:33:44:55 -> 66:77:88:99:aa:bb arp | Who has 93.184.216.34? Tell 192.168.1.10
  Frame 6: 50 bytes on wire, 50 bytes captured  [frame 0:0-50]
    Frame Number: 6  [frame.number 0:0-0]
    Epoch Time: 1700000005.005123456  [frame.time_epoch 0:0-0]
    Frame Length: 50  [frame.len 0:0-0]
    Capture Length: 50  [frame.cap_len 0:0-0]
    Encapsulation type: Ethernet (1)  [frame.encap_type 0:0-0]
    Protocols in frame: eth:vlan:vlan:arp  [frame.protocols 0:0-0]
  Ethernet II, Src: 00:11:22:33:44:55, Dst: 66:77:88:99:aa:bb  [eth 0:0-14]
    Destination: 66:77:88:99:aa:bb  [eth.dst 0:0-6]
    Source: 00:11:22:33:44:55  [eth.src 0:6-12]
    Type: 802.1ad Provider Bridge (0x88a8)  [eth.type 0:12-14]
  802.1Q Virtual LAN, PRI: 0, DEI: 1, ID: 5  [vlan 0:14-18]
    Priority: 0  [vlan.priority 0:14-16]
    DEI: Set  [vlan.dei 0:14-16]
    ID: 5  [vlan.id 0:14-16]
    Type: 802.1Q Virtual LAN (0x8100)  [vlan.etype 0:16-18]
  802.1Q Virtual LAN, PRI: 1, DEI: 0, ID: 200  [vlan 0:18-22]
    Priority: 1  [vlan.priority 0:18-20]
    DEI: Not set  [vlan.dei 0:18-20]
    ID: 200  [vlan.id 0:18-20]
    Type: ARP (0x0806)  [vlan.etype 0:20-22]
  Address Resolution Protocol (request)  [arp 0:22-50]
    Hardware type: Ethernet (1)  [arp.hw.type 0:22-24]
    Protocol type: IPv4 (0x0800)  [arp.proto.type 0:24-26]
    Hardware size: 6  [arp.hw.size 0:26-27]
    Protocol size: 4  [arp.proto.size 0:27-28]
    Opcode: request (1)  [arp.opcode 0:28-30]
    Sender MAC address: 00:11:22:33:44:55  [arp.src.hw_mac 0:30-36]
    Sender IP address: 192.168.1.10  [arp.src.proto_ipv4 0:36-40]
    Target MAC address: 00:00:00:00:00:00  [arp.dst.hw_mac 0:40-46]
    Target IP address: 93.184.216.34  [arp.dst.proto_ipv4 0:46-50]

#7 192.168.1.10 -> 93.184.216.34 icmp | Echo (ping) reply id=0x0001, seq=1
  Frame 7: 54 bytes on wire, 54 bytes captured  [frame 0:0-54]
    Frame Number: 7  [frame.number 0:0-0]
    Epoch Time: 1700000006.006123456  [frame.time_epoch 0:0-0]
    Frame Length: 54  [frame.len 0:0-0]
    Capture Length: 54  [frame.cap_len 0:0-0]
    Encapsulation type: Ethernet (1)  [frame.encap_type 0:0-0]
    Protocols in frame: eth:llc:ip:icmp  [frame.protocols 0:0-0]
  Ethernet II, Src: 00:11:22:33:44:55, Dst: 66:77:88:99:aa:bb  [eth 0:0-14]
    Destination: 66:77:88:99:aa:bb  [eth.dst 0:0-6]
    Source: 00:11:22:33:44:55  [eth.src 0:6-12]
    Length: 40  [eth.len 0:12-14]
  Logical-Link Control (SNAP), OUI 0x000000, PID 0x0800  [llc 0:14-22]
    DSAP: 0xaa  [llc.dsap 0:14-15]
    SSAP: 0xaa  [llc.ssap 0:15-16]
    Control field: 0x03  [llc.control 0:16-17]
    Organization Code: 0x000000  [llc.oui 0:17-20]
    Type: IPv4 (0x0800)  [llc.type 0:20-22]
  Internet Protocol Version 4, Src: 192.168.1.10, Dst: 93.184.216.34  [ip 0:22-42]
    Version: 4  [ip.version 0:22-23]
    Header Length: 20  [ip.hdr_len 0:22-23]
    Differentiated Services Field: 0x00  [ip.dsfield 0:23-24]
      Differentiated Services Codepoint: 0  [ip.dsfield.dscp 0:23-24]
      Explicit Congestion Notification: 0  [ip.dsfield.ecn 0:23-24]
    Total Length: 32  [ip.len 0:24-26]
    Identification: 0x1234 (4660)  [ip.id 0:26-28]
    Flags: 0x2 (Don't fragment)  [ip.flags 0:28-30]
      Reserved bit: Not set  [ip.flags.rb 0:28-30]
      Don't fragment: Set  [ip.flags.df 0:28-30]
      More fragments: Not set  [ip.flags.mf 0:28-30]
    Fragment Offset: 0  [ip.frag_offset 0:28-30]
    Time to Live: 64  [ip.ttl 0:30-31]
    Protocol: ICMP (1)  [ip.proto 0:31-32]
    Header Checksum: 0x311c  [ip.checksum 0:32-34]
    Header checksum status: Good  [ip.checksum.status 0:32-34]
    Source Address: 192.168.1.10  [ip.src 0:34-38]
    Destination Address: 93.184.216.34  [ip.dst 0:38-42]
  Internet Control Message Protocol  [icmp 0:42-54]
    Type: Echo (ping) reply (0)  [icmp.type 0:42-43]
    Code: 0  [icmp.code 0:43-44]
    Checksum: 0x2b1f  [icmp.checksum 0:44-46]
    Checksum Status: Good  [icmp.checksum.status 0:44-46]
    Identifier: 1  [icmp.ident 0:46-48]
    Sequence Number: 1  [icmp.seq 0:48-50]
    Data: 736e6170  [icmp.data 0:50-54]

#8 00:11:22:33:44:55 -> 01:80:c2:00:00:00 llc | LLC DSAP 0x42 SSAP 0x42
  Frame 8: 27 bytes on wire, 27 bytes captured  [frame 0:0-27]
    Frame Number: 8  [frame.number 0:0-0]
    Epoch Time: 1700000007.007123456  [frame.time_epoch 0:0-0]
    Frame Length: 27  [frame.len 0:0-0]
    Capture Length: 27  [frame.cap_len 0:0-0]
    Encapsulation type: Ethernet (1)  [frame.encap_type 0:0-0]
    Protocols in frame: eth:llc:data  [frame.protocols 0:0-0]
  Ethernet II, Src: 00:11:22:33:44:55, Dst: 01:80:c2:00:00:00  [eth 0:0-14]
    Destination: 01:80:c2:00:00:00  [eth.dst 0:0-6]
    Source: 00:11:22:33:44:55  [eth.src 0:6-12]
    Length: 13  [eth.len 0:12-14]
  Logical-Link Control, DSAP 0x42, SSAP 0x42  [llc 0:14-17]
    DSAP: 0x42  [llc.dsap 0:14-15]
    SSAP: 0x42  [llc.ssap 0:15-16]
    Control field: 0x03  [llc.control 0:16-17]
  Data (10 bytes)  [data 0:17-27]
    Data: 00000000000000000000  [data.data 0:17-27]
    Length: 10  [data.len 0:17-27]

#9 00:11:22:33:44:55 -> 66:77:88:99:aa:bb llc | SNAP OUI 0x00000c PID 0x2000
  Frame 9: 26 bytes on wire, 26 bytes captured  [frame 0:0-26]
    Frame Number: 9  [frame.number 0:0-0]
    Epoch Time: 1700000008.008123456  [frame.time_epoch 0:0-0]
    Frame Length: 26  [frame.len 0:0-0]
    Capture Length: 26  [frame.cap_len 0:0-0]
    Encapsulation type: Ethernet (1)  [frame.encap_type 0:0-0]
    Protocols in frame: eth:llc:data  [frame.protocols 0:0-0]
  Ethernet II, Src: 00:11:22:33:44:55, Dst: 66:77:88:99:aa:bb  [eth 0:0-14]
    Destination: 66:77:88:99:aa:bb  [eth.dst 0:0-6]
    Source: 00:11:22:33:44:55  [eth.src 0:6-12]
    Length: 12  [eth.len 0:12-14]
  Logical-Link Control (SNAP), OUI 0x00000c, PID 0x2000  [llc 0:14-22]
    DSAP: 0xaa  [llc.dsap 0:14-15]
    SSAP: 0xaa  [llc.ssap 0:15-16]
    Control field: 0x03  [llc.control 0:16-17]
    Organization Code: 0x00000c  [llc.oui 0:17-20]
    Protocol ID: 0x2000  [llc.pid 0:20-22]
  Data (4 bytes)  [data 0:22-26]
    Data: 01020304  [data.data 0:22-26]
    Length: 4  [data.len 0:22-26]

#10 00:11:22:33:44:55 -> 66:77:88:99:aa:bb llc | LLC DSAP 0x42 SSAP 0x42
  Frame 10: 27 bytes on wire, 27 bytes captured  [frame 0:0-27]
    Frame Number: 10  [frame.number 0:0-0]
    Epoch Time: 1700000009.009123456  [frame.time_epoch 0:0-0]
    Frame Length: 27  [frame.len 0:0-0]
    Capture Length: 27  [frame.cap_len 0:0-0]
    Encapsulation type: Ethernet (1)  [frame.encap_type 0:0-0]
    Protocols in frame: eth:llc:data  [frame.protocols 0:0-0]
  Ethernet II, Src: 00:11:22:33:44:55, Dst: 66:77:88:99:aa:bb  [eth 0:0-14]
    Destination: 66:77:88:99:aa:bb  [eth.dst 0:0-6]
    Source: 00:11:22:33:44:55  [eth.src 0:6-12]
    Length: 5  [eth.len 0:12-14]
  Logical-Link Control, DSAP 0x42, SSAP 0x42  [llc 0:14-17]
    DSAP: 0x42  [llc.dsap 0:14-15]
    SSAP: 0x42  [llc.ssap 0:15-16]
    Control field: 0x03  [llc.control 0:16-17]
  Data (10 bytes)  [data 0:17-27]
    Data: 0000eeeeeeeeeeeeeeee  [data.data 0:17-27]
    Length: 10  [data.len 0:17-27]

#11 00:11:22:33:44:55 -> 66:77:88:99:aa:bb eth | Ethertype 0x88b5
  Frame 11: 18 bytes on wire, 18 bytes captured  [frame 0:0-18]
    Frame Number: 11  [frame.number 0:0-0]
    Epoch Time: 1700000010.010123456  [frame.time_epoch 0:0-0]
    Frame Length: 18  [frame.len 0:0-0]
    Capture Length: 18  [frame.cap_len 0:0-0]
    Encapsulation type: Ethernet (1)  [frame.encap_type 0:0-0]
    Protocols in frame: eth:data  [frame.protocols 0:0-0]
  Ethernet II, Src: 00:11:22:33:44:55, Dst: 66:77:88:99:aa:bb  [eth 0:0-14]
    Destination: 66:77:88:99:aa:bb  [eth.dst 0:0-6]
    Source: 00:11:22:33:44:55  [eth.src 0:6-12]
    Type: Unknown (0x88b5)  [eth.type 0:12-14]
  Data (4 bytes)  [data 0:14-18]
    Data: deadbeef  [data.data 0:14-18]
    Length: 4  [data.len 0:14-18]

#12 00:11:22:33:44:55 -> 66:77:88:99:aa:bb arp | ARP hw type 6, proto 0x0800, opcode 1
  Frame 12: 34 bytes on wire, 34 bytes captured  [frame 0:0-34]
    Frame Number: 12  [frame.number 0:0-0]
    Epoch Time: 1700000011.011123456  [frame.time_epoch 0:0-0]
    Frame Length: 34  [frame.len 0:0-0]
    Capture Length: 34  [frame.cap_len 0:0-0]
    Encapsulation type: Ethernet (1)  [frame.encap_type 0:0-0]
    Protocols in frame: eth:arp  [frame.protocols 0:0-0]
  Ethernet II, Src: 00:11:22:33:44:55, Dst: 66:77:88:99:aa:bb  [eth 0:0-14]
    Destination: 66:77:88:99:aa:bb  [eth.dst 0:0-6]
    Source: 00:11:22:33:44:55  [eth.src 0:6-12]
    Type: ARP (0x0806)  [eth.type 0:12-14]
  Address Resolution Protocol (request)  [arp 0:14-34]
    Hardware type: IEEE 802 (6)  [arp.hw.type 0:14-16]
    Protocol type: IPv4 (0x0800)  [arp.proto.type 0:16-18]
    Hardware size: 2  [arp.hw.size 0:18-19]
    Protocol size: 4  [arp.proto.size 0:19-20]
    Opcode: request (1)  [arp.opcode 0:20-22]
    Sender hardware address: aabb  [arp.src.hw 0:22-24]
    Sender protocol address: 01020304  [arp.src.proto 0:24-28]
    Target hardware address: ccdd  [arp.dst.hw 0:28-30]
    Target protocol address: 05060708  [arp.dst.proto 0:30-34]
