---
source: tests/snapshots.rs
expression: text
---
#1 fe80::211:22ff:fe33:4455 -> 2001:db8::1 icmpv6 | Echo (ping) request id=0x002a, seq=1
  Frame 1: 66 bytes on wire, 66 bytes captured  [frame 0:0-66]
    Frame Number: 1  [frame.number 0:0-0]
    Epoch Time: 1700000000.000123456  [frame.time_epoch 0:0-0]
    Frame Length: 66  [frame.len 0:0-0]
    Capture Length: 66  [frame.cap_len 0:0-0]
    Encapsulation type: Ethernet (1)  [frame.encap_type 0:0-0]
    Protocols in frame: eth:ipv6:icmpv6  [frame.protocols 0:0-0]
  Ethernet II, Src: 00:11:22:33:44:55, Dst: 66:77:88:99:aa:bb  [eth 0:0-14]
    Destination: 66:77:88:99:aa:bb  [eth.dst 0:0-6]
    Source: 00:11:22:33:44:55  [eth.src 0:6-12]
    Type: IPv6 (0x86dd)  [eth.type 0:12-14]
  Internet Protocol Version 6, Src: fe80::211:22ff:fe33:4455, Dst: 2001:db8::1  [ipv6 0:14-66]
    Version: 6  [ipv6.version 0:14-18]
    Traffic Class: 0x00000000  [ipv6.tclass 0:14-18]
    Flow Label: 0x00000000  [ipv6.flow 0:14-18]
    Payload Length: 12  [ipv6.plen 0:18-20]
    Next Header: ICMPv6 (58)  [ipv6.nxt 0:20-21]
    Hop Limit: 64  [ipv6.hlim 0:21-22]
    Source Address: fe80::211:22ff:fe33:4455  [ipv6.src 0:22-38]
    Destination Address: 2001:db8::1  [ipv6.dst 0:38-54]
  Internet Control Message Protocol v6  [icmpv6 0:54-66]
    Type: Echo (ping) request (128)  [icmpv6.type 0:54-55]
    Code: 0  [icmpv6.code 0:55-56]
    Checksum: 0x0ce9  [icmpv6.checksum 0:56-58]
    Checksum Status: Good  [icmpv6.checksum.status 0:56-58]
    Identifier: 42  [icmpv6.echo.identifier 0:58-60]
    Sequence: 1  [icmpv6.echo.sequence_number 0:60-62]
    Data: 70696e67  [icmpv6.data 0:62-66]

#2 fe80::211:22ff:fe33:4455 -> 2001:db8::1 udp | 1234 → 5678 Len=11
  Frame 2: 89 bytes on wire, 89 bytes captured  [frame 0:0-89]
    Frame Number: 2  [frame.number 0:0-0]
    Epoch Time: 1700000001.001123456  [frame.time_epoch 0:0-0]
    Frame Length: 89  [frame.len 0:0-0]
    Capture Length: 89  [frame.cap_len 0:0-0]
    Encapsulation type: Ethernet (1)  [frame.encap_type 0:0-0]
    Protocols in frame: eth:ipv6:udp:data  [frame.protocols 0:0-0]
  Ethernet II, Src: 00:11:22:33:44:55, Dst: 66:77:88:99:aa:bb  [eth 0:0-14]
    Destination: 66:77:88:99:aa:bb  [eth.dst 0:0-6]
    Source: 00:11:22:33:44:55  [eth.src 0:6-12]
    Type: IPv6 (0x86dd)  [eth.type 0:12-14]
  Internet Protocol Version 6, Src: fe80::211:22ff:fe33:4455, Dst: 2001:db8::1  [ipv6 0:14-89]
    Version: 6  [ipv6.version 0:14-18]
    Traffic Class: 0x00000000  [ipv6.tclass 0:14-18]
    Flow Label: 0x00000000  [ipv6.flow 0:14-18]
    Payload Length: 35  [ipv6.plen 0:18-20]
    Next Header: IPv6 Hop-by-Hop Option (0)  [ipv6.nxt 0:20-21]
    Hop Limit: 64  [ipv6.hlim 0:21-22]
    Source Address: fe80::211:22ff:fe33:4455  [ipv6.src 0:22-38]
    Destination Address: 2001:db8::1  [ipv6.dst 0:38-54]
    Hop-by-Hop Options (8 bytes)  [ipv6.hopopts 0:54-62]
      Next Header: IPv6 Destination Option (60)  [ipv6.hopopts.nxt 0:54-55]
      Length: 0  [ipv6.hopopts.len 0:55-56]
      Router Alert: 0  [ipv6.opt 0:56-60]
        Type: Router Alert (5)  [ipv6.opt.type 0:56-57]
        Length: 2  [ipv6.opt.length 0:57-58]
        Router Alert: 0  [ipv6.opt.router_alert 0:58-60]
      PadN (2 bytes)  [ipv6.opt 0:60-62]
        Type: PadN (1)  [ipv6.opt.type 0:60-61]
        Length: 0  [ipv6.opt.length 0:61-62]
    Destination Options (8 bytes)  [ipv6.dstopts 0:62-70]
      Next Header: UDP (17)  [ipv6.dstopts.nxt 0:62-63]
      Length: 0  [ipv6.dstopts.len 0:63-64]
      Option 30 (4 bytes)  [ipv6.opt 0:64-68]
        Type: Unknown (30)  [ipv6.opt.type 0:64-65]
        Length: 2  [ipv6.opt.length 0:65-66]
        Data: aabb  [ipv6.opt.data 0:66-68]
      PadN (2 bytes)  [ipv6.opt 0:68-70]
        Type: PadN (1)  [ipv6.opt.type 0:68-69]
        Length: 0  [ipv6.opt.length 0:69-70]
  User Datagram Protocol, Src Port: 1234, Dst Port: 5678  [udp 0:70-78]
    Source Port: 1234  [udp.srcport 0:70-72]
    Destination Port: 5678  [udp.dstport 0:72-74]
    Stream index: 0  [udp.stream 0:0-0]
    Length: 19  [udp.length 0:74-76]
    Checksum: 0xd51e  [udp.checksum 0:76-78]
    Checksum Status: Good  [udp.checksum.status 0:76-78]
  Data (11 bytes)  [data 0:78-89]
    Data: 6578742068656164657273  [data.data 0:78-89]
    Length: 11  [data.len 0:78-89]

#3 fe80::211:22ff:fe33:4455 -> 2001:db8::1 udp | 1234 → 5678 Len=11
  Frame 3: 97 bytes on wire, 97 bytes captured  [frame 0:0-97]
    Frame Number: 3  [frame.number 0:0-0]
    Epoch Time: 1700000002.002123456  [frame.time_epoch 0:0-0]
    Frame Length: 97  [frame.len 0:0-0]
    Capture Length: 97  [frame.cap_len 0:0-0]
    Encapsulation type: Ethernet (1)  [frame.encap_type 0:0-0]
    Protocols in frame: eth:ipv6:udp:data  [frame.protocols 0:0-0]
  Ethernet II, Src: 00:11:22:33:44:55, Dst: 66:77:88:99:aa:bb  [eth 0:0-14]
    Destination: 66:77:88:99:aa:bb  [eth.dst 0:0-6]
    Source: 00:11:22:33:44:55  [eth.src 0:6-12]
    Type: IPv6 (0x86dd)  [eth.type 0:12-14]
  Internet Protocol Version 6, Src: fe80::211:22ff:fe33:4455, Dst: 2001:db8::1  [ipv6 0:14-97]
    Version: 6  [ipv6.version 0:14-18]
    Traffic Class: 0x00000000  [ipv6.tclass 0:14-18]
    Flow Label: 0x00000000  [ipv6.flow 0:14-18]
    Payload Length: 43  [ipv6.plen 0:18-20]
    Next Header: IPv6 Routing (43)  [ipv6.nxt 0:20-21]
    Hop Limit: 64  [ipv6.hlim 0:21-22]
    Source Address: fe80::211:22ff:fe33:4455  [ipv6.src 0:22-38]
    Destination Address: 2001:db8::1  [ipv6.dst 0:38-54]
    Routing Header, Type 0, Segments Left 1  [ipv6.routing 0:54-78]
      Next Header: UDP (17)  [ipv6.routing.nxt 0:54-55]
      Length: 2  [ipv6.routing.len 0:55-56]
      Type: Source Route (0)  [ipv6.routing.type 0:56-57]
      Segments Left: 1  [ipv6.routing.segleft 0:57-58]
      Type-specific data: 00000000  [ipv6.routing.data 0:58-62]
      Address: 2001:db8::1  [ipv6.routing.addr 0:62-78]
  User Datagram Protocol, Src Port: 1234, Dst Port: 5678  [udp 0:78-86]
    Source Port: 1234  [udp.srcport 0:78-80]
    Destination Port: 5678  [udp.dstport 0:80-82]
    Stream index: 0  [udp.stream 0:0-0]
    Length: 19  [udp.length 0:82-84]
    Checksum: 0xd51e  [udp.checksum 0:84-86]
    Checksum Status: Good  [udp.checksum.status 0:84-86]
  Data (11 bytes)  [data 0:86-97]
    Data: 6578742068656164657273  [data.data 0:86-97]
    Length: 11  [data.len 0:86-97]

#4 fe80::211:22ff:fe33:4455 -> 2001:db8::1 ipv6 | Fragmented IPv6 (proto=UDP 17)
  Frame 4: 70 bytes on wire, 70 bytes captured  [frame 0:0-70]
    Frame Number: 4  [frame.number 0:0-0]
    Epoch Time: 1700000003.003123456  [frame.time_epoch 0:0-0]
    Frame Length: 70  [frame.len 0:0-0]
    Capture Length: 70  [frame.cap_len 0:0-0]
    Encapsulation type: Ethernet (1)  [frame.encap_type 0:0-0]
    Protocols in frame: eth:ipv6:data  [frame.protocols 0:0-0]
  Ethernet II, Src: 00:11:22:33:44:55, Dst: 66:77:88:99:aa:bb  [eth 0:0-14]
    Destination: 66:77:88:99:aa:bb  [eth.dst 0:0-6]
    Source: 00:11:22:33:44:55  [eth.src 0:6-12]
    Type: IPv6 (0x86dd)  [eth.type 0:12-14]
  Internet Protocol Version 6, Src: fe80::211:22ff:fe33:4455, Dst: 2001:db8::1  [ipv6 0:14-70]
    Version: 6  [ipv6.version 0:14-18]
    Traffic Class: 0x00000000  [ipv6.tclass 0:14-18]
    Flow Label: 0x00000000  [ipv6.flow 0:14-18]
    Payload Length: 16  [ipv6.plen 0:18-20]
    Next Header: IPv6 Fragment (44)  [ipv6.nxt 0:20-21]
    Hop Limit: 64  [ipv6.hlim 0:21-22]
    Source Address: fe80::211:22ff:fe33:4455  [ipv6.src 0:22-38]
    Destination Address: 2001:db8::1  [ipv6.dst 0:38-54]
    Fragment Header, offset 0, more yes, ID 0xdeadbeef  [ipv6.fraghdr 0:54-62]
      Next header: UDP (17)  [ipv6.fraghdr.nxt 0:54-55]
      Reserved octet: 0x00  [ipv6.fraghdr.reserved_octet 0:55-56]
      Offset: 0  [ipv6.fraghdr.offset 0:56-58]
      Reserved bits: 0  [ipv6.fraghdr.reserved_bits 0:56-58]
      More Fragments: Set  [ipv6.fraghdr.more 0:56-58]
      Identification: 0xdeadbeef  [ipv6.fraghdr.ident 0:58-62]
  Data (8 bytes)  [data 0:62-70]
    Data: 04d2162e0013d51e  [data.data 0:62-70]
    Length: 8  [data.len 0:62-70]

#5 fe80::211:22ff:fe33:4455 -> 2001:db8::1 udp | 1234 → 5678 Len=11
  Frame 5: 81 bytes on wire, 81 bytes captured  [frame 0:0-81]
    Frame Number: 5  [frame.number 0:0-0]
    Epoch Time: 1700000004.004123456  [frame.time_epoch 0:0-0]
    Frame Length: 81  [frame.len 0:0-0]
    Capture Length: 81  [frame.cap_len 0:0-0]
    Encapsulation type: Ethernet (1)  [frame.encap_type 0:0-0]
    Protocols in frame: eth:ipv6:udp:data  [frame.protocols 0:0-0]
  Ethernet II, Src: 00:11:22:33:44:55, Dst: 66:77:88:99:aa:bb  [eth 0:0-14]
    Destination: 66:77:88:99:aa:bb  [eth.dst 0:0-6]
    Source: 00:11:22:33:44:55  [eth.src 0:6-12]
    Type: IPv6 (0x86dd)  [eth.type 0:12-14]
  Internet Protocol Version 6, Src: fe80::211:22ff:fe33:4455, Dst: 2001:db8::1  [ipv6 0:14-81]
    Version: 6  [ipv6.version 0:14-18]
    Traffic Class: 0x00000000  [ipv6.tclass 0:14-18]
    Flow Label: 0x00000000  [ipv6.flow 0:14-18]
    Payload Length: 27  [ipv6.plen 0:18-20]
    Next Header: IPv6 Fragment (44)  [ipv6.nxt 0:20-21]
    Hop Limit: 64  [ipv6.hlim 0:21-22]
    Source Address: fe80::211:22ff:fe33:4455  [ipv6.src 0:22-38]
    Destination Address: 2001:db8::1  [ipv6.dst 0:38-54]
    Fragment Header, offset 0, more no, ID 0xdeadbeef  [ipv6.fraghdr 0:54-62]
      Next header: UDP (17)  [ipv6.fraghdr.nxt 0:54-55]
      Reserved octet: 0x00  [ipv6.fraghdr.reserved_octet 0:55-56]
      Offset: 0  [ipv6.fraghdr.offset 0:56-58]
      Reserved bits: 0  [ipv6.fraghdr.reserved_bits 0:56-58]
      More Fragments: Not set  [ipv6.fraghdr.more 0:56-58]
      Identification: 0xdeadbeef  [ipv6.fraghdr.ident 0:58-62]
  User Datagram Protocol, Src Port: 1234, Dst Port: 5678  [udp 0:62-70]
    Source Port: 1234  [udp.srcport 0:62-64]
    Destination Port: 5678  [udp.dstport 0:64-66]
    Stream index: 0  [udp.stream 0:0-0]
    Length: 19  [udp.length 0:66-68]
    Checksum: 0xd51e  [udp.checksum 0:68-70]
    Checksum Status: Good  [udp.checksum.status 0:68-70]
  Data (11 bytes)  [data 0:70-81]
    Data: 6578742068656164657273  [data.data 0:70-81]
    Length: 11  [data.len 0:70-81]

#6 fe80::211:22ff:fe33:4455 -> 2001:db8::1 icmpv6 | Neighbor Solicitation for 2001:db8::1
  Frame 6: 86 bytes on wire, 86 bytes captured  [frame 0:0-86]
    Frame Number: 6  [frame.number 0:0-0]
    Epoch Time: 1700000005.005123456  [frame.time_epoch 0:0-0]
    Frame Length: 86  [frame.len 0:0-0]
    Capture Length: 86  [frame.cap_len 0:0-0]
    Encapsulation type: Ethernet (1)  [frame.encap_type 0:0-0]
    Protocols in frame: eth:ipv6:icmpv6  [frame.protocols 0:0-0]
  Ethernet II, Src: 00:11:22:33:44:55, Dst: 33:33:ff:00:00:01  [eth 0:0-14]
    Destination: 33:33:ff:00:00:01  [eth.dst 0:0-6]
    Source: 00:11:22:33:44:55  [eth.src 0:6-12]
    Type: IPv6 (0x86dd)  [eth.type 0:12-14]
  Internet Protocol Version 6, Src: fe80::211:22ff:fe33:4455, Dst: 2001:db8::1  [ipv6 0:14-86]
    Version: 6  [ipv6.version 0:14-18]
    Traffic Class: 0x00000000  [ipv6.tclass 0:14-18]
    Flow Label: 0x00000000  [ipv6.flow 0:14-18]
    Payload Length: 32  [ipv6.plen 0:18-20]
    Next Header: ICMPv6 (58)  [ipv6.nxt 0:20-21]
    Hop Limit: 255  [ipv6.hlim 0:21-22]
    Source Address: fe80::211:22ff:fe33:4455  [ipv6.src 0:22-38]
    Destination Address: 2001:db8::1  [ipv6.dst 0:38-54]
  Internet Control Message Protocol v6  [icmpv6 0:54-86]
    Type: Neighbor Solicitation (135)  [icmpv6.type 0:54-55]
    Code: 0  [icmpv6.code 0:55-56]
    Checksum: 0x4f7c  [icmpv6.checksum 0:56-58]
    Checksum Status: Good  [icmpv6.checksum.status 0:56-58]
    Reserved: 0x00000000  [icmpv6.reserved 0:58-62]
    Target Address: 2001:db8::1  [icmpv6.nd.ns.target_address 0:62-78]
    ICMPv6 Option (Source link-layer address: 00:11:22:33:44:55)  [icmpv6.opt 0:78-86]
      Type: Source link-layer address (1)  [icmpv6.opt.type 0:78-79]
      Length: 1  [icmpv6.opt.length 0:79-80]
      Link-layer address: 00:11:22:33:44:55  [icmpv6.opt.linkaddr 0:80-86]

#7 2001:db8::1 -> fe80::211:22ff:fe33:4455 icmpv6 | Neighbor Advertisement 2001:db8::1 is at (sol, ovr)
  Frame 7: 86 bytes on wire, 86 bytes captured  [frame 0:0-86]
    Frame Number: 7  [frame.number 0:0-0]
    Epoch Time: 1700000006.006123456  [frame.time_epoch 0:0-0]
    Frame Length: 86  [frame.len 0:0-0]
    Capture Length: 86  [frame.cap_len 0:0-0]
    Encapsulation type: Ethernet (1)  [frame.encap_type 0:0-0]
    Protocols in frame: eth:ipv6:icmpv6  [frame.protocols 0:0-0]
  Ethernet II, Src: 66:77:88:99:aa:bb, Dst: 00:11:22:33:44:55  [eth 0:0-14]
    Destination: 00:11:22:33:44:55  [eth.dst 0:0-6]
    Source: 66:77:88:99:aa:bb  [eth.src 0:6-12]
    Type: IPv6 (0x86dd)  [eth.type 0:12-14]
  Internet Protocol Version 6, Src: 2001:db8::1, Dst: fe80::211:22ff:fe33:4455  [ipv6 0:14-86]
    Version: 6  [ipv6.version 0:14-18]
    Traffic Class: 0x00000000  [ipv6.tclass 0:14-18]
    Flow Label: 0x00000000  [ipv6.flow 0:14-18]
    Payload Length: 32  [ipv6.plen 0:18-20]
    Next Header: ICMPv6 (58)  [ipv6.nxt 0:20-21]
    Hop Limit: 255  [ipv6.hlim 0:21-22]
    Source Address: 2001:db8::1  [ipv6.src 0:22-38]
    Destination Address: fe80::211:22ff:fe33:4455  [ipv6.dst 0:38-54]
  Internet Control Message Protocol v6  [icmpv6 0:54-86]
    Type: Neighbor Advertisement (136)  [icmpv6.type 0:54-55]
    Code: 0  [icmpv6.code 0:55-56]
    Checksum: 0xba48  [icmpv6.checksum 0:56-58]
    Checksum Status: Good  [icmpv6.checksum.status 0:56-58]
    Flags: 0x00000003  [icmpv6.nd.na.flag 0:58-62]
      Router: Not set  [icmpv6.nd.na.flag.r 0:58-62]
      Solicited: Set  [icmpv6.nd.na.flag.s 0:58-62]
      Override: Set  [icmpv6.nd.na.flag.o 0:58-62]
    Target Address: 2001:db8::1  [icmpv6.nd.na.target_address 0:62-78]
    ICMPv6 Option (Target link-layer address: 66:77:88:99:aa:bb)  [icmpv6.opt 0:78-86]
      Type: Target link-layer address (2)  [icmpv6.opt.type 0:78-79]
      Length: 1  [icmpv6.opt.length 0:79-80]
      Link-layer address: 66:77:88:99:aa:bb  [icmpv6.opt.linkaddr 0:80-86]

#8 2001:db8::1 -> fe80::211:22ff:fe33:4455 icmpv6 | Router Advertisement
  Frame 8: 118 bytes on wire, 118 bytes captured  [frame 0:0-118]
    Frame Number: 8  [frame.number 0:0-0]
    Epoch Time: 1700000007.007123456  [frame.time_epoch 0:0-0]
    Frame Length: 118  [frame.len 0:0-0]
    Capture Length: 118  [frame.cap_len 0:0-0]
    Encapsulation type: Ethernet (1)  [frame.encap_type 0:0-0]
    Protocols in frame: eth:ipv6:icmpv6  [frame.protocols 0:0-0]
  Ethernet II, Src: 66:77:88:99:aa:bb, Dst: 33:33:00:00:00:01  [eth 0:0-14]
    Destination: 33:33:00:00:00:01  [eth.dst 0:0-6]
    Source: 66:77:88:99:aa:bb  [eth.src 0:6-12]
    Type: IPv6 (0x86dd)  [eth.type 0:12-14]
  Internet Protocol Version 6, Src: 2001:db8::1, Dst: fe80::211:22ff:fe33:4455  [ipv6 0:14-118]
    Version: 6  [ipv6.version 0:14-18]
    Traffic Class: 0x00000000  [ipv6.tclass 0:14-18]
    Flow Label: 0x00000000  [ipv6.flow 0:14-18]
    Payload Length: 64  [ipv6.plen 0:18-20]
    Next Header: ICMPv6 (58)  [ipv6.nxt 0:20-21]
    Hop Limit: 255  [ipv6.hlim 0:21-22]
    Source Address: 2001:db8::1  [ipv6.src 0:22-38]
    Destination Address: fe80::211:22ff:fe33:4455  [ipv6.dst 0:38-54]
  Internet Control Message Protocol v6  [icmpv6 0:54-118]
    Type: Router Advertisement (134)  [icmpv6.type 0:54-55]
    Code: 0  [icmpv6.code 0:55-56]
    Checksum: 0xfd3d  [icmpv6.checksum 0:56-58]
    Checksum Status: Good  [icmpv6.checksum.status 0:56-58]
    Cur hop limit: 64  [icmpv6.nd.ra.cur_hop_limit 0:58-59]
    Flags: 0x80  [icmpv6.nd.ra.flag 0:59-60]
      Managed address configuration: Set  [icmpv6.nd.ra.flag.m 0:59-60]
      Other configuration: Not set  [icmpv6.nd.ra.flag.o 0:59-60]
    Router lifetime (s): 1800  [icmpv6.nd.ra.router_lifetime 0:60-62]
    Reachable time (ms): 0  [icmpv6.nd.ra.reachable_time 0:62-66]
    Retrans timer (ms): 0  [icmpv6.nd.ra.retrans_timer 0:66-70]
    ICMPv6 Option (MTU: 1500)  [icmpv6.opt 0:70-78]
      Type: MTU (5)  [icmpv6.opt.type 0:70-71]
      Length: 1  [icmpv6.opt.length 0:71-72]
      MTU: 1500  [icmpv6.opt.mtu 0:74-78]
    ICMPv6 Option (Prefix information: 2001:db8::1/64)  [icmpv6.opt 0:78-110]
      Type: Prefix information (3)  [icmpv6.opt.type 0:78-79]
      Length: 4  [icmpv6.opt.length 0:79-80]
      Prefix Length: 64  [icmpv6.opt.prefix.length 0:80-81]
      Valid Lifetime: 86400  [icmpv6.opt.prefix.valid_lifetime 0:82-86]
      Preferred Lifetime: 14400  [icmpv6.opt.prefix.preferred_lifetime 0:86-90]
      Prefix: 2001:db8::1  [icmpv6.opt.prefix 0:94-110]
    ICMPv6 Option (Source link-layer address: 66:77:88:99:aa:bb)  [icmpv6.opt 0:110-118]
      Type: Source link-layer address (1)  [icmpv6.opt.type 0:110-111]
      Length: 1  [icmpv6.opt.length 0:111-112]
      Link-layer address: 66:77:88:99:aa:bb  [icmpv6.opt.linkaddr 0:112-118]

#9 2001:db8::1 -> fe80::211:22ff:fe33:4455 icmpv6 | Redirect fe80::211:22ff:fe33:4455 to 2001:db8::1
  Frame 9: 118 bytes on wire, 118 bytes captured  [frame 0:0-118]
    Frame Number: 9  [frame.number 0:0-0]
    Epoch Time: 1700000008.008123456  [frame.time_epoch 0:0-0]
    Frame Length: 118  [frame.len 0:0-0]
    Capture Length: 118  [frame.cap_len 0:0-0]
    Encapsulation type: Ethernet (1)  [frame.encap_type 0:0-0]
    Protocols in frame: eth:ipv6:icmpv6  [frame.protocols 0:0-0]
  Ethernet II, Src: 66:77:88:99:aa:bb, Dst: 00:11:22:33:44:55  [eth 0:0-14]
    Destination: 00:11:22:33:44:55  [eth.dst 0:0-6]
    Source: 66:77:88:99:aa:bb  [eth.src 0:6-12]
    Type: IPv6 (0x86dd)  [eth.type 0:12-14]
  Internet Protocol Version 6, Src: 2001:db8::1, Dst: fe80::211:22ff:fe33:4455  [ipv6 0:14-118]
    Version: 6  [ipv6.version 0:14-18]
    Traffic Class: 0x00000000  [ipv6.tclass 0:14-18]
    Flow Label: 0x00000000  [ipv6.flow 0:14-18]
    Payload Length: 64  [ipv6.plen 0:18-20]
    Next Header: ICMPv6 (58)  [ipv6.nxt 0:20-21]
    Hop Limit: 255  [ipv6.hlim 0:21-22]
    Source Address: 2001:db8::1  [ipv6.src 0:22-38]
    Destination Address: fe80::211:22ff:fe33:4455  [ipv6.dst 0:38-54]
  Internet Control Message Protocol v6  [icmpv6 0:54-118]
    Type: Redirect (137)  [icmpv6.type 0:54-55]
    Code: 0  [icmpv6.code 0:55-56]
    Checksum: 0xfa0e  [icmpv6.checksum 0:56-58]
    Checksum Status: Good  [icmpv6.checksum.status 0:56-58]
    Reserved: 0x00000000  [icmpv6.reserved 0:58-62]
    Target Address: 2001:db8::1  [icmpv6.nd.rd.target_address 0:62-78]
    Destination Address: fe80::211:22ff:fe33:4455  [icmpv6.nd.rd.destination_address 0:78-94]
    ICMPv6 Option (type 25, 24 bytes)  [icmpv6.opt 0:94-118]
      Type: Recursive DNS Server (25)  [icmpv6.opt.type 0:94-95]
      Length: 3  [icmpv6.opt.length 0:95-96]
      Data: 000000000e1020010db8000000000000000000000001  [icmpv6.opt.data 0:96-118]

#10 2001:db8::1 -> fe80::211:22ff:fe33:4455 icmpv6 | Packet Too Big (MTU 1280)
  Frame 10: 66 bytes on wire, 66 bytes captured  [frame 0:0-66]
    Frame Number: 10  [frame.number 0:0-0]
    Epoch Time: 1700000009.009123456  [frame.time_epoch 0:0-0]
    Frame Length: 66  [frame.len 0:0-0]
    Capture Length: 66  [frame.cap_len 0:0-0]
    Encapsulation type: Ethernet (1)  [frame.encap_type 0:0-0]
    Protocols in frame: eth:ipv6:icmpv6  [frame.protocols 0:0-0]
  Ethernet II, Src: 66:77:88:99:aa:bb, Dst: 00:11:22:33:44:55  [eth 0:0-14]
    Destination: 00:11:22:33:44:55  [eth.dst 0:0-6]
    Source: 66:77:88:99:aa:bb  [eth.src 0:6-12]
    Type: IPv6 (0x86dd)  [eth.type 0:12-14]
  Internet Protocol Version 6, Src: 2001:db8::1, Dst: fe80::211:22ff:fe33:4455  [ipv6 0:14-66]
    Version: 6  [ipv6.version 0:14-18]
    Traffic Class: 0x00000000  [ipv6.tclass 0:14-18]
    Flow Label: 0x00000000  [ipv6.flow 0:14-18]
    Payload Length: 12  [ipv6.plen 0:18-20]
    Next Header: ICMPv6 (58)  [ipv6.nxt 0:20-21]
    Hop Limit: 64  [ipv6.hlim 0:21-22]
    Source Address: 2001:db8::1  [ipv6.src 0:22-38]
    Destination Address: fe80::211:22ff:fe33:4455  [ipv6.dst 0:38-54]
  Internet Control Message Protocol v6  [icmpv6 0:54-66]
    Type: Packet Too Big (2)  [icmpv6.type 0:54-55]
    Code: 0  [icmpv6.code 0:55-56]
    Checksum: 0x04e5  [icmpv6.checksum 0:56-58]
    Checksum Status: Good  [icmpv6.checksum.status 0:56-58]
    MTU: 1280  [icmpv6.mtu 0:58-62]
    Data: 60000000  [icmpv6.data 0:62-66]

#11 fe80::211:22ff:fe33:4455 -> 2001:db8::1 ipv6 | No next header
  Frame 11: 54 bytes on wire, 54 bytes captured  [frame 0:0-54]
    Frame Number: 11  [frame.number 0:0-0]
    Epoch Time: 1700000010.010123456  [frame.time_epoch 0:0-0]
    Frame Length: 54  [frame.len 0:0-0]
    Capture Length: 54  [frame.cap_len 0:0-0]
    Encapsulation type: Ethernet (1)  [frame.encap_type 0:0-0]
    Protocols in frame: eth:ipv6  [frame.protocols 0:0-0]
  Ethernet II, Src: 00:11:22:33:44:55, Dst: 66:77:88:99:aa:bb  [eth 0:0-14]
    Destination: 66:77:88:99:aa:bb  [eth.dst 0:0-6]
    Source: 00:11:22:33:44:55  [eth.src 0:6-12]
    Type: IPv6 (0x86dd)  [eth.type 0:12-14]
  Internet Protocol Version 6, Src: fe80::211:22ff:fe33:4455, Dst: 2001:db8::1  [ipv6 0:14-54]
    Version: 6  [ipv6.version 0:14-18]
    Traffic Class: 0x00000000  [ipv6.tclass 0:14-18]
    Flow Label: 0x00000000  [ipv6.flow 0:14-18]
    Payload Length: 0  [ipv6.plen 0:18-20]
    Next Header: IPv6 No Next Header (59)  [ipv6.nxt 0:20-21]
    Hop Limit: 64  [ipv6.hlim 0:21-22]
    Source Address: fe80::211:22ff:fe33:4455  [ipv6.src 0:22-38]
    Destination Address: 2001:db8::1  [ipv6.dst 0:38-54]
