---
source: tests/snapshots.rs
expression: text
---
#1 192.168.1.10 -> 93.184.216.34 tls | Client Hello
  Frame 1: 205 bytes on wire, 205 bytes captured  [frame 0:0-205]
    Frame Number: 1  [frame.number 0:0-0]
    Epoch Time: 1700000000.000123456  [frame.time_epoch 0:0-0]
    Frame Length: 205  [frame.len 0:0-0]
    Capture Length: 205  [frame.cap_len 0:0-0]
    Encapsulation type: Ethernet (1)  [frame.encap_type 0:0-0]
    Protocols in frame: eth:ip:tcp:tls  [frame.protocols 0:0-0]
  Ethernet II, Src: 00:11:22:33:44:55, Dst: 66:77:88:99:aa:bb  [eth 0:0-14]
    Destination: 66:77:88:99:aa:bb  [eth.dst 0:0-6]
    Source: 00:11:22:33:44:55  [eth.src 0:6-12]
    Type: IPv4 (0x0800)  [eth.type 0:12-14]
  Internet Protocol Version 4, Src: 192.168.1.10, Dst: 93.184.216.34  [ip 0:14-34]
    Version: 4  [ip.version 0:14-15]
    Header Length: 20  [ip.hdr_len 0:14-15]
    Differentiated Services Field: 0x00  [ip.dsfield 0:15-16]
      Differentiated Services Codepoint: 0  [ip.dsfield.dscp 0:15-16]
      Explicit Congestion Notification: 0  [ip.dsfield.ecn 0:15-16]
    Total Length: 191  [ip.len 0:16-18]
    Identification: 0x1234 (4660)  [ip.id 0:18-20]
    Flags: 0x2 (Don't fragment)  [ip.flags 0:20-22]
      Reserved bit: Not set  [ip.flags.rb 0:20-22]
      Don't fragment: Set  [ip.flags.df 0:20-22]
      More fragments: Not set  [ip.flags.mf 0:20-22]
    Fragment Offset: 0  [ip.frag_offset 0:20-22]
    Time to Live: 64  [ip.ttl 0:22-23]
    Protocol: TCP (6)  [ip.proto 0:23-24]
    Header Checksum: 0x3078  [ip.checksum 0:24-26]
    Header checksum status: Good  [ip.checksum.status 0:24-26]
    Source Address: 192.168.1.10  [ip.src 0:26-30]
    Destination Address: 93.184.216.34  [ip.dst 0:30-34]
  Transmission Control Protocol, Src Port: 53000, Dst Port: 443, Seq: 1, Ack: 1, Len: 151  [tcp 0:34-54]
    Source Port: 53000  [tcp.srcport 0:34-36]
    Destination Port: 443  [tcp.dstport 0:36-38]
    TCP Segment Len: 151  [tcp.len 0:0-0]
    Sequence Number (raw): 1  [tcp.seq 0:38-42]
    Acknowledgment Number (raw): 1  [tcp.ack 0:42-46]
    Header Length: 20  [tcp.hdr_len 0:46-47]
    Flags: 0x018 (PSH, ACK)  [tcp.flags 0:46-48]
      Reserved: Not set  [tcp.flags.res 0:46-48]
      Accurate ECN: Not set  [tcp.flags.ae 0:46-48]
      Congestion Window Reduced: Not set  [tcp.flags.cwr 0:46-48]
      ECN-Echo: Not set  [tcp.flags.ece 0:46-48]
      Urgent: Not set  [tcp.flags.urg 0:46-48]
      Acknowledgment: Set  [tcp.flags.ack 0:46-48]
      Push: Set  [tcp.flags.push 0:46-48]
      Reset: Not set  [tcp.flags.reset 0:46-48]
      Syn: Not set  [tcp.flags.syn 0:46-48]
      Fin: Not set  [tcp.flags.fin 0:46-48]
    Window: 65535  [tcp.window_size_value 0:48-50]
    Checksum: 0x0a2e  [tcp.checksum 0:50-52]
    Checksum Status: Good  [tcp.checksum.status 0:50-52]
    Urgent Pointer: 0  [tcp.urgent_pointer 0:52-54]
  Transport Layer Security  [tls 0:54-205]
    TLS 1.0 Record Layer: Handshake Protocol: Client Hello  [tls.record 0:54-205]
      Content Type: Handshake (22)  [tls.record.content_type 0:54-55]
      Version: TLS 1.0 (0x0301)  [tls.record.version 0:55-57]
      Length: 146  [tls.record.length 0:57-59]
      Handshake Protocol: Client Hello  [tls.handshake 0:59-205]
        Handshake Type: Client Hello (1)  [tls.handshake.type 0:59-60]
        Length: 142  [tls.handshake.length 0:60-63]
        Version: TLS 1.2 (0x0303)  [tls.handshake.version 0:63-65]
        Random: 1111111111111111111111111111111111111111111111111111111111111111  [tls.handshake.random 0:65-97]
        Session ID Length: 32  [tls.handshake.session_id_length 0:97-98]
        Session ID: 5a5a5a5a5a5a5a5a5a5a5a5a5a5a5a5a5a5a5a5a5a5a5a5a5a5a5a5a5a5a5a5a  [tls.handshake.session_id 0:98-130]
        Cipher Suites Length: 12  [tls.handshake.cipher_suites_length 0:130-132]
        Cipher Suites (6 suites)  [tls.handshake.ciphersuites 0:132-144]
          Cipher Suite: TLS_AES_128_GCM_SHA256 (0x1301)  [tls.handshake.ciphersuite 0:132-134]
          Cipher Suite: TLS_AES_256_GCM_SHA384 (0x1302)  [tls.handshake.ciphersuite 0:134-136]
          Cipher Suite: TLS_CHACHA20_POLY1305_SHA256 (0x1303)  [tls.handshake.ciphersuite 0:136-138]
          Cipher Suite: TLS_ECDHE_ECDSA_WITH_AES_128_GCM_SHA256 (0xc02b)  [tls.handshake.ciphersuite 0:138-140]
          Cipher Suite: TLS_ECDHE_RSA_WITH_AES_128_GCM_SHA256 (0xc02f)  [tls.handshake.ciphersuite 0:140-142]
          Cipher Suite: TLS_EMPTY_RENEGOTIATION_INFO_SCSV (0x00ff)  [tls.handshake.ciphersuite 0:142-144]
        Compression Methods Length: 1  [tls.handshake.comp_methods_length 0:144-145]
        Compression Methods  [tls.handshake.comp_methods 0:145-146]
          Compression Method: 0  [tls.handshake.comp_method 0:145-146]
        Extensions Length: 57  [tls.handshake.extensions_length 0:146-148]
        Extension: server_name (len=16) name=example.com  [tls.handshake.extension 0:148-168]
          Type: server_name (0)  [tls.handshake.extension.type 0:148-150]
          Length: 16  [tls.handshake.extension.len 0:150-152]
          Server Name list length: 14  [tls.handshake.extensions_server_name_list_len 0:152-154]
          Server Name Type: 0  [tls.handshake.extensions_server_name_type 0:154-155]
          Server Name length: 11  [tls.handshake.extensions_server_name_len 0:155-157]
          Server Name: example.com  [tls.handshake.extensions_server_name 0:157-168]
        Extension: supported_versions (len=5) TLS 1.3,TLS 1.2  [tls.handshake.extension 0:168-177]
          Type: supported_versions (43)  [tls.handshake.extension.type 0:168-170]
          Length: 5  [tls.handshake.extension.len 0:170-172]
          Supported Versions length: 4  [tls.handshake.extensions.supported_versions_len 0:172-173]
          Supported Version: TLS 1.3 (0x0304)  [tls.handshake.extensions.supported_version 0:173-175]
          Supported Version: TLS 1.2 (0x0303)  [tls.handshake.extensions.supported_version 0:175-177]
        Extension: application_layer_protocol_negotiation (len=14) h2,http/1.1  [tls.handshake.extension 0:177-195]
          Type: application_layer_protocol_negotiation (16)  [tls.handshake.extension.type 0:177-179]
          Length: 14  [tls.handshake.extension.len 0:179-181]
          ALPN Extension Length: 12  [tls.handshake.extensions_alpn_len 0:181-183]
          ALPN string length: 2  [tls.handshake.extensions_alpn_str_len 0:183-184]
          ALPN Next Protocol: h2  [tls.handshake.extensions_alpn_str 0:184-186]
          ALPN string length: 8  [tls.handshake.extensions_alpn_str_len 0:186-187]
          ALPN Next Protocol: http/1.1  [tls.handshake.extensions_alpn_str 0:187-195]
        Extension: supported_groups (len=6)  [tls.handshake.extension 0:195-205]
          Type: supported_groups (10)  [tls.handshake.extension.type 0:195-197]
          Length: 6  [tls.handshake.extension.len 0:197-199]
          Data: 0004001d0017  [tls.handshake.extension.data 0:199-205]

#2 93.184.216.34 -> 192.168.1.10 tls | Server Hello, Change Cipher Spec, Application Data
  Frame 2: 169 bytes on wire, 169 bytes captured  [frame 0:0-169]
    Frame Number: 2  [frame.number 0:0-0]
    Epoch Time: 1700000001.001123456  [frame.time_epoch 0:0-0]
    Frame Length: 169  [frame.len 0:0-0]
    Capture Length: 169  [frame.cap_len 0:0-0]
    Encapsulation type: Ethernet (1)  [frame.encap_type 0:0-0]
    Protocols in frame: eth:ip:tcp:tls  [frame.protocols 0:0-0]
  Ethernet II, Src: 66:77:88:99:aa:bb, Dst: 00:11:22:33:44:55  [eth 0:0-14]
    Destination: 00:11:22:33:44:55  [eth.dst 0:0-6]
    Source: 66:77:88:99:aa:bb  [eth.src 0:6-12]
    Type: IPv4 (0x0800)  [eth.type 0:12-14]
  Internet Protocol Version 4, Src: 93.184.216.34, Dst: 192.168.1.10  [ip 0:14-34]
    Version: 4  [ip.version 0:14-15]
    Header Length: 20  [ip.hdr_len 0:14-15]
    Differentiated Services Field: 0x00  [ip.dsfield 0:15-16]
      Differentiated Services Codepoint: 0  [ip.dsfield.dscp 0:15-16]
      Explicit Congestion Notification: 0  [ip.dsfield.ecn 0:15-16]
    Total Length: 155  [ip.len 0:16-18]
    Identification: 0x1234 (4660)  [ip.id 0:18-20]
    Flags: 0x2 (Don't fragment)  [ip.flags 0:20-22]
      Reserved bit: Not set  [ip.flags.rb 0:20-22]
      Don't fragment: Set  [ip.flags.df 0:20-22]
      More fragments: Not set  [ip.flags.mf 0:20-22]
    Fragment Offset: 0  [ip.frag_offset 0:20-22]
    Time to Live: 64  [ip.ttl 0:22-23]
    Protocol: TCP (6)  [ip.proto 0:23-24]
    Header Checksum: 0x309c  [ip.checksum 0:24-26]
    Header checksum status: Good  [ip.checksum.status 0:24-26]
    Source Address: 93.184.216.34  [ip.src 0:26-30]
    Destination Address: 192.168.1.10  [ip.dst 0:30-34]
  Transmission Control Protocol, Src Port: 443, Dst Port: 53000, Seq: 1, Ack: 200, Len: 115  [tcp 0:34-54]
    Source Port: 443  [tcp.srcport 0:34-36]
    Destination Port: 53000  [tcp.dstport 0:36-38]
    TCP Segment Len: 115  [tcp.len 0:0-0]
    Sequence Number (raw): 1  [tcp.seq 0:38-42]
    Acknowledgment Number (raw): 200  [tcp.ack 0:42-46]
    Header Length: 20  [tcp.hdr_len 0:46-47]
    Flags: 0x018 (PSH, ACK)  [tcp.flags 0:46-48]
      Reserved: Not set  [tcp.flags.res 0:46-48]
      Accurate ECN: Not set  [tcp.flags.ae 0:46-48]
      Congestion Window Reduced: Not set  [tcp.flags.cwr 0:46-48]
      ECN-Echo: Not set  [tcp.flags.ece 0:46-48]
      Urgent: Not set  [tcp.flags.urg 0:46-48]
      Acknowledgment: Set  [tcp.flags.ack 0:46-48]
      Push: Set  [tcp.flags.push 0:46-48]
      Reset: Not set  [tcp.flags.reset 0:46-48]
      Syn: Not set  [tcp.flags.syn 0:46-48]
      Fin: Not set  [tcp.flags.fin 0:46-48]
    Window: 65535  [tcp.window_size_value 0:48-50]
    Checksum: 0x32c7  [tcp.checksum 0:50-52]
    Checksum Status: Good  [tcp.checksum.status 0:50-52]
    Urgent Pointer: 0  [tcp.urgent_pointer 0:52-54]
  Transport Layer Security  [tls 0:54-169]
    TLS 1.2 Record Layer: Handshake Protocol: Server Hello  [tls.record 0:54-118]
      Content Type: Handshake (22)  [tls.record.content_type 0:54-55]
      Version: TLS 1.2 (0x0303)  [tls.record.version 0:55-57]
      Length: 59  [tls.record.length 0:57-59]
      Handshake Protocol: Server Hello  [tls.handshake 0:59-118]
        Handshake Type: Server Hello (2)  [tls.handshake.type 0:59-60]
        Length: 55  [tls.handshake.length 0:60-63]
        Version: TLS 1.2 (0x0303)  [tls.handshake.version 0:63-65]
        Random: 2222222222222222222222222222222222222222222222222222222222222222  [tls.handshake.random 0:65-97]
        Session ID Length: 0  [tls.handshake.session_id_length 0:97-98]
        Cipher Suite: TLS_AES_128_GCM_SHA256 (0x1301)  [tls.handshake.ciphersuite 0:98-100]
        Compression Method: 0  [tls.handshake.comp_method 0:100-101]
        Extensions Length: 15  [tls.handshake.extensions_length 0:101-103]
        Extension: supported_versions (len=2) TLS 1.3  [tls.handshake.extension 0:103-109]
          Type: supported_versions (43)  [tls.handshake.extension.type 0:103-105]
          Length: 2  [tls.handshake.extension.len 0:105-107]
          Supported Version: TLS 1.3 (0x0304)  [tls.handshake.extensions.supported_version 0:107-109]
        Extension: key_share (len=5)  [tls.handshake.extension 0:109-118]
          Type: key_share (51)  [tls.handshake.extension.type 0:109-111]
          Length: 5  [tls.handshake.extension.len 0:111-113]
          Data: 001d000142  [tls.handshake.extension.data 0:113-118]
    TLS 1.2 Record Layer: Change Cipher Spec Protocol: Change Cipher Spec  [tls.record 0:118-124]
      Content Type: Change Cipher Spec (20)  [tls.record.content_type 0:118-119]
      Version: TLS 1.2 (0x0303)  [tls.record.version 0:119-121]
      Length: 1  [tls.record.length 0:121-123]
      Change Cipher Spec Message  [tls.change_cipher_spec 0:123-124]
    TLS 1.2 Record Layer: Application Data Protocol: Application Data  [tls.record 0:124-169]
      Content Type: Application Data (23)  [tls.record.content_type 0:124-125]
      Version: TLS 1.2 (0x0303)  [tls.record.version 0:125-127]
      Length: 40  [tls.record.length 0:127-129]
      Encrypted Application Data: 99999999999999999999999999999999999999999999999999999999999999999999999999999999  [tls.app_data 0:129-169]

#3 192.168.1.10 -> 93.184.216.34 tls | Alert (Close Notify)
  Frame 3: 61 bytes on wire, 61 bytes captured  [frame 0:0-61]
    Frame Number: 3  [frame.number 0:0-0]
    Epoch Time: 1700000002.002123456  [frame.time_epoch 0:0-0]
    Frame Length: 61  [frame.len 0:0-0]
    Capture Length: 61  [frame.cap_len 0:0-0]
    Encapsulation type: Ethernet (1)  [frame.encap_type 0:0-0]
    Protocols in frame: eth:ip:tcp:tls  [frame.protocols 0:0-0]
  Ethernet II, Src: 00:11:22:33:44:55, Dst: 66:77:88:99:aa:bb  [eth 0:0-14]
    Destination: 66:77:88:99:aa:bb  [eth.dst 0:0-6]
    Source: 00:11:22:33:44:55  [eth.src 0:6-12]
    Type: IPv4 (0x0800)  [eth.type 0:12-14]
  Internet Protocol Version 4, Src: 192.168.1.10, Dst: 93.184.216.34  [ip 0:14-34]
    Version: 4  [ip.version 0:14-15]
    Header Length: 20  [ip.hdr_len 0:14-15]
    Differentiated Services Field: 0x00  [ip.dsfield 0:15-16]
      Differentiated Services Codepoint: 0  [ip.dsfield.dscp 0:15-16]
      Explicit Congestion Notification: 0  [ip.dsfield.ecn 0:15-16]
    Total Length: 47  [ip.len 0:16-18]
    Identification: 0x1234 (4660)  [ip.id 0:18-20]
    Flags: 0x2 (Don't fragment)  [ip.flags 0:20-22]
      Reserved bit: Not set  [ip.flags.rb 0:20-22]
      Don't fragment: Set  [ip.flags.df 0:20-22]
      More fragments: Not set  [ip.flags.mf 0:20-22]
    Fragment Offset: 0  [ip.frag_offset 0:20-22]
    Time to Live: 64  [ip.ttl 0:22-23]
    Protocol: TCP (6)  [ip.proto 0:23-24]
    Header Checksum: 0x3108  [ip.checksum 0:24-26]
    Header checksum status: Good  [ip.checksum.status 0:24-26]
    Source Address: 192.168.1.10  [ip.src 0:26-30]
    Destination Address: 93.184.216.34  [ip.dst 0:30-34]
  Transmission Control Protocol, Src Port: 53000, Dst Port: 443, Seq: 200, Ack: 300, Len: 7  [tcp 0:34-54]
    Source Port: 53000  [tcp.srcport 0:34-36]
    Destination Port: 443  [tcp.dstport 0:36-38]
    TCP Segment Len: 7  [tcp.len 0:0-0]
    Sequence Number (raw): 200  [tcp.seq 0:38-42]
    Acknowledgment Number (raw): 300  [tcp.ack 0:42-46]
    Header Length: 20  [tcp.hdr_len 0:46-47]
    Flags: 0x018 (PSH, ACK)  [tcp.flags 0:46-48]
      Reserved: Not set  [tcp.flags.res 0:46-48]
      Accurate ECN: Not set  [tcp.flags.ae 0:46-48]
      Congestion Window Reduced: Not set  [tcp.flags.cwr 0:46-48]
      ECN-Echo: Not set  [tcp.flags.ece 0:46-48]
      Urgent: Not set  [tcp.flags.urg 0:46-48]
      Acknowledgment: Set  [tcp.flags.ack 0:46-48]
      Push: Set  [tcp.flags.push 0:46-48]
      Reset: Not set  [tcp.flags.reset 0:46-48]
      Syn: Not set  [tcp.flags.syn 0:46-48]
      Fin: Not set  [tcp.flags.fin 0:46-48]
    Window: 65535  [tcp.window_size_value 0:48-50]
    Checksum: 0xcb7c  [tcp.checksum 0:50-52]
    Checksum Status: Good  [tcp.checksum.status 0:50-52]
    Urgent Pointer: 0  [tcp.urgent_pointer 0:52-54]
  Transport Layer Security  [tls 0:54-61]
    TLS 1.2 Record Layer: Alert Protocol: Alert (Close Notify)  [tls.record 0:54-61]
      Content Type: Alert (21)  [tls.record.content_type 0:54-55]
      Version: TLS 1.2 (0x0303)  [tls.record.version 0:55-57]
      Length: 2  [tls.record.length 0:57-59]
      Alert (Close Notify)  [tls.alert_message 0:59-61]
        Level: Warning (1)  [tls.alert_message.level 0:59-60]
        Description: Close Notify (0)  [tls.alert_message.desc 0:60-61]

#4 93.184.216.34 -> 192.168.1.10 tls | Certificate, Encrypted Handshake Message
  Frame 4: 94 bytes on wire, 94 bytes captured  [frame 0:0-94]
    Frame Number: 4  [frame.number 0:0-0]
    Epoch Time: 1700000003.003123456  [frame.time_epoch 0:0-0]
    Frame Length: 94  [frame.len 0:0-0]
    Capture Length: 94  [frame.cap_len 0:0-0]
    Encapsulation type: Ethernet (1)  [frame.encap_type 0:0-0]
    Protocols in frame: eth:ip:tcp:tls  [frame.protocols 0:0-0]
  Ethernet II, Src: 66:77:88:99:aa:bb, Dst: 00:11:22:33:44:55  [eth 0:0-14]
    Destination: 00:11:22:33:44:55  [eth.dst 0:0-6]
    Source: 66:77:88:99:aa:bb  [eth.src 0:6-12]
    Type: IPv4 (0x0800)  [eth.type 0:12-14]
  Internet Protocol Version 4, Src: 93.184.216.34, Dst: 192.168.1.10  [ip 0:14-34]
    Version: 4  [ip.version 0:14-15]
    Header Length: 20  [ip.hdr_len 0:14-15]
    Differentiated Services Field: 0x00  [ip.dsfield 0:15-16]
      Differentiated Services Codepoint: 0  [ip.dsfield.dscp 0:15-16]
      Explicit Congestion Notification: 0  [ip.dsfield.ecn 0:15-16]
    Total Length: 80  [ip.len 0:16-18]
    Identification: 0x1234 (4660)  [ip.id 0:18-20]
    Flags: 0x2 (Don't fragment)  [ip.flags 0:20-22]
      Reserved bit: Not set  [ip.flags.rb 0:20-22]
      Don't fragment: Set  [ip.flags.df 0:20-22]
      More fragments: Not set  [ip.flags.mf 0:20-22]
    Fragment Offset: 0  [ip.frag_offset 0:20-22]
    Time to Live: 64  [ip.ttl 0:22-23]
    Protocol: TCP (6)  [ip.proto 0:23-24]
    Header Checksum: 0x30e7  [ip.checksum 0:24-26]
    Header checksum status: Good  [ip.checksum.status 0:24-26]
    Source Address: 93.184.216.34  [ip.src 0:26-30]
    Destination Address: 192.168.1.10  [ip.dst 0:30-34]
  Transmission Control Protocol, Src Port: 443, Dst Port: 53000, Seq: 300, Ack: 210, Len: 40  [tcp 0:34-54]
    Source Port: 443  [tcp.srcport 0:34-36]
    Destination Port: 53000  [tcp.dstport 0:36-38]
    TCP Segment Len: 40  [tcp.len 0:0-0]
    Sequence Number (raw): 300  [tcp.seq 0:38-42]
    Acknowledgment Number (raw): 210  [tcp.ack 0:42-46]
    Header Length: 20  [tcp.hdr_len 0:46-47]
    Flags: 0x018 (PSH, ACK)  [tcp.flags 0:46-48]
      Reserved: Not set  [tcp.flags.res 0:46-48]
      Accurate ECN: Not set  [tcp.flags.ae 0:46-48]
      Congestion Window Reduced: Not set  [tcp.flags.cwr 0:46-48]
      ECN-Echo: Not set  [tcp.flags.ece 0:46-48]
      Urgent: Not set  [tcp.flags.urg 0:46-48]
      Acknowledgment: Set  [tcp.flags.ack 0:46-48]
      Push: Set  [tcp.flags.push 0:46-48]
      Reset: Not set  [tcp.flags.reset 0:46-48]
      Syn: Not set  [tcp.flags.syn 0:46-48]
      Fin: Not set  [tcp.flags.fin 0:46-48]
    Window: 65535  [tcp.window_size_value 0:48-50]
    Checksum: 0xd390  [tcp.checksum 0:50-52]
    Checksum Status: Good  [tcp.checksum.status 0:50-52]
    Urgent Pointer: 0  [tcp.urgent_pointer 0:52-54]
  Transport Layer Security  [tls 0:54-94]
    TLS 1.2 Record Layer: Handshake Protocol: Certificate  [tls.record 0:54-73]
      Content Type: Handshake (22)  [tls.record.content_type 0:54-55]
      Version: TLS 1.2 (0x0303)  [tls.record.version 0:55-57]
      Length: 14  [tls.record.length 0:57-59]
      Handshake Protocol: Certificate  [tls.handshake 0:59-73]
        Handshake Type: Certificate (11)  [tls.handshake.type 0:59-60]
        Length: 10  [tls.handshake.length 0:60-63]
        Certificates Length: 7  [tls.handshake.certificates_length 0:63-66]
        Certificate Length: 4  [tls.handshake.certificate_length 0:66-69]
        Certificate: 30820102  [tls.handshake.certificate 0:69-73]
    TLS 1.2 Record Layer: Handshake Protocol: Encrypted Handshake Message  [tls.record 0:73-94]
      Content Type: Handshake (22)  [tls.record.content_type 0:73-74]
      Version: TLS 1.2 (0x0303)  [tls.record.version 0:74-76]
      Length: 16  [tls.record.length 0:76-78]
      Encrypted handshake data: aaaaaaaaaaaaaaaaaaaaaaaa  [tls.handshake.encrypted 0:82-94]

#5 93.184.216.34 -> 192.168.1.10 tls | Application Data [fragment]
  Frame 5: 89 bytes on wire, 89 bytes captured  [frame 0:0-89]
    Frame Number: 5  [frame.number 0:0-0]
    Epoch Time: 1700000004.004123456  [frame.time_epoch 0:0-0]
    Frame Length: 89  [frame.len 0:0-0]
    Capture Length: 89  [frame.cap_len 0:0-0]
    Encapsulation type: Ethernet (1)  [frame.encap_type 0:0-0]
    Protocols in frame: eth:ip:tcp:tls  [frame.protocols 0:0-0]
  Ethernet II, Src: 66:77:88:99:aa:bb, Dst: 00:11:22:33:44:55  [eth 0:0-14]
    Destination: 00:11:22:33:44:55  [eth.dst 0:0-6]
    Source: 66:77:88:99:aa:bb  [eth.src 0:6-12]
    Type: IPv4 (0x0800)  [eth.type 0:12-14]
  Internet Protocol Version 4, Src: 93.184.216.34, Dst: 192.168.1.10  [ip 0:14-34]
    Version: 4  [ip.version 0:14-15]
    Header Length: 20  [ip.hdr_len 0:14-15]
    Differentiated Services Field: 0x00  [ip.dsfield 0:15-16]
      Differentiated Services Codepoint: 0  [ip.dsfield.dscp 0:15-16]
      Explicit Congestion Notification: 0  [ip.dsfield.ecn 0:15-16]
    Total Length: 75  [ip.len 0:16-18]
    Identification: 0x1234 (4660)  [ip.id 0:18-20]
    Flags: 0x2 (Don't fragment)  [ip.flags 0:20-22]
      Reserved bit: Not set  [ip.flags.rb 0:20-22]
      Don't fragment: Set  [ip.flags.df 0:20-22]
      More fragments: Not set  [ip.flags.mf 0:20-22]
    Fragment Offset: 0  [ip.frag_offset 0:20-22]
    Time to Live: 64  [ip.ttl 0:22-23]
    Protocol: TCP (6)  [ip.proto 0:23-24]
    Header Checksum: 0x30ec  [ip.checksum 0:24-26]
    Header checksum status: Good  [ip.checksum.status 0:24-26]
    Source Address: 93.184.216.34  [ip.src 0:26-30]
    Destination Address: 192.168.1.10  [ip.dst 0:30-34]
  Transmission Control Protocol, Src Port: 443, Dst Port: 53000, Seq: 400, Ack: 210, Len: 35  [tcp 0:34-54]
    Source Port: 443  [tcp.srcport 0:34-36]
    Destination Port: 53000  [tcp.dstport 0:36-38]
    TCP Segment Len: 35  [tcp.len 0:0-0]
    Sequence Number (raw): 400  [tcp.seq 0:38-42]
    Acknowledgment Number (raw): 210  [tcp.ack 0:42-46]
    Header Length: 20  [tcp.hdr_len 0:46-47]
    Flags: 0x010 (ACK)  [tcp.flags 0:46-48]
      Reserved: Not set  [tcp.flags.res 0:46-48]
      Accurate ECN: Not set  [tcp.flags.ae 0:46-48]
      Congestion Window Reduced: Not set  [tcp.flags.cwr 0:46-48]
      ECN-Echo: Not set  [tcp.flags.ece 0:46-48]
      Urgent: Not set  [tcp.flags.urg 0:46-48]
      Acknowledgment: Set  [tcp.flags.ack 0:46-48]
      Push: Not set  [tcp.flags.push 0:46-48]
      Reset: Not set  [tcp.flags.reset 0:46-48]
      Syn: Not set  [tcp.flags.syn 0:46-48]
      Fin: Not set  [tcp.flags.fin 0:46-48]
    Window: 65535  [tcp.window_size_value 0:48-50]
    Checksum: 0xe2f7  [tcp.checksum 0:50-52]
    Checksum Status: Good  [tcp.checksum.status 0:50-52]
    Urgent Pointer: 0  [tcp.urgent_pointer 0:52-54]
  Transport Layer Security  [tls 0:54-89]
    TLS 1.2: Application Data Protocol (fragment, 30 of 1000 bytes)  [tls.record 0:54-89]
      Content Type: Application Data (23)  [tls.record.content_type 0:54-55]
      Version: TLS 1.2 (0x0303)  [tls.record.version 0:55-57]
      Length: 1000  [tls.record.length 0:57-59]
      Continuation Data: 000000000000000000000000000000000000000000000000000000000000  [tls.continuation_data 0:59-89]

#6 192.168.1.10 -> 93.184.216.34 tls | Continuation Data
  Frame 6: 68 bytes on wire, 68 bytes captured  [frame 0:0-68]
    Frame Number: 6  [frame.number 0:0-0]
    Epoch Time: 1700000005.005123456  [frame.time_epoch 0:0-0]
    Frame Length: 68  [frame.len 0:0-0]
    Capture Length: 68  [frame.cap_len 0:0-0]
    Encapsulation type: Ethernet (1)  [frame.encap_type 0:0-0]
    Protocols in frame: eth:ip:tcp:tls  [frame.protocols 0:0-0]
  Ethernet II, Src: 00:11:22:33:44:55, Dst: 66:77:88:99:aa:bb  [eth 0:0-14]
    Destination: 66:77:88:99:aa:bb  [eth.dst 0:0-6]
    Source: 00:11:22:33:44:55  [eth.src 0:6-12]
    Type: IPv4 (0x0800)  [eth.type 0:12-14]
  Internet Protocol Version 4, Src: 192.168.1.10, Dst: 93.184.216.34  [ip 0:14-34]
    Version: 4  [ip.version 0:14-15]
    Header Length: 20  [ip.hdr_len 0:14-15]
    Differentiated Services Field: 0x00  [ip.dsfield 0:15-16]
      Differentiated Services Codepoint: 0  [ip.dsfield.dscp 0:15-16]
      Explicit Congestion Notification: 0  [ip.dsfield.ecn 0:15-16]
    Total Length: 54  [ip.len 0:16-18]
    Identification: 0x1234 (4660)  [ip.id 0:18-20]
    Flags: 0x2 (Don't fragment)  [ip.flags 0:20-22]
      Reserved bit: Not set  [ip.flags.rb 0:20-22]
      Don't fragment: Set  [ip.flags.df 0:20-22]
      More fragments: Not set  [ip.flags.mf 0:20-22]
    Fragment Offset: 0  [ip.frag_offset 0:20-22]
    Time to Live: 64  [ip.ttl 0:22-23]
    Protocol: TCP (6)  [ip.proto 0:23-24]
    Header Checksum: 0x3101  [ip.checksum 0:24-26]
    Header checksum status: Good  [ip.checksum.status 0:24-26]
    Source Address: 192.168.1.10  [ip.src 0:26-30]
    Destination Address: 93.184.216.34  [ip.dst 0:30-34]
  Transmission Control Protocol, Src Port: 53000, Dst Port: 443, Seq: 500, Ack: 500, Len: 14  [tcp 0:34-54]
    Source Port: 53000  [tcp.srcport 0:34-36]
    Destination Port: 443  [tcp.dstport 0:36-38]
    TCP Segment Len: 14  [tcp.len 0:0-0]
    Sequence Number (raw): 500  [tcp.seq 0:38-42]
    Acknowledgment Number (raw): 500  [tcp.ack 0:42-46]
    Header Length: 20  [tcp.hdr_len 0:46-47]
    Flags: 0x018 (PSH, ACK)  [tcp.flags 0:46-48]
      Reserved: Not set  [tcp.flags.res 0:46-48]
      Accurate ECN: Not set  [tcp.flags.ae 0:46-48]
      Congestion Window Reduced: Not set  [tcp.flags.cwr 0:46-48]
      ECN-Echo: Not set  [tcp.flags.ece 0:46-48]
      Urgent: Not set  [tcp.flags.urg 0:46-48]
      Acknowledgment: Set  [tcp.flags.ack 0:46-48]
      Push: Set  [tcp.flags.push 0:46-48]
      Reset: Not set  [tcp.flags.reset 0:46-48]
      Syn: Not set  [tcp.flags.syn 0:46-48]
      Fin: Not set  [tcp.flags.fin 0:46-48]
    Window: 65535  [tcp.window_size_value 0:48-50]
    Checksum: 0x2b27  [tcp.checksum 0:50-52]
    Checksum Status: Good  [tcp.checksum.status 0:50-52]
    Urgent Pointer: 0  [tcp.urgent_pointer 0:52-54]
  Transport Layer Security  [tls 0:54-68]
    Continuation Data: 6e6f7420746c7320617420616c6c  [tls.continuation_data 0:54-68]
