---
source: tests/snapshots.rs
expression: text
---
#1 192.168.1.10 -> 93.184.216.34 tcp | 40000 → 80 [SYN] Seq=1000 Ack=0 Win=65535 Len=0
  Frame 1: 54 bytes on wire, 54 bytes captured  [frame 0:0-54]
    Frame Number: 1  [frame.number 0:0-0]
    Epoch Time: 1700000000.000123456  [frame.time_epoch 0:0-0]
    Frame Length: 54  [frame.len 0:0-0]
    Capture Length: 54  [frame.cap_len 0:0-0]
    Encapsulation type: Ethernet (1)  [frame.encap_type 0:0-0]
    Protocols in frame: eth:ip:tcp  [frame.protocols 0:0-0]
  Ethernet II, Src: 00:11:22:33:44:55, Dst: 66:77:88:99:aa:bb  [eth 0:0-14]
    Destination: 66:77:88:99:aa:bb  [eth.dst 0:0-6]
    Source: 00:11:22:33:44:55  [eth.src 0:6-12]
    Type: IPv4 (0x0800)  [eth.type 0:12-14]
  Internet Protocol Version 4, Src: 192.168.1.10, Dst: 93.184.216.34  [ip 0:14-34]
    Version: 4  [ip.version 0:14-15]
    Header Length: 20  [ip.hdr_len 0:14-15]
    Differentiated Services Field: 0x00  [ip.dsfield 0:15-16]
      Differentiated Services Codepoint: 0  [ip.dsfield.dscp 0:15-16]
      Explicit Congestion Notification: 0  [ip.dsfield.ecn 0:15-16]
    Total Length: 40  [ip.len 0:16-18]
    Identification: 0x1234 (4660)  [ip.id 0:18-20]
    Flags: 0x2 (Don't fragment)  [ip.flags 0:20-22]
      Reserved bit: Not set  [ip.flags.rb 0:20-22]
      Don't fragment: Set  [ip.flags.df 0:20-22]
      More fragments: Not set  [ip.flags.mf 0:20-22]
    Fragment Offset: 0  [ip.frag_offset 0:20-22]
    Time to Live: 64  [ip.ttl 0:22-23]
    Protocol: TCP (6)  [ip.proto 0:23-24]
    Header Checksum: 0x310f  [ip.checksum 0:24-26]
    Header checksum status: Good  [ip.checksum.status 0:24-26]
    Source Address: 192.168.1.10  [ip.src 0:26-30]
    Destination Address: 93.184.216.34  [ip.dst 0:30-34]
  Transmission Control Protocol, Src Port: 40000, Dst Port: 80, Seq: 1000, Ack: 0, Len: 0  [tcp 0:34-54]
    Source Port: 40000  [tcp.srcport 0:34-36]
    Destination Port: 80  [tcp.dstport 0:36-38]
    Stream index: 0  [tcp.stream 0:0-0]
    TCP Segment Len: 0  [tcp.len 0:0-0]
    Sequence Number (raw): 1000  [tcp.seq 0:38-42]
    Acknowledgment Number (raw): 0  [tcp.ack 0:42-46]
    Header Length: 20  [tcp.hdr_len 0:46-47]
    Flags: 0x002 (SYN)  [tcp.flags 0:46-48]
      Reserved: Not set  [tcp.flags.res 0:46-48]
      Accurate ECN: Not set  [tcp.flags.ae 0:46-48]
      Congestion Window Reduced: Not set  [tcp.flags.cwr 0:46-48]
      ECN-Echo: Not set  [tcp.flags.ece 0:46-48]
      Urgent: Not set  [tcp.flags.urg 0:46-48]
      Acknowledgment: Not set  [tcp.flags.ack 0:46-48]
      Push: Not set  [tcp.flags.push 0:46-48]
      Reset: Not set  [tcp.flags.reset 0:46-48]
      Syn: Set  [tcp.flags.syn 0:46-48]
      Fin: Not set  [tcp.flags.fin 0:46-48]
    Window: 65535  [tcp.window_size_value 0:48-50]
    Checksum: 0x17dd  [tcp.checksum 0:50-52]
    Checksum Status: Good  [tcp.checksum.status 0:50-52]
    Urgent Pointer: 0  [tcp.urgent_pointer 0:52-54]

#2 93.184.216.34 -> 192.168.1.10 tcp | 80 → 40000 [SYN, ACK] Seq=5000 Ack=1001 Win=65535 Len=0
  Frame 2: 54 bytes on wire, 54 bytes captured  [frame 0:0-54]
    Frame Number: 2  [frame.number 0:0-0]
    Epoch Time: 1700000001.001123456  [frame.time_epoch 0:0-0]
    Frame Length: 54  [frame.len 0:0-0]
    Capture Length: 54  [frame.cap_len 0:0-0]
    Encapsulation type: Ethernet (1)  [frame.encap_type 0:0-0]
    Protocols in frame: eth:ip:tcp  [frame.protocols 0:0-0]
  Ethernet II, Src: 66:77:88:99:aa:bb, Dst: 00:11:22:33:44:55  [eth 0:0-14]
    Destination: 00:11:22:33:44:55  [eth.dst 0:0-6]
    Source: 66:77:88:99:aa:bb  [eth.src 0:6-12]
    Type: IPv4 (0x0800)  [eth.type 0:12-14]
  Internet Protocol Version 4, Src: 93.184.216.34, Dst: 192.168.1.10  [ip 0:14-34]
    Version: 4  [ip.version 0:14-15]
    Header Length: 20  [ip.hdr_len 0:14-15]
    Differentiated Services Field: 0x00  [ip.dsfield 0:15-16]
      Differentiated Services Codepoint: 0  [ip.dsfield.dscp 0:15-16]
      Explicit Congestion Notification: 0  [ip.dsfield.ecn 0:15-16]
    Total Length: 40  [ip.len 0:16-18]
    Identification: 0x1234 (4660)  [ip.id 0:18-20]
    Flags: 0x2 (Don't fragment)  [ip.flags 0:20-22]
      Reserved bit: Not set  [ip.flags.rb 0:20-22]
      Don't fragment: Set  [ip.flags.df 0:20-22]
      More fragments: Not set  [ip.flags.mf 0:20-22]
    Fragment Offset: 0  [ip.frag_offset 0:20-22]
    Time to Live: 64  [ip.ttl 0:22-23]
    Protocol: TCP (6)  [ip.proto 0:23-24]
    Header Checksum: 0x310f  [ip.checksum 0:24-26]
    Header checksum status: Good  [ip.checksum.status 0:24-26]
    Source Address: 93.184.216.34  [ip.src 0:26-30]
    Destination Address: 192.168.1.10  [ip.dst 0:30-34]
  Transmission Control Protocol, Src Port: 80, Dst Port: 40000, Seq: 5000, Ack: 1001, Len: 0  [tcp 0:34-54]
    Source Port: 80  [tcp.srcport 0:34-36]
    Destination Port: 40000  [tcp.dstport 0:36-38]
    Stream index: 0  [tcp.stream 0:0-0]
    TCP Segment Len: 0  [tcp.len 0:0-0]
    Sequence Number (raw): 5000  [tcp.seq 0:38-42]
    Acknowledgment Number (raw): 1001  [tcp.ack 0:42-46]
    Header Length: 20  [tcp.hdr_len 0:46-47]
    Flags: 0x012 (SYN, ACK)  [tcp.flags 0:46-48]
      Reserved: Not set  [tcp.flags.res 0:46-48]
      Accurate ECN: Not set  [tcp.flags.ae 0:46-48]
      Congestion Window Reduced: Not set  [tcp.flags.cwr 0:46-48]
      ECN-Echo: Not set  [tcp.flags.ece 0:46-48]
      Urgent: Not set  [tcp.flags.urg 0:46-48]
      Acknowledgment: Set  [tcp.flags.ack 0:46-48]
      Push: Not set  [tcp.flags.push 0:46-48]
      Reset: Not set  [tcp.flags.reset 0:46-48]
      Syn: Set  [tcp.flags.syn 0:46-48]
      Fin: Not set  [tcp.flags.fin 0:46-48]
    Window: 65535  [tcp.window_size_value 0:48-50]
    Checksum: 0x0444  [tcp.checksum 0:50-52]
    Checksum Status: Good  [tcp.checksum.status 0:50-52]
    Urgent Pointer: 0  [tcp.urgent_pointer 0:52-54]

#3 192.168.1.10 -> 93.184.216.34 tcp | 40000 → 80 [ACK] Seq=1001 Ack=5001 Win=65535 Len=0
  Frame 3: 54 bytes on wire, 54 bytes captured  [frame 0:0-54]
    Frame Number: 3  [frame.number 0:0-0]
    Epoch Time: 1700000002.002123456  [frame.time_epoch 0:0-0]
    Frame Length: 54  [frame.len 0:0-0]
    Capture Length: 54  [frame.cap_len 0:0-0]
    Encapsulation type: Ethernet (1)  [frame.encap_type 0:0-0]
    Protocols in frame: eth:ip:tcp  [frame.protocols 0:0-0]
  Ethernet II, Src: 00:11:22:33:44:55, Dst: 66:77:88:99:aa:bb  [eth 0:0-14]
    Destination: 66:77:88:99:aa:bb  [eth.dst 0:0-6]
    Source: 00:11:22:33:44:55  [eth.src 0:6-12]
    Type: IPv4 (0x0800)  [eth.type 0:12-14]
  Internet Protocol Version 4, Src: 192.168.1.10, Dst: 93.184.216.34  [ip 0:14-34]
    Version: 4  [ip.version 0:14-15]
    Header Length: 20  [ip.hdr_len 0:14-15]
    Differentiated Services Field: 0x00  [ip.dsfield 0:15-16]
      Differentiated Services Codepoint: 0  [ip.dsfield.dscp 0:15-16]
      Explicit Congestion Notification: 0  [ip.dsfield.ecn 0:15-16]
    Total Length: 40  [ip.len 0:16-18]
    Identification: 0x1234 (4660)  [ip.id 0:18-20]
    Flags: 0x2 (Don't fragment)  [ip.flags 0:20-22]
      Reserved bit: Not set  [ip.flags.rb 0:20-22]
      Don't fragment: Set  [ip.flags.df 0:20-22]
      More fragments: Not set  [ip.flags.mf 0:20-22]
    Fragment Offset: 0  [ip.frag_offset 0:20-22]
    Time to Live: 64  [ip.ttl 0:22-23]
    Protocol: TCP (6)  [ip.proto 0:23-24]
    Header Checksum: 0x310f  [ip.checksum 0:24-26]
    Header checksum status: Good  [ip.checksum.status 0:24-26]
    Source Address: 192.168.1.10  [ip.src 0:26-30]
    Destination Address: 93.184.216.34  [ip.dst 0:30-34]
  Transmission Control Protocol, Src Port: 40000, Dst Port: 80, Seq: 1001, Ack: 5001, Len: 0  [tcp 0:34-54]
    Source Port: 40000  [tcp.srcport 0:34-36]
    Destination Port: 80  [tcp.dstport 0:36-38]
    Stream index: 0  [tcp.stream 0:0-0]
    TCP Segment Len: 0  [tcp.len 0:0-0]
    Sequence Number (raw): 1001  [tcp.seq 0:38-42]
    Acknowledgment Number (raw): 5001  [tcp.ack 0:42-46]
    Header Length: 20  [tcp.hdr_len 0:46-47]
    Flags: 0x010 (ACK)  [tcp.flags 0:46-48]
      Reserved: Not set  [tcp.flags.res 0:46-48]
      Accurate ECN: Not set  [tcp.flags.ae 0:46-48]
      Congestion Window Reduced: Not set  [tcp.flags.cwr 0:46-48]
      ECN-Echo: Not set  [tcp.flags.ece 0:46-48]
      Urgent: Not set  [tcp.flags.urg 0:46-48]
      Acknowledgment: Set  [tcp.flags.ack 0:46-48]
      Push: Not set  [tcp.flags.push 0:46-48]
      Reset: Not set  [tcp.flags.reset 0:46-48]
      Syn: Not set  [tcp.flags.syn 0:46-48]
      Fin: Not set  [tcp.flags.fin 0:46-48]
    Window: 65535  [tcp.window_size_value 0:48-50]
    Checksum: 0x0445  [tcp.checksum 0:50-52]
    Checksum Status: Good  [tcp.checksum.status 0:50-52]
    Urgent Pointer: 0  [tcp.urgent_pointer 0:52-54]

#4 192.168.1.10 -> 93.184.216.34 http | Continuation
  Frame 4: 57 bytes on wire, 57 bytes captured  [frame 0:0-57]
    Frame Number: 4  [frame.number 0:0-0]
    Epoch Time: 1700000003.003123456  [frame.time_epoch 0:0-0]
    Frame Length: 57  [frame.len 0:0-0]
    Capture Length: 57  [frame.cap_len 0:0-0]
    Encapsulation type: Ethernet (1)  [frame.encap_type 0:0-0]
    Protocols in frame: eth:ip:tcp:http  [frame.protocols 0:0-0]
  Ethernet II, Src: 00:11:22:33:44:55, Dst: 66:77:88:99:aa:bb  [eth 0:0-14]
    Destination: 66:77:88:99:aa:bb  [eth.dst 0:0-6]
    Source: 00:11:22:33:44:55  [eth.src 0:6-12]
    Type: IPv4 (0x0800)  [eth.type 0:12-14]
  Internet Protocol Version 4, Src: 192.168.1.10, Dst: 93.184.216.34  [ip 0:14-34]
    Version: 4  [ip.version 0:14-15]
    Header Length: 20  [ip.hdr_len 0:14-15]
    Differentiated Services Field: 0x00  [ip.dsfield 0:15-16]
      Differentiated Services Codepoint: 0  [ip.dsfield.dscp 0:15-16]
      Explicit Congestion Notification: 0  [ip.dsfield.ecn 0:15-16]
    Total Length: 43  [ip.len 0:16-18]
    Identification: 0x1234 (4660)  [ip.id 0:18-20]
    Flags: 0x2 (Don't fragment)  [ip.flags 0:20-22]
      Reserved bit: Not set  [ip.flags.rb 0:20-22]
      Don't fragment: Set  [ip.flags.df 0:20-22]
      More fragments: Not set  [ip.flags.mf 0:20-22]
    Fragment Offset: 0  [ip.frag_offset 0:20-22]
    Time to Live: 64  [ip.ttl 0:22-23]
    Protocol: TCP (6)  [ip.proto 0:23-24]
    Header Checksum: 0x310c  [ip.checksum 0:24-26]
    Header checksum status: Good  [ip.checksum.status 0:24-26]
    Source Address: 192.168.1.10  [ip.src 0:26-30]
    Destination Address: 93.184.216.34  [ip.dst 0:30-34]
  Transmission Control Protocol, Src Port: 40000, Dst Port: 80, Seq: 1001, Ack: 5001, Len: 3  [tcp 0:34-54]
    Source Port: 40000  [tcp.srcport 0:34-36]
    Destination Port: 80  [tcp.dstport 0:36-38]
    Stream index: 0  [tcp.stream 0:0-0]
    TCP Segment Len: 3  [tcp.len 0:0-0]
    Sequence Number (raw): 1001  [tcp.seq 0:38-42]
    Acknowledgment Number (raw): 5001  [tcp.ack 0:42-46]
    Header Length: 20  [tcp.hdr_len 0:46-47]
    Flags: 0x018 (PSH, ACK)  [tcp.flags 0:46-48]
      Reserved: Not set  [tcp.flags.res 0:46-48]
      Accurate ECN: Not set  [tcp.flags.ae 0:46-48]
      Congestion Window Reduced: Not set  [tcp.flags.cwr 0:46-48]
      ECN-Echo: Not set  [tcp.flags.ece 0:46-48]
      Urgent: Not set  [tcp.flags.urg 0:46-48]
      Acknowledgment: Set  [tcp.flags.ack 0:46-48]
      Push: Set  [tcp.flags.push 0:46-48]
      Reset: Not set  [tcp.flags.reset 0:46-48]
      Syn: Not set  [tcp.flags.syn 0:46-48]
      Fin: Not set  [tcp.flags.fin 0:46-48]
    Window: 65535  [tcp.window_size_value 0:48-50]
    Checksum: 0x2fcb  [tcp.checksum 0:50-52]
    Checksum Status: Good  [tcp.checksum.status 0:50-52]
    Urgent Pointer: 0  [tcp.urgent_pointer 0:52-54]
    [SEQ/ACK analysis]  [tcp.analysis 0:34-34]
      Bytes in flight: 3  [tcp.analysis.bytes_in_flight 0:0-0]
  Hypertext Transfer Protocol (continuation)  [http 0:54-57]
    File Data: 6f6e65  [http.file_data 0:54-57]

#5 93.184.216.34 -> 192.168.1.10 http | Continuation
  Frame 5: 63 bytes on wire, 63 bytes captured  [frame 0:0-63]
    Frame Number: 5  [frame.number 0:0-0]
    Epoch Time: 1700000004.004123456  [frame.time_epoch 0:0-0]
    Frame Length: 63  [frame.len 0:0-0]
    Capture Length: 63  [frame.cap_len 0:0-0]
    Encapsulation type: Ethernet (1)  [frame.encap_type 0:0-0]
    Protocols in frame: eth:ip:tcp:http  [frame.protocols 0:0-0]
  Ethernet II, Src: 66:77:88:99:aa:bb, Dst: 00:11:22:33:44:55  [eth 0:0-14]
    Destination: 00:11:22:33:44:55  [eth.dst 0:0-6]
    Source: 66:77:88:99:aa:bb  [eth.src 0:6-12]
    Type: IPv4 (0x0800)  [eth.type 0:12-14]
  Internet Protocol Version 4, Src: 93.184.216.34, Dst: 192.168.1.10  [ip 0:14-34]
    Version: 4  [ip.version 0:14-15]
    Header Length: 20  [ip.hdr_len 0:14-15]
    Differentiated Services Field: 0x00  [ip.dsfield 0:15-16]
      Differentiated Services Codepoint: 0  [ip.dsfield.dscp 0:15-16]
      Explicit Congestion Notification: 0  [ip.dsfield.ecn 0:15-16]
    Total Length: 49  [ip.len 0:16-18]
    Identification: 0x1234 (4660)  [ip.id 0:18-20]
    Flags: 0x2 (Don't fragment)  [ip.flags 0:20-22]
      Reserved bit: Not set  [ip.flags.rb 0:20-22]
      Don't fragment: Set  [ip.flags.df 0:20-22]
      More fragments: Not set  [ip.flags.mf 0:20-22]
    Fragment Offset: 0  [ip.frag_offset 0:20-22]
    Time to Live: 64  [ip.ttl 0:22-23]
    Protocol: TCP (6)  [ip.proto 0:23-24]
    Header Checksum: 0x3106  [ip.checksum 0:24-26]
    Header checksum status: Good  [ip.checksum.status 0:24-26]
    Source Address: 93.184.216.34  [ip.src 0:26-30]
    Destination Address: 192.168.1.10  [ip.dst 0:30-34]
  Transmission Control Protocol, Src Port: 80, Dst Port: 40000, Seq: 5001, Ack: 1004, Len: 9  [tcp 0:34-54]
    Source Port: 80  [tcp.srcport 0:34-36]
    Destination Port: 40000  [tcp.dstport 0:36-38]
    Stream index: 0  [tcp.stream 0:0-0]
    TCP Segment Len: 9  [tcp.len 0:0-0]
    Sequence Number (raw): 5001  [tcp.seq 0:38-42]
    Acknowledgment Number (raw): 1004  [tcp.ack 0:42-46]
    Header Length: 20  [tcp.hdr_len 0:46-47]
    Flags: 0x018 (PSH, ACK)  [tcp.flags 0:46-48]
      Reserved: Not set  [tcp.flags.res 0:46-48]
      Accurate ECN: Not set  [tcp.flags.ae 0:46-48]
      Congestion Window Reduced: Not set  [tcp.flags.cwr 0:46-48]
      ECN-Echo: Not set  [tcp.flags.ece 0:46-48]
      Urgent: Not set  [tcp.flags.urg 0:46-48]
      Acknowledgment: Set  [tcp.flags.ack 0:46-48]
      Push: Set  [tcp.flags.push 0:46-48]
      Reset: Not set  [tcp.flags.reset 0:46-48]
      Syn: Not set  [tcp.flags.syn 0:46-48]
      Fin: Not set  [tcp.flags.fin 0:46-48]
    Window: 65535  [tcp.window_size_value 0:48-50]
    Checksum: 0xd3cf  [tcp.checksum 0:50-52]
    Checksum Status: Good  [tcp.checksum.status 0:50-52]
    Urgent Pointer: 0  [tcp.urgent_pointer 0:52-54]
    [SEQ/ACK analysis]  [tcp.analysis 0:34-34]
      Bytes in flight: 9  [tcp.analysis.bytes_in_flight 0:0-0]
  Hypertext Transfer Protocol (continuation)  [http 0:54-63]
    File Data: 7265706c79206f6e65  [http.file_data 0:54-63]

#6 192.168.1.10 -> 93.184.216.34 tcp | 40001 → 80 [SYN] Seq=2000 Ack=0 Win=65535 Len=0
  Frame 6: 54 bytes on wire, 54 bytes captured  [frame 0:0-54]
    Frame Number: 6  [frame.number 0:0-0]
    Epoch Time: 1700000005.005123456  [frame.time_epoch 0:0-0]
    Frame Length: 54  [frame.len 0:0-0]
    Capture Length: 54  [frame.cap_len 0:0-0]
    Encapsulation type: Ethernet (1)  [frame.encap_type 0:0-0]
    Protocols in frame: eth:ip:tcp  [frame.protocols 0:0-0]
  Ethernet II, Src: 00:11:22:33:44:55, Dst: 66:77:88:99:aa:bb  [eth 0:0-14]
    Destination: 66:77:88:99:aa:bb  [eth.dst 0:0-6]
    Source: 00:11:22:33:44:55  [eth.src 0:6-12]
    Type: IPv4 (0x0800)  [eth.type 0:12-14]
  Internet Protocol Version 4, Src: 192.168.1.10, Dst: 93.184.216.34  [ip 0:14-34]
    Version: 4  [ip.version 0:14-15]
    Header Length: 20  [ip.hdr_len 0:14-15]
    Differentiated Services Field: 0x00  [ip.dsfield 0:15-16]
      Differentiated Services Codepoint: 0  [ip.dsfield.dscp 0:15-16]
      Explicit Congestion Notification: 0  [ip.dsfield.ecn 0:15-16]
    Total Length: 40  [ip.len 0:16-18]
    Identification: 0x1234 (4660)  [ip.id 0:18-20]
    Flags: 0x2 (Don't fragment)  [ip.flags 0:20-22]
      Reserved bit: Not set  [ip.flags.rb 0:20-22]
      Don't fragment: Set  [ip.flags.df 0:20-22]
      More fragments: Not set  [ip.flags.mf 0:20-22]
    Fragment Offset: 0  [ip.frag_offset 0:20-22]
    Time to Live: 64  [ip.ttl 0:22-23]
    Protocol: TCP (6)  [ip.proto 0:23-24]
    Header Checksum: 0x310f  [ip.checksum 0:24-26]
    Header checksum status: Good  [ip.checksum.status 0:24-26]
    Source Address: 192.168.1.10  [ip.src 0:26-30]
    Destination Address: 93.184.216.34  [ip.dst 0:30-34]
  Transmission Control Protocol, Src Port: 40001, Dst Port: 80, Seq: 2000, Ack: 0, Len: 0  [tcp 0:34-54]
    Source Port: 40001  [tcp.srcport 0:34-36]
    Destination Port: 80  [tcp.dstport 0:36-38]
    Stream index: 1  [tcp.stream 0:0-0]
    TCP Segment Len: 0  [tcp.len 0:0-0]
    Sequence Number (raw): 2000  [tcp.seq 0:38-42]
    Acknowledgment Number (raw): 0  [tcp.ack 0:42-46]
    Header Length: 20  [tcp.hdr_len 0:46-47]
    Flags: 0x002 (SYN)  [tcp.flags 0:46-48]
      Reserved: Not set  [tcp.flags.res 0:46-48]
      Accurate ECN: Not set  [tcp.flags.ae 0:46-48]
      Congestion Window Reduced: Not set  [tcp.flags.cwr 0:46-48]
      ECN-Echo: Not set  [tcp.flags.ece 0:46-48]
      Urgent: Not set  [tcp.flags.urg 0:46-48]
      Acknowledgment: Not set  [tcp.flags.ack 0:46-48]
      Push: Not set  [tcp.flags.push 0:46-48]
      Reset: Not set  [tcp.flags.reset 0:46-48]
      Syn: Set  [tcp.flags.syn 0:46-48]
      Fin: Not set  [tcp.flags.fin 0:46-48]
    Window: 65535  [tcp.window_size_value 0:48-50]
    Checksum: 0x13f4  [tcp.checksum 0:50-52]
    Checksum Status: Good  [tcp.checksum.status 0:50-52]
    Urgent Pointer: 0  [tcp.urgent_pointer 0:52-54]

#7 93.184.216.34 -> 192.168.1.10 tcp | 80 → 40001 [SYN, ACK] Seq=6000 Ack=2001 Win=65535 Len=0
  Frame 7: 54 bytes on wire, 54 bytes captured  [frame 0:0-54]
    Frame Number: 7  [frame.number 0:0-0]
    Epoch Time: 1700000006.006123456  [frame.time_epoch 0:0-0]
    Frame Length: 54  [frame.len 0:0-0]
    Capture Length: 54  [frame.cap_len 0:0-0]
    Encapsulation type: Ethernet (1)  [frame.encap_type 0:0-0]
    Protocols in frame: eth:ip:tcp  [frame.protocols 0:0-0]
  Ethernet II, Src: 66:77:88:99:aa:bb, Dst: 00:11:22:33:44:55  [eth 0:0-14]
    Destination: 00:11:22:33:44:55  [eth.dst 0:0-6]
    Source: 66:77:88:99:aa:bb  [eth.src 0:6-12]
    Type: IPv4 (0x0800)  [eth.type 0:12-14]
  Internet Protocol Version 4, Src: 93.184.216.34, Dst: 192.168.1.10  [ip 0:14-34]
    Version: 4  [ip.version 0:14-15]
    Header Length: 20  [ip.hdr_len 0:14-15]
    Differentiated Services Field: 0x00  [ip.dsfield 0:15-16]
      Differentiated Services Codepoint: 0  [ip.dsfield.dscp 0:15-16]
      Explicit Congestion Notification: 0  [ip.dsfield.ecn 0:15-16]
    Total Length: 40  [ip.len 0:16-18]
    Identification: 0x1234 (4660)  [ip.id 0:18-20]
    Flags: 0x2 (Don't fragment)  [ip.flags 0:20-22]
      Reserved bit: Not set  [ip.flags.rb 0:20-22]
      Don't fragment: Set  [ip.flags.df 0:20-22]
      More fragments: Not set  [ip.flags.mf 0:20-22]
    Fragment Offset: 0  [ip.frag_offset 0:20-22]
    Time to Live: 64  [ip.ttl 0:22-23]
    Protocol: TCP (6)  [ip.proto 0:23-24]
    Header Checksum: 0x310f  [ip.checksum 0:24-26]
    Header checksum status: Good  [ip.checksum.status 0:24-26]
    Source Address: 93.184.216.34  [ip.src 0:26-30]
    Destination Address: 192.168.1.10  [ip.dst 0:30-34]
  Transmission Control Protocol, Src Port: 80, Dst Port: 40001, Seq: 6000, Ack: 2001, Len: 0  [tcp 0:34-54]
    Source Port: 80  [tcp.srcport 0:34-36]
    Destination Port: 40001  [tcp.dstport 0:36-38]
    Stream index: 1  [tcp.stream 0:0-0]
    TCP Segment Len: 0  [tcp.len 0:0-0]
    Sequence Number (raw): 6000  [tcp.seq 0:38-42]
    Acknowledgment Number (raw): 2001  [tcp.ack 0:42-46]
    Header Length: 20  [tcp.hdr_len 0:46-47]
    Flags: 0x012 (SYN, ACK)  [tcp.flags 0:46-48]
      Reserved: Not set  [tcp.flags.res 0:46-48]
      Accurate ECN: Not set  [tcp.flags.ae 0:46-48]
      Congestion Window Reduced: Not set  [tcp.flags.cwr 0:46-48]
      ECN-Echo: Not set  [tcp.flags.ece 0:46-48]
      Urgent: Not set  [tcp.flags.urg 0:46-48]
      Acknowledgment: Set  [tcp.flags.ack 0:46-48]
      Push: Not set  [tcp.flags.push 0:46-48]
      Reset: Not set  [tcp.flags.reset 0:46-48]
      Syn: Set  [tcp.flags.syn 0:46-48]
      Fin: Not set  [tcp.flags.fin 0:46-48]
    Window: 65535  [tcp.window_size_value 0:48-50]
    Checksum: 0xfc72  [tcp.checksum 0:50-52]
    Checksum Status: Good  [tcp.checksum.status 0:50-52]
    Urgent Pointer: 0  [tcp.urgent_pointer 0:52-54]

#8 192.168.1.10 -> 93.184.216.34 http | Continuation
  Frame 8: 57 bytes on wire, 57 bytes captured  [frame 0:0-57]
    Frame Number: 8  [frame.number 0:0-0]
    Epoch Time: 1700000007.007123456  [frame.time_epoch 0:0-0]
    Frame Length: 57  [frame.len 0:0-0]
    Capture Length: 57  [frame.cap_len 0:0-0]
    Encapsulation type: Ethernet (1)  [frame.encap_type 0:0-0]
    Protocols in frame: eth:ip:tcp:http  [frame.protocols 0:0-0]
  Ethernet II, Src: 00:11:22:33:44:55, Dst: 66:77:88:99:aa:bb  [eth 0:0-14]
    Destination: 66:77:88:99:aa:bb  [eth.dst 0:0-6]
    Source: 00:11:22:33:44:55  [eth.src 0:6-12]
    Type: IPv4 (0x0800)  [eth.type 0:12-14]
  Internet Protocol Version 4, Src: 192.168.1.10, Dst: 93.184.216.34  [ip 0:14-34]
    Version: 4  [ip.version 0:14-15]
    Header Length: 20  [ip.hdr_len 0:14-15]
    Differentiated Services Field: 0x00  [ip.dsfield 0:15-16]
      Differentiated Services Codepoint: 0  [ip.dsfield.dscp 0:15-16]
      Explicit Congestion Notification: 0  [ip.dsfield.ecn 0:15-16]
    Total Length: 43  [ip.len 0:16-18]
    Identification: 0x1234 (4660)  [ip.id 0:18-20]
    Flags: 0x2 (Don't fragment)  [ip.flags 0:20-22]
      Reserved bit: Not set  [ip.flags.rb 0:20-22]
      Don't fragment: Set  [ip.flags.df 0:20-22]
      More fragments: Not set  [ip.flags.mf 0:20-22]
    Fragment Offset: 0  [ip.frag_offset 0:20-22]
    Time to Live: 64  [ip.ttl 0:22-23]
    Protocol: TCP (6)  [ip.proto 0:23-24]
    Header Checksum: 0x310c  [ip.checksum 0:24-26]
    Header checksum status: Good  [ip.checksum.status 0:24-26]
    Source Address: 192.168.1.10  [ip.src 0:26-30]
    Destination Address: 93.184.216.34  [ip.dst 0:30-34]
  Transmission Control Protocol, Src Port: 40001, Dst Port: 80, Seq: 2001, Ack: 6001, Len: 3  [tcp 0:34-54]
    Source Port: 40001  [tcp.srcport 0:34-36]
    Destination Port: 80  [tcp.dstport 0:36-38]
    Stream index: 1  [tcp.stream 0:0-0]
    TCP Segment Len: 3  [tcp.len 0:0-0]
    Sequence Number (raw): 2001  [tcp.seq 0:38-42]
    Acknowledgment Number (raw): 6001  [tcp.ack 0:42-46]
    Header Length: 20  [tcp.hdr_len 0:46-47]
    Flags: 0x018 (PSH, ACK)  [tcp.flags 0:46-48]
      Reserved: Not set  [tcp.flags.res 0:46-48]
      Accurate ECN: Not set  [tcp.flags.ae 0:46-48]
      Congestion Window Reduced: Not set  [tcp.flags.cwr 0:46-48]
      ECN-Echo: Not set  [tcp.flags.ece 0:46-48]
      Urgent: Not set  [tcp.flags.urg 0:46-48]
      Acknowledgment: Set  [tcp.flags.ack 0:46-48]
      Push: Set  [tcp.flags.push 0:46-48]
      Reset: Not set  [tcp.flags.reset 0:46-48]
      Syn: Not set  [tcp.flags.syn 0:46-48]
      Fin: Not set  [tcp.flags.fin 0:46-48]
    Window: 65535  [tcp.window_size_value 0:48-50]
    Checksum: 0x18f1  [tcp.checksum 0:50-52]
    Checksum Status: Good  [tcp.checksum.status 0:50-52]
    Urgent Pointer: 0  [tcp.urgent_pointer 0:52-54]
    [SEQ/ACK analysis]  [tcp.analysis 0:34-34]
      Bytes in flight: 3  [tcp.analysis.bytes_in_flight 0:0-0]
  Hypertext Transfer Protocol (continuation)  [http 0:54-57]
    File Data: 74776f  [http.file_data 0:54-57]

#9 192.168.1.10 -> 93.184.216.34 tcp | 40000 → 80 [FIN, ACK] Seq=1004 Ack=5010 Win=65535 Len=0
  Frame 9: 54 bytes on wire, 54 bytes captured  [frame 0:0-54]
    Frame Number: 9  [frame.number 0:0-0]
    Epoch Time: 1700000008.008123456  [frame.time_epoch 0:0-0]
    Frame Length: 54  [frame.len 0:0-0]
    Capture Length: 54  [frame.cap_len 0:0-0]
    Encapsulation type: Ethernet (1)  [frame.encap_type 0:0-0]
    Protocols in frame: eth:ip:tcp  [frame.protocols 0:0-0]
  Ethernet II, Src: 00:11:22:33:44:55, Dst: 66:77:88:99:aa:bb  [eth 0:0-14]
    Destination: 66:77:88:99:aa:bb  [eth.dst 0:0-6]
    Source: 00:11:22:33:44:55  [eth.src 0:6-12]
    Type: IPv4 (0x0800)  [eth.type 0:12-14]
  Internet Protocol Version 4, Src: 192.168.1.10, Dst: 93.184.216.34  [ip 0:14-34]
    Version: 4  [ip.version 0:14-15]
    Header Length: 20  [ip.hdr_len 0:14-15]
    Differentiated Services Field: 0x00  [ip.dsfield 0:15-16]
      Differentiated Services Codepoint: 0  [ip.dsfield.dscp 0:15-16]
      Explicit Congestion Notification: 0  [ip.dsfield.ecn 0:15-16]
    Total Length: 40  [ip.len 0:16-18]
    Identification: 0x1234 (4660)  [ip.id 0:18-20]
    Flags: 0x2 (Don't fragment)  [ip.flags 0:20-22]
      Reserved bit: Not set  [ip.flags.rb 0:20-22]
      Don't fragment: Set  [ip.flags.df 0:20-22]
      More fragments: Not set  [ip.flags.mf 0:20-22]
    Fragment Offset: 0  [ip.frag_offset 0:20-22]
    Time to Live: 64  [ip.ttl 0:22-23]
    Protocol: TCP (6)  [ip.proto 0:23-24]
    Header Checksum: 0x310f  [ip.checksum 0:24-26]
    Header checksum status: Good  [ip.checksum.status 0:24-26]
    Source Address: 192.168.1.10  [ip.src 0:26-30]
    Destination Address: 93.184.216.34  [ip.dst 0:30-34]
  Transmission Control Protocol, Src Port: 40000, Dst Port: 80, Seq: 1004, Ack: 5010, Len: 0  [tcp 0:34-54]
    Source Port: 40000  [tcp.srcport 0:34-36]
    Destination Port: 80  [tcp.dstport 0:36-38]
    Stream index: 0  [tcp.stream 0:0-0]
    TCP Segment Len: 0  [tcp.len 0:0-0]
    Sequence Number (raw): 1004  [tcp.seq 0:38-42]
    Acknowledgment Number (raw): 5010  [tcp.ack 0:42-46]
    Header Length: 20  [tcp.hdr_len 0:46-47]
    Flags: 0x011 (FIN, ACK)  [tcp.flags 0:46-48]
      Reserved: Not set  [tcp.flags.res 0:46-48]
      Accurate ECN: Not set  [tcp.flags.ae 0:46-48]
      Congestion Window Reduced: Not set  [tcp.flags.cwr 0:46-48]
      ECN-Echo: Not set  [tcp.flags.ece 0:46-48]
      Urgent: Not set  [tcp.flags.urg 0:46-48]
      Acknowledgment: Set  [tcp.flags.ack 0:46-48]
      Push: Not set  [tcp.flags.push 0:46-48]
      Reset: Not set  [tcp.flags.reset 0:46-48]
      Syn: Not set  [tcp.flags.syn 0:46-48]
      Fin: Set  [tcp.flags.fin 0:46-48]
    Window: 65535  [tcp.window_size_value 0:48-50]
    Checksum: 0x0438  [tcp.checksum 0:50-52]
    Checksum Status: Good  [tcp.checksum.status 0:50-52]
    Urgent Pointer: 0  [tcp.urgent_pointer 0:52-54]
    [SEQ/ACK analysis]  [tcp.analysis 0:34-34]
      Bytes in flight: 1  [tcp.analysis.bytes_in_flight 0:0-0]

#10 93.184.216.34 -> 192.168.1.10 tcp | 80 → 40000 [FIN, ACK] Seq=5010 Ack=1005 Win=65535 Len=0
  Frame 10: 54 bytes on wire, 54 bytes captured  [frame 0:0-54]
    Frame Number: 10  [frame.number 0:0-0]
    Epoch Time: 1700000009.009123456  [frame.time_epoch 0:0-0]
    Frame Length: 54  [frame.len 0:0-0]
    Capture Length: 54  [frame.cap_len 0:0-0]
    Encapsulation type: Ethernet (1)  [frame.encap_type 0:0-0]
    Protocols in frame: eth:ip:tcp  [frame.protocols 0:0-0]
  Ethernet II, Src: 66:77:88:99:aa:bb, Dst: 00:11:22:33:44:55  [eth 0:0-14]
    Destination: 00:11:22:33:44:55  [eth.dst 0:0-6]
    Source: 66:77:88:99:aa:bb  [eth.src 0:6-12]
    Type: IPv4 (0x0800)  [eth.type 0:12-14]
  Internet Protocol Version 4, Src: 93.184.216.34, Dst: 192.168.1.10  [ip 0:14-34]
    Version: 4  [ip.version 0:14-15]
    Header Length: 20  [ip.hdr_len 0:14-15]
    Differentiated Services Field: 0x00  [ip.dsfield 0:15-16]
      Differentiated Services Codepoint: 0  [ip.dsfield.dscp 0:15-16]
      Explicit Congestion Notification: 0  [ip.dsfield.ecn 0:15-16]
    Total Length: 40  [ip.len 0:16-18]
    Identification: 0x1234 (4660)  [ip.id 0:18-20]
    Flags: 0x2 (Don't fragment)  [ip.flags 0:20-22]
      Reserved bit: Not set  [ip.flags.rb 0:20-22]
      Don't fragment: Set  [ip.flags.df 0:20-22]
      More fragments: Not set  [ip.flags.mf 0:20-22]
    Fragment Offset: 0  [ip.frag_offset 0:20-22]
    Time to Live: 64  [ip.ttl 0:22-23]
    Protocol: TCP (6)  [ip.proto 0:23-24]
    Header Checksum: 0x310f  [ip.checksum 0:24-26]
    Header checksum status: Good  [ip.checksum.status 0:24-26]
    Source Address: 93.184.216.34  [ip.src 0:26-30]
    Destination Address: 192.168.1.10  [ip.dst 0:30-34]
  Transmission Control Protocol, Src Port: 80, Dst Port: 40000, Seq: 5010, Ack: 1005, Len: 0  [tcp 0:34-54]
    Source Port: 80  [tcp.srcport 0:34-36]
    Destination Port: 40000  [tcp.dstport 0:36-38]
    Stream index: 0  [tcp.stream 0:0-0]
    TCP Segment Len: 0  [tcp.len 0:0-0]
    Sequence Number (raw): 5010  [tcp.seq 0:38-42]
    Acknowledgment Number (raw): 1005  [tcp.ack 0:42-46]
    Header Length: 20  [tcp.hdr_len 0:46-47]
    Flags: 0x011 (FIN, ACK)  [tcp.flags 0:46-48]
      Reserved: Not set  [tcp.flags.res 0:46-48]
      Accurate ECN: Not set  [tcp.flags.ae 0:46-48]
      Congestion Window Reduced: Not set  [tcp.flags.cwr 0:46-48]
      ECN-Echo: Not set  [tcp.flags.ece 0:46-48]
      Urgent: Not set  [tcp.flags.urg 0:46-48]
      Acknowledgment: Set  [tcp.flags.ack 0:46-48]
      Push: Not set  [tcp.flags.push 0:46-48]
      Reset: Not set  [tcp.flags.reset 0:46-48]
      Syn: Not set  [tcp.flags.syn 0:46-48]
      Fin: Set  [tcp.flags.fin 0:46-48]
    Window: 65535  [tcp.window_size_value 0:48-50]
    Checksum: 0x0437  [tcp.checksum 0:50-52]
    Checksum Status: Good  [tcp.checksum.status 0:50-52]
    Urgent Pointer: 0  [tcp.urgent_pointer 0:52-54]
    [SEQ/ACK analysis]  [tcp.analysis 0:34-34]
      Bytes in flight: 1  [tcp.analysis.bytes_in_flight 0:0-0]

#11 192.168.1.10 -> 93.184.216.34 tcp | 40000 → 80 [SYN] Seq=3000 Ack=0 Win=65535 Len=0
  Frame 11: 54 bytes on wire, 54 bytes captured  [frame 0:0-54]
    Frame Number: 11  [frame.number 0:0-0]
    Epoch Time: 1700000010.010123456  [frame.time_epoch 0:0-0]
    Frame Length: 54  [frame.len 0:0-0]
    Capture Length: 54  [frame.cap_len 0:0-0]
    Encapsulation type: Ethernet (1)  [frame.encap_type 0:0-0]
    Protocols in frame: eth:ip:tcp  [frame.protocols 0:0-0]
  Ethernet II, Src: 00:11:22:33:44:55, Dst: 66:77:88:99:aa:bb  [eth 0:0-14]
    Destination: 66:77:88:99:aa:bb  [eth.dst 0:0-6]
    Source: 00:11:22:33:44:55  [eth.src 0:6-12]
    Type: IPv4 (0x0800)  [eth.type 0:12-14]
  Internet Protocol Version 4, Src: 192.168.1.10, Dst: 93.184.216.34  [ip 0:14-34]
    Version: 4  [ip.version 0:14-15]
    Header Length: 20  [ip.hdr_len 0:14-15]
    Differentiated Services Field: 0x00  [ip.dsfield 0:15-16]
      Differentiated Services Codepoint: 0  [ip.dsfield.dscp 0:15-16]
      Explicit Congestion Notification: 0  [ip.dsfield.ecn 0:15-16]
    Total Length: 40  [ip.len 0:16-18]
    Identification: 0x1234 (4660)  [ip.id 0:18-20]
    Flags: 0x2 (Don't fragment)  [ip.flags 0:20-22]
      Reserved bit: Not set  [ip.flags.rb 0:20-22]
      Don't fragment: Set  [ip.flags.df 0:20-22]
      More fragments: Not set  [ip.flags.mf 0:20-22]
    Fragment Offset: 0  [ip.frag_offset 0:20-22]
    Time to Live: 64  [ip.ttl 0:22-23]
    Protocol: TCP (6)  [ip.proto 0:23-24]
    Header Checksum: 0x310f  [ip.checksum 0:24-26]
    Header checksum status: Good  [ip.checksum.status 0:24-26]
    Source Address: 192.168.1.10  [ip.src 0:26-30]
    Destination Address: 93.184.216.34  [ip.dst 0:30-34]
  Transmission Control Protocol, Src Port: 40000, Dst Port: 80, Seq: 3000, Ack: 0, Len: 0  [tcp 0:34-54]
    Source Port: 40000  [tcp.srcport 0:34-36]
    Destination Port: 80  [tcp.dstport 0:36-38]
    Stream index: 2  [tcp.stream 0:0-0]
    TCP Segment Len: 0  [tcp.len 0:0-0]
    Sequence Number (raw): 3000  [tcp.seq 0:38-42]
    Acknowledgment Number (raw): 0  [tcp.ack 0:42-46]
    Header Length: 20  [tcp.hdr_len 0:46-47]
    Flags: 0x002 (SYN)  [tcp.flags 0:46-48]
      Reserved: Not set  [tcp.flags.res 0:46-48]
      Accurate ECN: Not set  [tcp.flags.ae 0:46-48]
      Congestion Window Reduced: Not set  [tcp.flags.cwr 0:46-48]
      ECN-Echo: Not set  [tcp.flags.ece 0:46-48]
      Urgent: Not set  [tcp.flags.urg 0:46-48]
      Acknowledgment: Not set  [tcp.flags.ack 0:46-48]
      Push: Not set  [tcp.flags.push 0:46-48]
      Reset: Not set  [tcp.flags.reset 0:46-48]
      Syn: Set  [tcp.flags.syn 0:46-48]
      Fin: Not set  [tcp.flags.fin 0:46-48]
    Window: 65535  [tcp.window_size_value 0:48-50]
    Checksum: 0x100d  [tcp.checksum 0:50-52]
    Checksum Status: Good  [tcp.checksum.status 0:50-52]
    Urgent Pointer: 0  [tcp.urgent_pointer 0:52-54]

#12 93.184.216.34 -> 192.168.1.10 tcp | 80 → 40000 [SYN, ACK] Seq=7000 Ack=3001 Win=65535 Len=0
  Frame 12: 54 bytes on wire, 54 bytes captured  [frame 0:0-54]
    Frame Number: 12  [frame.number 0:0-0]
    Epoch Time: 1700000011.011123456  [frame.time_epoch 0:0-0]
    Frame Length: 54  [frame.len 0:0-0]
    Capture Length: 54  [frame.cap_len 0:0-0]
    Encapsulation type: Ethernet (1)  [frame.encap_type 0:0-0]
    Protocols in frame: eth:ip:tcp  [frame.protocols 0:0-0]
  Ethernet II, Src: 66:77:88:99:aa:bb, Dst: 00:11:22:33:44:55  [eth 0:0-14]
    Destination: 00:11:22:33:44:55  [eth.dst 0:0-6]
    Source: 66:77:88:99:aa:bb  [eth.src 0:6-12]
    Type: IPv4 (0x0800)  [eth.type 0:12-14]
  Internet Protocol Version 4, Src: 93.184.216.34, Dst: 192.168.1.10  [ip 0:14-34]
    Version: 4  [ip.version 0:14-15]
    Header Length: 20  [ip.hdr_len 0:14-15]
    Differentiated Services Field: 0x00  [ip.dsfield 0:15-16]
      Differentiated Services Codepoint: 0  [ip.dsfield.dscp 0:15-16]
      Explicit Congestion Notification: 0  [ip.dsfield.ecn 0:15-16]
    Total Length: 40  [ip.len 0:16-18]
    Identification: 0x1234 (4660)  [ip.id 0:18-20]
    Flags: 0x2 (Don't fragment)  [ip.flags 0:20-22]
      Reserved bit: Not set  [ip.flags.rb 0:20-22]
      Don't fragment: Set  [ip.flags.df 0:20-22]
      More fragments: Not set  [ip.flags.mf 0:20-22]
    Fragment Offset: 0  [ip.frag_offset 0:20-22]
    Time to Live: 64  [ip.ttl 0:22-23]
    Protocol: TCP (6)  [ip.proto 0:23-24]
    Header Checksum: 0x310f  [ip.checksum 0:24-26]
    Header checksum status: Good  [ip.checksum.status 0:24-26]
    Source Address: 93.184.216.34  [ip.src 0:26-30]
    Destination Address: 192.168.1.10  [ip.dst 0:30-34]
  Transmission Control Protocol, Src Port: 80, Dst Port: 40000, Seq: 7000, Ack: 3001, Len: 0  [tcp 0:34-54]
    Source Port: 80  [tcp.srcport 0:34-36]
    Destination Port: 40000  [tcp.dstport 0:36-38]
    Stream index: 2  [tcp.stream 0:0-0]
    TCP Segment Len: 0  [tcp.len 0:0-0]
    Sequence Number (raw): 7000  [tcp.seq 0:38-42]
    Acknowledgment Number (raw): 3001  [tcp.ack 0:42-46]
    Header Length: 20  [tcp.hdr_len 0:46-47]
    Flags: 0x012 (SYN, ACK)  [tcp.flags 0:46-48]
      Reserved: Not set  [tcp.flags.res 0:46-48]
      Accurate ECN: Not set  [tcp.flags.ae 0:46-48]
      Congestion Window Reduced: Not set  [tcp.flags.cwr 0:46-48]
      ECN-Echo: Not set  [tcp.flags.ece 0:46-48]
      Urgent: Not set  [tcp.flags.urg 0:46-48]
      Acknowledgment: Set  [tcp.flags.ack 0:46-48]
      Push: Not set  [tcp.flags.push 0:46-48]
      Reset: Not set  [tcp.flags.reset 0:46-48]
      Syn: Set  [tcp.flags.syn 0:46-48]
      Fin: Not set  [tcp.flags.fin 0:46-48]
    Window: 65535  [tcp.window_size_value 0:48-50]
    Checksum: 0xf4a3  [tcp.checksum 0:50-52]
    Checksum Status: Good  [tcp.checksum.status 0:50-52]
    Urgent Pointer: 0  [tcp.urgent_pointer 0:52-54]

#13 192.168.1.10 -> 93.184.216.34 http | Continuation
  Frame 13: 59 bytes on wire, 59 bytes captured  [frame 0:0-59]
    Frame Number: 13  [frame.number 0:0-0]
    Epoch Time: 1700000012.012123456  [frame.time_epoch 0:0-0]
    Frame Length: 59  [frame.len 0:0-0]
    Capture Length: 59  [frame.cap_len 0:0-0]
    Encapsulation type: Ethernet (1)  [frame.encap_type 0:0-0]
    Protocols in frame: eth:ip:tcp:http  [frame.protocols 0:0-0]
  Ethernet II, Src: 00:11:22:33:44:55, Dst: 66:77:88:99:aa:bb  [eth 0:0-14]
    Destination: 66:77:88:99:aa:bb  [eth.dst 0:0-6]
    Source: 00:11:22:33:44:55  [eth.src 0:6-12]
    Type: IPv4 (0x0800)  [eth.type 0:12-14]
  Internet Protocol Version 4, Src: 192.168.1.10, Dst: 93.184.216.34  [ip 0:14-34]
    Version: 4  [ip.version 0:14-15]
    Header Length: 20  [ip.hdr_len 0:14-15]
    Differentiated Services Field: 0x00  [ip.dsfield 0:15-16]
      Differentiated Services Codepoint: 0  [ip.dsfield.dscp 0:15-16]
      Explicit Congestion Notification: 0  [ip.dsfield.ecn 0:15-16]
    Total Length: 45  [ip.len 0:16-18]
    Identification: 0x1234 (4660)  [ip.id 0:18-20]
    Flags: 0x2 (Don't fragment)  [ip.flags 0:20-22]
      Reserved bit: Not set  [ip.flags.rb 0:20-22]
      Don't fragment: Set  [ip.flags.df 0:20-22]
      More fragments: Not set  [ip.flags.mf 0:20-22]
    Fragment Offset: 0  [ip.frag_offset 0:20-22]
    Time to Live: 64  [ip.ttl 0:22-23]
    Protocol: TCP (6)  [ip.proto 0:23-24]
    Header Checksum: 0x310a  [ip.checksum 0:24-26]
    Header checksum status: Good  [ip.checksum.status 0:24-26]
    Source Address: 192.168.1.10  [ip.src 0:26-30]
    Destination Address: 93.184.216.34  [ip.dst 0:30-34]
  Transmission Control Protocol, Src Port: 40000, Dst Port: 80, Seq: 3001, Ack: 7001, Len: 5  [tcp 0:34-54]
    Source Port: 40000  [tcp.srcport 0:34-36]
    Destination Port: 80  [tcp.dstport 0:36-38]
    Stream index: 2  [tcp.stream 0:0-0]
    TCP Segment Len: 5  [tcp.len 0:0-0]
    Sequence Number (raw): 3001  [tcp.seq 0:38-42]
    Acknowledgment Number (raw): 7001  [tcp.ack 0:42-46]
    Header Length: 20  [tcp.hdr_len 0:46-47]
    Flags: 0x018 (PSH, ACK)  [tcp.flags 0:46-48]
      Reserved: Not set  [tcp.flags.res 0:46-48]
      Accurate ECN: Not set  [tcp.flags.ae 0:46-48]
      Congestion Window Reduced: Not set  [tcp.flags.cwr 0:46-48]
      ECN-Echo: Not set  [tcp.flags.ece 0:46-48]
      Urgent: Not set  [tcp.flags.urg 0:46-48]
      Acknowledgment: Set  [tcp.flags.ack 0:46-48]
      Push: Set  [tcp.flags.push 0:46-48]
      Reset: Not set  [tcp.flags.reset 0:46-48]
      Syn: Not set  [tcp.flags.syn 0:46-48]
      Fin: Not set  [tcp.flags.fin 0:46-48]
    Window: 65535  [tcp.window_size_value 0:48-50]
    Checksum: 0xa8c9  [tcp.checksum 0:50-52]
    Checksum Status: Good  [tcp.checksum.status 0:50-52]
    Urgent Pointer: 0  [tcp.urgent_pointer 0:52-54]
    [SEQ/ACK analysis]  [tcp.analysis 0:34-34]
      Bytes in flight: 5  [tcp.analysis.bytes_in_flight 0:0-0]
  Hypertext Transfer Protocol (continuation)  [http 0:54-59]
    File Data: 7468726565  [http.file_data 0:54-59]

#14 192.168.1.10 -> 93.184.216.34 dns | [Malformed Packet: dns] truncated at offset 42: need 2 bytes, 1 left
  Frame 14: 43 bytes on wire, 43 bytes captured  [frame 0:0-43]
    Frame Number: 14  [frame.number 0:0-0]
    Epoch Time: 1700000013.013123456  [frame.time_epoch 0:0-0]
    Frame Length: 43  [frame.len 0:0-0]
    Capture Length: 43  [frame.cap_len 0:0-0]
    Encapsulation type: Ethernet (1)  [frame.encap_type 0:0-0]
    Protocols in frame: eth:ip:udp:data  [frame.protocols 0:0-0]
  Ethernet II, Src: 00:11:22:33:44:55, Dst: 66:77:88:99:aa:bb  [eth 0:0-14]
    Destination: 66:77:88:99:aa:bb  [eth.dst 0:0-6]
    Source: 00:11:22:33:44:55  [eth.src 0:6-12]
    Type: IPv4 (0x0800)  [eth.type 0:12-14]
  Internet Protocol Version 4, Src: 192.168.1.10, Dst: 93.184.216.34  [ip 0:14-34]
    Version: 4  [ip.version 0:14-15]
    Header Length: 20  [ip.hdr_len 0:14-15]
    Differentiated Services Field: 0x00  [ip.dsfield 0:15-16]
      Differentiated Services Codepoint: 0  [ip.dsfield.dscp 0:15-16]
      Explicit Congestion Notification: 0  [ip.dsfield.ecn 0:15-16]
    Total Length: 29  [ip.len 0:16-18]
    Identification: 0x1234 (4660)  [ip.id 0:18-20]
    Flags: 0x2 (Don't fragment)  [ip.flags 0:20-22]
      Reserved bit: Not set  [ip.flags.rb 0:20-22]
      Don't fragment: Set  [ip.flags.df 0:20-22]
      More fragments: Not set  [ip.flags.mf 0:20-22]
    Fragment Offset: 0  [ip.frag_offset 0:20-22]
    Time to Live: 64  [ip.ttl 0:22-23]
    Protocol: UDP (17)  [ip.proto 0:23-24]
    Header Checksum: 0x310f  [ip.checksum 0:24-26]
    Header checksum status: Good  [ip.checksum.status 0:24-26]
    Source Address: 192.168.1.10  [ip.src 0:26-30]
    Destination Address: 93.184.216.34  [ip.dst 0:30-34]
  User Datagram Protocol, Src Port: 5353, Dst Port: 53  [udp 0:34-42]
    Source Port: 5353  [udp.srcport 0:34-36]
    Destination Port: 53  [udp.dstport 0:36-38]
    Stream index: 3  [udp.stream 0:0-0]
    Length: 9  [udp.length 0:38-40]
    Checksum: 0x8230  [udp.checksum 0:40-42]
    Checksum Status: Good  [udp.checksum.status 0:40-42]
  [Malformed Packet: dns] truncated at offset 42: need 2 bytes, 1 left  [_ws.malformed 0:42-43]
    Data (1 bytes)  [data 0:42-43]
      Data: 71  [data.data 0:42-43]
      Length: 1  [data.len 0:42-43]

#15 93.184.216.34 -> 192.168.1.10 dns | [Malformed Packet: dns] truncated at offset 42: need 2 bytes, 1 left
  Frame 15: 43 bytes on wire, 43 bytes captured  [frame 0:0-43]
    Frame Number: 15  [frame.number 0:0-0]
    Epoch Time: 1700000014.014123456  [frame.time_epoch 0:0-0]
    Frame Length: 43  [frame.len 0:0-0]
    Capture Length: 43  [frame.cap_len 0:0-0]
    Encapsulation type: Ethernet (1)  [frame.encap_type 0:0-0]
    Protocols in frame: eth:ip:udp:data  [frame.protocols 0:0-0]
  Ethernet II, Src: 66:77:88:99:aa:bb, Dst: 00:11:22:33:44:55  [eth 0:0-14]
    Destination: 00:11:22:33:44:55  [eth.dst 0:0-6]
    Source: 66:77:88:99:aa:bb  [eth.src 0:6-12]
    Type: IPv4 (0x0800)  [eth.type 0:12-14]
  Internet Protocol Version 4, Src: 93.184.216.34, Dst: 192.168.1.10  [ip 0:14-34]
    Version: 4  [ip.version 0:14-15]
    Header Length: 20  [ip.hdr_len 0:14-15]
    Differentiated Services Field: 0x00  [ip.dsfield 0:15-16]
      Differentiated Services Codepoint: 0  [ip.dsfield.dscp 0:15-16]
      Explicit Congestion Notification: 0  [ip.dsfield.ecn 0:15-16]
    Total Length: 29  [ip.len 0:16-18]
    Identification: 0x1234 (4660)  [ip.id 0:18-20]
    Flags: 0x2 (Don't fragment)  [ip.flags 0:20-22]
      Reserved bit: Not set  [ip.flags.rb 0:20-22]
      Don't fragment: Set  [ip.flags.df 0:20-22]
      More fragments: Not set  [ip.flags.mf 0:20-22]
    Fragment Offset: 0  [ip.frag_offset 0:20-22]
    Time to Live: 64  [ip.ttl 0:22-23]
    Protocol: UDP (17)  [ip.proto 0:23-24]
    Header Checksum: 0x310f  [ip.checksum 0:24-26]
    Header checksum status: Good  [ip.checksum.status 0:24-26]
    Source Address: 93.184.216.34  [ip.src 0:26-30]
    Destination Address: 192.168.1.10  [ip.dst 0:30-34]
  User Datagram Protocol, Src Port: 53, Dst Port: 5353  [udp 0:34-42]
    Source Port: 53  [udp.srcport 0:34-36]
    Destination Port: 5353  [udp.dstport 0:36-38]
    Stream index: 3  [udp.stream 0:0-0]
    Length: 9  [udp.length 0:38-40]
    Checksum: 0x9230  [udp.checksum 0:40-42]
    Checksum Status: Good  [udp.checksum.status 0:40-42]
  [Malformed Packet: dns] truncated at offset 42: need 2 bytes, 1 left  [_ws.malformed 0:42-43]
    Data (1 bytes)  [data 0:42-43]
      Data: 61  [data.data 0:42-43]
      Length: 1  [data.len 0:42-43]

#16 192.168.1.10 -> 93.184.216.34 dns | [Malformed Packet: dns] truncated at offset 44: need 2 bytes, 0 left
  Frame 16: 44 bytes on wire, 44 bytes captured  [frame 0:0-44]
    Frame Number: 16  [frame.number 0:0-0]
    Epoch Time: 1700000015.015123456  [frame.time_epoch 0:0-0]
    Frame Length: 44  [frame.len 0:0-0]
    Capture Length: 44  [frame.cap_len 0:0-0]
    Encapsulation type: Ethernet (1)  [frame.encap_type 0:0-0]
    Protocols in frame: eth:ip:udp:data  [frame.protocols 0:0-0]
  Ethernet II, Src: 00:11:22:33:44:55, Dst: 66:77:88:99:aa:bb  [eth 0:0-14]
    Destination: 66:77:88:99:aa:bb  [eth.dst 0:0-6]
    Source: 00:11:22:33:44:55  [eth.src 0:6-12]
    Type: IPv4 (0x0800)  [eth.type 0:12-14]
  Internet Protocol Version 4, Src: 192.168.1.10, Dst: 93.184.216.34  [ip 0:14-34]
    Version: 4  [ip.version 0:14-15]
    Header Length: 20  [ip.hdr_len 0:14-15]
    Differentiated Services Field: 0x00  [ip.dsfield 0:15-16]
      Differentiated Services Codepoint: 0  [ip.dsfield.dscp 0:15-16]
      Explicit Congestion Notification: 0  [ip.dsfield.ecn 0:15-16]
    Total Length: 30  [ip.len 0:16-18]
    Identification: 0x1234 (4660)  [ip.id 0:18-20]
    Flags: 0x2 (Don't fragment)  [ip.flags 0:20-22]
      Reserved bit: Not set  [ip.flags.rb 0:20-22]
      Don't fragment: Set  [ip.flags.df 0:20-22]
      More fragments: Not set  [ip.flags.mf 0:20-22]
    Fragment Offset: 0  [ip.frag_offset 0:20-22]
    Time to Live: 64  [ip.ttl 0:22-23]
    Protocol: UDP (17)  [ip.proto 0:23-24]
    Header Checksum: 0x310e  [ip.checksum 0:24-26]
    Header checksum status: Good  [ip.checksum.status 0:24-26]
    Source Address: 192.168.1.10  [ip.src 0:26-30]
    Destination Address: 93.184.216.34  [ip.dst 0:30-34]
  User Datagram Protocol, Src Port: 5354, Dst Port: 53  [udp 0:34-42]
    Source Port: 5354  [udp.srcport 0:34-36]
    Destination Port: 53  [udp.dstport 0:36-38]
    Stream index: 4  [udp.stream 0:0-0]
    Length: 10  [udp.length 0:38-40]
    Checksum: 0x81fb  [udp.checksum 0:40-42]
    Checksum Status: Good  [udp.checksum.status 0:40-42]
  [Malformed Packet: dns] truncated at offset 44: need 2 bytes, 0 left  [_ws.malformed 0:42-44]
    Data (2 bytes)  [data 0:42-44]
      Data: 7132  [data.data 0:42-44]
      Length: 2  [data.len 0:42-44]

#17 fe80::211:22ff:fe33:4455 -> 2001:db8::1 tcp | 40000 → 80 [SYN] Seq=4000 Ack=0 Win=65535 Len=0
  Frame 17: 74 bytes on wire, 74 bytes captured  [frame 0:0-74]
    Frame Number: 17  [frame.number 0:0-0]
    Epoch Time: 1700000016.016123456  [frame.time_epoch 0:0-0]
    Frame Length: 74  [frame.len 0:0-0]
    Capture Length: 74  [frame.cap_len 0:0-0]
    Encapsulation type: Ethernet (1)  [frame.encap_type 0:0-0]
    Protocols in frame: eth:ipv6:tcp  [frame.protocols 0:0-0]
  Ethernet II, Src: 00:11:22:33:44:55, Dst: 66:77:88:99:aa:bb  [eth 0:0-14]
    Destination: 66:77:88:99:aa:bb  [eth.dst 0:0-6]
    Source: 00:11:22:33:44:55  [eth.src 0:6-12]
    Type: IPv6 (0x86dd)  [eth.type 0:12-14]
  Internet Protocol Version 6, Src: fe80::211:22ff:fe33:4455, Dst: 2001:db8::1  [ipv6 0:14-74]
    Version: 6  [ipv6.version 0:14-18]
    Traffic Class: 0x00000000  [ipv6.tclass 0:14-18]
    Flow Label: 0x00000000  [ipv6.flow 0:14-18]
    Payload Length: 20  [ipv6.plen 0:18-20]
    Next Header: TCP (6)  [ipv6.nxt 0:20-21]
    Hop Limit: 64  [ipv6.hlim 0:21-22]
    Source Address: fe80::211:22ff:fe33:4455  [ipv6.src 0:22-38]
    Destination Address: 2001:db8::1  [ipv6.dst 0:38-54]
  Transmission Control Protocol, Src Port: 40000, Dst Port: 80, Seq: 4000, Ack: 0, Len: 0  [tcp 0:54-74]
    Source Port: 40000  [tcp.srcport 0:54-56]
    Destination Port: 80  [tcp.dstport 0:56-58]
    Stream index: 5  [tcp.stream 0:0-0]
    TCP Segment Len: 0  [tcp.len 0:0-0]
    Sequence Number (raw): 4000  [tcp.seq 0:58-62]
    Acknowledgment Number (raw): 0  [tcp.ack 0:62-66]
    Header Length: 20  [tcp.hdr_len 0:66-67]
    Flags: 0x002 (SYN)  [tcp.flags 0:66-68]
      Reserved: Not set  [tcp.flags.res 0:66-68]
      Accurate ECN: Not set  [tcp.flags.ae 0:66-68]
      Congestion Window Reduced: Not set  [tcp.flags.cwr 0:66-68]
      ECN-Echo: Not set  [tcp.flags.ece 0:66-68]
      Urgent: Not set  [tcp.flags.urg 0:66-68]
      Acknowledgment: Not set  [tcp.flags.ack 0:66-68]
      Push: Not set  [tcp.flags.push 0:66-68]
      Reset: Not set  [tcp.flags.reset 0:66-68]
      Syn: Set  [tcp.flags.syn 0:66-68]
      Fin: Not set  [tcp.flags.fin 0:66-68]
    Window: 65535  [tcp.window_size_value 0:68-70]
    Checksum: 0x6fde  [tcp.checksum 0:70-72]
    Checksum Status: Good  [tcp.checksum.status 0:70-72]
    Urgent Pointer: 0  [tcp.urgent_pointer 0:72-74]

#18 2001:db8::1 -> fe80::211:22ff:fe33:4455 tcp | 80 → 40000 [SYN, ACK] Seq=8000 Ack=4001 Win=65535 Len=0
  Frame 18: 74 bytes on wire, 74 bytes captured  [frame 0:0-74]
    Frame Number: 18  [frame.number 0:0-0]
    Epoch Time: 1700000017.017123456  [frame.time_epoch 0:0-0]
    Frame Length: 74  [frame.len 0:0-0]
    Capture Length: 74  [frame.cap_len 0:0-0]
    Encapsulation type: Ethernet (1)  [frame.encap_type 0:0-0]
    Protocols in frame: eth:ipv6:tcp  [frame.protocols 0:0-0]
  Ethernet II, Src: 66:77:88:99:aa:bb, Dst: 00:11:22:33:44:55  [eth 0:0-14]
    Destination: 00:11:22:33:44:55  [eth.dst 0:0-6]
    Source: 66:77:88:99:aa:bb  [eth.src 0:6-12]
    Type: IPv6 (0x86dd)  [eth.type 0:12-14]
  Internet Protocol Version 6, Src: 2001:db8::1, Dst: fe80::211:22ff:fe33:4455  [ipv6 0:14-74]
    Version: 6  [ipv6.version 0:14-18]
    Traffic Class: 0x00000000  [ipv6.tclass 0:14-18]
    Flow Label: 0x00000000  [ipv6.flow 0:14-18]
    Payload Length: 20  [ipv6.plen 0:18-20]
    Next Header: TCP (6)  [ipv6.nxt 0:20-21]
    Hop Limit: 64  [ipv6.hlim 0:21-22]
    Source Address: 2001:db8::1  [ipv6.src 0:22-38]
    Destination Address: fe80::211:22ff:fe33:4455  [ipv6.dst 0:38-54]
  Transmission Control Protocol, Src Port: 80, Dst Port: 40000, Seq: 8000, Ack: 4001, Len: 0  [tcp 0:54-74]
    Source Port: 80  [tcp.srcport 0:54-56]
    Destination Port: 40000  [tcp.dstport 0:56-58]
    Stream index: 5  [tcp.stream 0:0-0]
    TCP Segment Len: 0  [tcp.len 0:0-0]
    Sequence Number (raw): 8000  [tcp.seq 0:58-62]
    Acknowledgment Number (raw): 4001  [tcp.ack 0:62-66]
    Header Length: 20  [tcp.hdr_len 0:66-67]
    Flags: 0x012 (SYN, ACK)  [tcp.flags 0:66-68]
      Reserved: Not set  [tcp.flags.res 0:66-68]
      Accurate ECN: Not set  [tcp.flags.ae 0:66-68]
      Congestion Window Reduced: Not set  [tcp.flags.cwr 0:66-68]
      ECN-Echo: Not set  [tcp.flags.ece 0:66-68]
      Urgent: Not set  [tcp.flags.urg 0:66-68]
      Acknowledgment: Set  [tcp.flags.ack 0:66-68]
      Push: Not set  [tcp.flags.push 0:66-68]
      Reset: Not set  [tcp.flags.reset 0:66-68]
      Syn: Set  [tcp.flags.syn 0:66-68]
      Fin: Not set  [tcp.flags.fin 0:66-68]
    Window: 65535  [tcp.window_size_value 0:68-70]
    Checksum: 0x508d  [tcp.checksum 0:70-72]
    Checksum Status: Good  [tcp.checksum.status 0:70-72]
    Urgent Pointer: 0  [tcp.urgent_pointer 0:72-74]
