---
source: tests/snapshots.rs
expression: text
---
#1 192.168.1.10 -> 93.184.216.34 tcp | 40000 → 80 [SYN] Seq=1000 Ack=0 Win=8192 Len=0
  Frame 1: 54 bytes on wire, 54 bytes captured  [frame 0:0-54]
    Frame Number: 1  [frame.number 0:0-0]
    Epoch Time: 1700000000.000000000  [frame.time_epoch 0:0-0]
    Frame Length: 54  [frame.len 0:0-0]
    Capture Length: 54  [frame.cap_len 0:0-0]
    Encapsulation type: Ethernet (1)  [frame.encap_type 0:0-0]
    Protocols in frame: eth:ip:tcp  [frame.protocols 0:0-0]
  Ethernet II, Src: 00:11:22:33:44:55, Dst: 66:77:88:99:aa:bb  [eth 0:0-14]
    Destination: 66:77:88:99:aa:bb  [eth.dst 0:0-6]
    Source: 00:11:22:33:44:55  [eth.src 0:6-12]
    Type: IPv4 (0x0800)  [eth.type 0:12-14]
  Internet Protocol Version 4, Src: 192.168.1.10, Dst: 93.184.216.34  [ip 0:14-34]
    Version: 4  [ip.version 0:14-15]
    Header Length: 20  [ip.hdr_len 0:14-15]
    Differentiated Services Field: 0x00  [ip.dsfield 0:15-16]
      Differentiated Services Codepoint: 0  [ip.dsfield.dscp 0:15-16]
      Explicit Congestion Notification: 0  [ip.dsfield.ecn 0:15-16]
    Total Length: 40  [ip.len 0:16-18]
    Identification: 0x1234 (4660)  [ip.id 0:18-20]
    Flags: 0x2 (Don't fragment)  [ip.flags 0:20-22]
      Reserved bit: Not set  [ip.flags.rb 0:20-22]
      Don't fragment: Set  [ip.flags.df 0:20-22]
      More fragments: Not set  [ip.flags.mf 0:20-22]
    Fragment Offset: 0  [ip.frag_offset 0:20-22]
    Time to Live: 64  [ip.ttl 0:22-23]
    Protocol: TCP (6)  [ip.proto 0:23-24]
    Header Checksum: 0x310f  [ip.checksum 0:24-26]
    Header checksum status: Good  [ip.checksum.status 0:24-26]
    Source Address: 192.168.1.10  [ip.src 0:26-30]
    Destination Address: 93.184.216.34  [ip.dst 0:30-34]
  Transmission Control Protocol, Src Port: 40000, Dst Port: 80, Seq: 1000, Ack: 0, Len: 0  [tcp 0:34-54]
    Source Port: 40000  [tcp.srcport 0:34-36]
    Destination Port: 80  [tcp.dstport 0:36-38]
    Stream index: 0  [tcp.stream 0:0-0]
    TCP Segment Len: 0  [tcp.len 0:0-0]
    Sequence Number (raw): 1000  [tcp.seq 0:38-42]
    Acknowledgment Number (raw): 0  [tcp.ack 0:42-46]
    Header Length: 20  [tcp.hdr_len 0:46-47]
    Flags: 0x002 (SYN)  [tcp.flags 0:46-48]
      Reserved: Not set  [tcp.flags.res 0:46-48]
      Accurate ECN: Not set  [tcp.flags.ae 0:46-48]
      Congestion Window Reduced: Not set  [tcp.flags.cwr 0:46-48]
      ECN-Echo: Not set  [tcp.flags.ece 0:46-48]
      Urgent: Not set  [tcp.flags.urg 0:46-48]
      Acknowledgment: Not set  [tcp.flags.ack 0:46-48]
      Push: Not set  [tcp.flags.push 0:46-48]
      Reset: Not set  [tcp.flags.reset 0:46-48]
      Syn: Set  [tcp.flags.syn 0:46-48]
      Fin: Not set  [tcp.flags.fin 0:46-48]
    Window: 8192  [tcp.window_size_value 0:48-50]
    Checksum: 0xf7dc  [tcp.checksum 0:50-52]
    Checksum Status: Good  [tcp.checksum.status 0:50-52]
    Urgent Pointer: 0  [tcp.urgent_pointer 0:52-54]

#2 93.184.216.34 -> 192.168.1.10 tcp | 80 → 40000 [SYN, ACK] Seq=5000 Ack=1001 Win=8192 Len=0
  Frame 2: 54 bytes on wire, 54 bytes captured  [frame 0:0-54]
    Frame Number: 2  [frame.number 0:0-0]
    Epoch Time: 1700000000.001000000  [frame.time_epoch 0:0-0]
    Frame Length: 54  [frame.len 0:0-0]
    Capture Length: 54  [frame.cap_len 0:0-0]
    Encapsulation type: Ethernet (1)  [frame.encap_type 0:0-0]
    Protocols in frame: eth:ip:tcp  [frame.protocols 0:0-0]
  Ethernet II, Src: 66:77:88:99:aa:bb, Dst: 00:11:22:33:44:55  [eth 0:0-14]
    Destination: 00:11:22:33:44:55  [eth.dst 0:0-6]
    Source: 66:77:88:99:aa:bb  [eth.src 0:6-12]
    Type: IPv4 (0x0800)  [eth.type 0:12-14]
  Internet Protocol Version 4, Src: 93.184.216.34, Dst: 192.168.1.10  [ip 0:14-34]
    Version: 4  [ip.version 0:14-15]
    Header Length: 20  [ip.hdr_len 0:14-15]
    Differentiated Services Field: 0x00  [ip.dsfield 0:15-16]
      Differentiated Services Codepoint: 0  [ip.dsfield.dscp 0:15-16]
      Explicit Congestion Notification: 0  [ip.dsfield.ecn 0:15-16]
    Total Length: 40  [ip.len 0:16-18]
    Identification: 0x1234 (4660)  [ip.id 0:18-20]
    Flags: 0x2 (Don't fragment)  [ip.flags 0:20-22]
      Reserved bit: Not set  [ip.flags.rb 0:20-22]
      Don't fragment: Set  [ip.flags.df 0:20-22]
      More fragments: Not set  [ip.flags.mf 0:20-22]
    Fragment Offset: 0  [ip.frag_offset 0:20-22]
    Time to Live: 64  [ip.ttl 0:22-23]
    Protocol: TCP (6)  [ip.proto 0:23-24]
    Header Checksum: 0x310f  [ip.checksum 0:24-26]
    Header checksum status: Good  [ip.checksum.status 0:24-26]
    Source Address: 93.184.216.34  [ip.src 0:26-30]
    Destination Address: 192.168.1.10  [ip.dst 0:30-34]
  Transmission Control Protocol, Src Port: 80, Dst Port: 40000, Seq: 5000, Ack: 1001, Len: 0  [tcp 0:34-54]
    Source Port: 80  [tcp.srcport 0:34-36]
    Destination Port: 40000  [tcp.dstport 0:36-38]
    Stream index: 0  [tcp.stream 0:0-0]
    TCP Segment Len: 0  [tcp.len 0:0-0]
    Sequence Number (raw): 5000  [tcp.seq 0:38-42]
    Acknowledgment Number (raw): 1001  [tcp.ack 0:42-46]
    Header Length: 20  [tcp.hdr_len 0:46-47]
    Flags: 0x012 (SYN, ACK)  [tcp.flags 0:46-48]
      Reserved: Not set  [tcp.flags.res 0:46-48]
      Accurate ECN: Not set  [tcp.flags.ae 0:46-48]
      Congestion Window Reduced: Not set  [tcp.flags.cwr 0:46-48]
      ECN-Echo: Not set  [tcp.flags.ece 0:46-48]
      Urgent: Not set  [tcp.flags.urg 0:46-48]
      Acknowledgment: Set  [tcp.flags.ack 0:46-48]
      Push: Not set  [tcp.flags.push 0:46-48]
      Reset: Not set  [tcp.flags.reset 0:46-48]
      Syn: Set  [tcp.flags.syn 0:46-48]
      Fin: Not set  [tcp.flags.fin 0:46-48]
    Window: 8192  [tcp.window_size_value 0:48-50]
    Checksum: 0xe443  [tcp.checksum 0:50-52]
    Checksum Status: Good  [tcp.checksum.status 0:50-52]
    Urgent Pointer: 0  [tcp.urgent_pointer 0:52-54]

#3 192.168.1.10 -> 93.184.216.34 tcp | 40000 → 80 [ACK] Seq=1001 Ack=5001 Win=8192 Len=0
  Frame 3: 54 bytes on wire, 54 bytes captured  [frame 0:0-54]
    Frame Number: 3  [frame.number 0:0-0]
    Epoch Time: 1700000000.002000000  [frame.time_epoch 0:0-0]
    Frame Length: 54  [frame.len 0:0-0]
    Capture Length: 54  [frame.cap_len 0:0-0]
    Encapsulation type: Ethernet (1)  [frame.encap_type 0:0-0]
    Protocols in frame: eth:ip:tcp  [frame.protocols 0:0-0]
  Ethernet II, Src: 00:11:22:33:44:55, Dst: 66:77:88:99:aa:bb  [eth 0:0-14]
    Destination: 66:77:88:99:aa:bb  [eth.dst 0:0-6]
    Source: 00:11:22:33:44:55  [eth.src 0:6-12]
    Type: IPv4 (0x0800)  [eth.type 0:12-14]
  Internet Protocol Version 4, Src: 192.168.1.10, Dst: 93.184.216.34  [ip 0:14-34]
    Version: 4  [ip.version 0:14-15]
    Header Length: 20  [ip.hdr_len 0:14-15]
    Differentiated Services Field: 0x00  [ip.dsfield 0:15-16]
      Differentiated Services Codepoint: 0  [ip.dsfield.dscp 0:15-16]
      Explicit Congestion Notification: 0  [ip.dsfield.ecn 0:15-16]
    Total Length: 40  [ip.len 0:16-18]
    Identification: 0x1234 (4660)  [ip.id 0:18-20]
    Flags: 0x2 (Don't fragment)  [ip.flags 0:20-22]
      Reserved bit: Not set  [ip.flags.rb 0:20-22]
      Don't fragment: Set  [ip.flags.df 0:20-22]
      More fragments: Not set  [ip.flags.mf 0:20-22]
    Fragment Offset: 0  [ip.frag_offset 0:20-22]
    Time to Live: 64  [ip.ttl 0:22-23]
    Protocol: TCP (6)  [ip.proto 0:23-24]
    Header Checksum: 0x310f  [ip.checksum 0:24-26]
    Header checksum status: Good  [ip.checksum.status 0:24-26]
    Source Address: 192.168.1.10  [ip.src 0:26-30]
    Destination Address: 93.184.216.34  [ip.dst 0:30-34]
  Transmission Control Protocol, Src Port: 40000, Dst Port: 80, Seq: 1001, Ack: 5001, Len: 0  [tcp 0:34-54]
    Source Port: 40000  [tcp.srcport 0:34-36]
    Destination Port: 80  [tcp.dstport 0:36-38]
    Stream index: 0  [tcp.stream 0:0-0]
    TCP Segment Len: 0  [tcp.len 0:0-0]
    Sequence Number (raw): 1001  [tcp.seq 0:38-42]
    Acknowledgment Number (raw): 5001  [tcp.ack 0:42-46]
    Header Length: 20  [tcp.hdr_len 0:46-47]
    Flags: 0x010 (ACK)  [tcp.flags 0:46-48]
      Reserved: Not set  [tcp.flags.res 0:46-48]
      Accurate ECN: Not set  [tcp.flags.ae 0:46-48]
      Congestion Window Reduced: Not set  [tcp.flags.cwr 0:46-48]
      ECN-Echo: Not set  [tcp.flags.ece 0:46-48]
      Urgent: Not set  [tcp.flags.urg 0:46-48]
      Acknowledgment: Set  [tcp.flags.ack 0:46-48]
      Push: Not set  [tcp.flags.push 0:46-48]
      Reset: Not set  [tcp.flags.reset 0:46-48]
      Syn: Not set  [tcp.flags.syn 0:46-48]
      Fin: Not set  [tcp.flags.fin 0:46-48]
    Window: 8192  [tcp.window_size_value 0:48-50]
    Checksum: 0xe444  [tcp.checksum 0:50-52]
    Checksum Status: Good  [tcp.checksum.status 0:50-52]
    Urgent Pointer: 0  [tcp.urgent_pointer 0:52-54]

#4 192.168.1.10 -> 93.184.216.34 http | Continuation
  Frame 4: 64 bytes on wire, 64 bytes captured  [frame 0:0-64]
    Frame Number: 4  [frame.number 0:0-0]
    Epoch Time: 1700000000.010000000  [frame.time_epoch 0:0-0]
    Frame Length: 64  [frame.len 0:0-0]
    Capture Length: 64  [frame.cap_len 0:0-0]
    Encapsulation type: Ethernet (1)  [frame.encap_type 0:0-0]
    Protocols in frame: eth:ip:tcp:http  [frame.protocols 0:0-0]
  Ethernet II, Src: 00:11:22:33:44:55, Dst: 66:77:88:99:aa:bb  [eth 0:0-14]
    Destination: 66:77:88:99:aa:bb  [eth.dst 0:0-6]
    Source: 00:11:22:33:44:55  [eth.src 0:6-12]
    Type: IPv4 (0x0800)  [eth.type 0:12-14]
  Internet Protocol Version 4, Src: 192.168.1.10, Dst: 93.184.216.34  [ip 0:14-34]
    Version: 4  [ip.version 0:14-15]
    Header Length: 20  [ip.hdr_len 0:14-15]
    Differentiated Services Field: 0x00  [ip.dsfield 0:15-16]
      Differentiated Services Codepoint: 0  [ip.dsfield.dscp 0:15-16]
      Explicit Congestion Notification: 0  [ip.dsfield.ecn 0:15-16]
    Total Length: 50  [ip.len 0:16-18]
    Identification: 0x1234 (4660)  [ip.id 0:18-20]
    Flags: 0x2 (Don't fragment)  [ip.flags 0:20-22]
      Reserved bit: Not set  [ip.flags.rb 0:20-22]
      Don't fragment: Set  [ip.flags.df 0:20-22]
      More fragments: Not set  [ip.flags.mf 0:20-22]
    Fragment Offset: 0  [ip.frag_offset 0:20-22]
    Time to Live: 64  [ip.ttl 0:22-23]
    Protocol: TCP (6)  [ip.proto 0:23-24]
    Header Checksum: 0x3105  [ip.checksum 0:24-26]
    Header checksum status: Good  [ip.checksum.status 0:24-26]
    Source Address: 192.168.1.10  [ip.src 0:26-30]
    Destination Address: 93.184.216.34  [ip.dst 0:30-34]
  Transmission Control Protocol, Src Port: 40000, Dst Port: 80, Seq: 1001, Ack: 5001, Len: 10  [tcp 0:34-54]
    Source Port: 40000  [tcp.srcport 0:34-36]
    Destination Port: 80  [tcp.dstport 0:36-38]
    Stream index: 0  [tcp.stream 0:0-0]
    TCP Segment Len: 10  [tcp.len 0:0-0]
    Sequence Number (raw): 1001  [tcp.seq 0:38-42]
    Acknowledgment Number (raw): 5001  [tcp.ack 0:42-46]
    Header Length: 20  [tcp.hdr_len 0:46-47]
    Flags: 0x018 (PSH, ACK)  [tcp.flags 0:46-48]
      Reserved: Not set  [tcp.flags.res 0:46-48]
      Accurate ECN: Not set  [tcp.flags.ae 0:46-48]
      Congestion Window Reduced: Not set  [tcp.flags.cwr 0:46-48]
      ECN-Echo: Not set  [tcp.flags.ece 0:46-48]
      Urgent: Not set  [tcp.flags.urg 0:46-48]
      Acknowledgment: Set  [tcp.flags.ack 0:46-48]
      Push: Set  [tcp.flags.push 0:46-48]
      Reset: Not set  [tcp.flags.reset 0:46-48]
      Syn: Not set  [tcp.flags.syn 0:46-48]
      Fin: Not set  [tcp.flags.fin 0:46-48]
    Window: 8192  [tcp.window_size_value 0:48-50]
    Checksum: 0xdf28  [tcp.checksum 0:50-52]
    Checksum Status: Good  [tcp.checksum.status 0:50-52]
    Urgent Pointer: 0  [tcp.urgent_pointer 0:52-54]
    [SEQ/ACK analysis]  [tcp.analysis 0:34-34]
      Bytes in flight: 10  [tcp.analysis.bytes_in_flight 0:0-0]
  Hypertext Transfer Protocol (continuation)  [http 0:54-64]
    File Data: 30313233343536373839  [http.file_data 0:54-64]

#5 192.168.1.10 -> 93.184.216.34 http | Continuation
  Frame 5: 64 bytes on wire, 64 bytes captured  [frame 0:0-64]
    Frame Number: 5  [frame.number 0:0-0]
    Epoch Time: 1700000000.500000000  [frame.time_epoch 0:0-0]
    Frame Length: 64  [frame.len 0:0-0]
    Capture Length: 64  [frame.cap_len 0:0-0]
    Encapsulation type: Ethernet (1)  [frame.encap_type 0:0-0]
    Protocols in frame: eth:ip:tcp:http  [frame.protocols 0:0-0]
  Ethernet II, Src: 00:11:22:33:44:55, Dst: 66:77:88:99:aa:bb  [eth 0:0-14]
    Destination: 66:77:88:99:aa:bb  [eth.dst 0:0-6]
    Source: 00:11:22:33:44:55  [eth.src 0:6-12]
    Type: IPv4 (0x0800)  [eth.type 0:12-14]
  Internet Protocol Version 4, Src: 192.168.1.10, Dst: 93.184.216.34  [ip 0:14-34]
    Version: 4  [ip.version 0:14-15]
    Header Length: 20  [ip.hdr_len 0:14-15]
    Differentiated Services Field: 0x00  [ip.dsfield 0:15-16]
      Differentiated Services Codepoint: 0  [ip.dsfield.dscp 0:15-16]
      Explicit Congestion Notification: 0  [ip.dsfield.ecn 0:15-16]
    Total Length: 50  [ip.len 0:16-18]
    Identification: 0x1234 (4660)  [ip.id 0:18-20]
    Flags: 0x2 (Don't fragment)  [ip.flags 0:20-22]
      Reserved bit: Not set  [ip.flags.rb 0:20-22]
      Don't fragment: Set  [ip.flags.df 0:20-22]
      More fragments: Not set  [ip.flags.mf 0:20-22]
    Fragment Offset: 0  [ip.frag_offset 0:20-22]
    Time to Live: 64  [ip.ttl 0:22-23]
    Protocol: TCP (6)  [ip.proto 0:23-24]
    Header Checksum: 0x3105  [ip.checksum 0:24-26]
    Header checksum status: Good  [ip.checksum.status 0:24-26]
    Source Address: 192.168.1.10  [ip.src 0:26-30]
    Destination Address: 93.184.216.34  [ip.dst 0:30-34]
  Transmission Control Protocol, Src Port: 40000, Dst Port: 80, Seq: 1001, Ack: 5001, Len: 10  [tcp 0:34-54]
    Source Port: 40000  [tcp.srcport 0:34-36]
    Destination Port: 80  [tcp.dstport 0:36-38]
    Stream index: 0  [tcp.stream 0:0-0]
    TCP Segment Len: 10  [tcp.len 0:0-0]
    Sequence Number (raw): 1001  [tcp.seq 0:38-42]
    Acknowledgment Number (raw): 5001  [tcp.ack 0:42-46]
    Header Length: 20  [tcp.hdr_len 0:46-47]
    Flags: 0x018 (PSH, ACK)  [tcp.flags 0:46-48]
      Reserved: Not set  [tcp.flags.res 0:46-48]
      Accurate ECN: Not set  [tcp.flags.ae 0:46-48]
      Congestion Window Reduced: Not set  [tcp.flags.cwr 0:46-48]
      ECN-Echo: Not set  [tcp.flags.ece 0:46-48]
      Urgent: Not set  [tcp.flags.urg 0:46-48]
      Acknowledgment: Set  [tcp.flags.ack 0:46-48]
      Push: Set  [tcp.flags.push 0:46-48]
      Reset: Not set  [tcp.flags.reset 0:46-48]
      Syn: Not set  [tcp.flags.syn 0:46-48]
      Fin: Not set  [tcp.flags.fin 0:46-48]
    Window: 8192  [tcp.window_size_value 0:48-50]
    Checksum: 0xdf28  [tcp.checksum 0:50-52]
    Checksum Status: Good  [tcp.checksum.status 0:50-52]
    Urgent Pointer: 0  [tcp.urgent_pointer 0:52-54]
    [SEQ/ACK analysis]  [tcp.analysis 0:34-34]
      Bytes in flight: 10  [tcp.analysis.bytes_in_flight 0:0-0]
      This frame is a (suspected) retransmission  [tcp.analysis.retransmission 0:0-0]
      This frame is a (suspected) retransmission  [_ws.expert 0:0-0]
        Severity level: Note  [_ws.expert.severity 0:0-0]
        Group: Sequence  [_ws.expert.group 0:0-0]
  Hypertext Transfer Protocol (continuation)  [http 0:54-64]
    File Data: 30313233343536373839  [http.file_data 0:54-64]

#6 93.184.216.34 -> 192.168.1.10 tcp | 80 → 40000 [ACK] Seq=5001 Ack=1011 Win=8192 Len=0
  Frame 6: 54 bytes on wire, 54 bytes captured  [frame 0:0-54]
    Frame Number: 6  [frame.number 0:0-0]
    Epoch Time: 1700000000.520000000  [frame.time_epoch 0:0-0]
    Frame Length: 54  [frame.len 0:0-0]
    Capture Length: 54  [frame.cap_len 0:0-0]
    Encapsulation type: Ethernet (1)  [frame.encap_type 0:0-0]
    Protocols in frame: eth:ip:tcp  [frame.protocols 0:0-0]
  Ethernet II, Src: 66:77:88:99:aa:bb, Dst: 00:11:22:33:44:55  [eth 0:0-14]
    Destination: 00:11:22:33:44:55  [eth.dst 0:0-6]
    Source: 66:77:88:99:aa:bb  [eth.src 0:6-12]
    Type: IPv4 (0x0800)  [eth.type 0:12-14]
  Internet Protocol Version 4, Src: 93.184.216.34, Dst: 192.168.1.10  [ip 0:14-34]
    Version: 4  [ip.version 0:14-15]
    Header Length: 20  [ip.hdr_len 0:14-15]
    Differentiated Services Field: 0x00  [ip.dsfield 0:15-16]
      Differentiated Services Codepoint: 0  [ip.dsfield.dscp 0:15-16]
      Explicit Congestion Notification: 0  [ip.dsfield.ecn 0:15-16]
    Total Length: 40  [ip.len 0:16-18]
    Identification: 0x1234 (4660)  [ip.id 0:18-20]
    Flags: 0x2 (Don't fragment)  [ip.flags 0:20-22]
      Reserved bit: Not set  [ip.flags.rb 0:20-22]
      Don't fragment: Set  [ip.flags.df 0:20-22]
      More fragments: Not set  [ip.flags.mf 0:20-22]
    Fragment Offset: 0  [ip.frag_offset 0:20-22]
    Time to Live: 64  [ip.ttl 0:22-23]
    Protocol: TCP (6)  [ip.proto 0:23-24]
    Header Checksum: 0x310f  [ip.checksum 0:24-26]
    Header checksum status: Good  [ip.checksum.status 0:24-26]
    Source Address: 93.184.216.34  [ip.src 0:26-30]
    Destination Address: 192.168.1.10  [ip.dst 0:30-34]
  Transmission Control Protocol, Src Port: 80, Dst Port: 40000, Seq: 5001, Ack: 1011, Len: 0  [tcp 0:34-54]
    Source Port: 80  [tcp.srcport 0:34-36]
    Destination Port: 40000  [tcp.dstport 0:36-38]
    Stream index: 0  [tcp.stream 0:0-0]
    TCP Segment Len: 0  [tcp.len 0:0-0]
    Sequence Number (raw): 5001  [tcp.seq 0:38-42]
    Acknowledgment Number (raw): 1011  [tcp.ack 0:42-46]
    Header Length: 20  [tcp.hdr_len 0:46-47]
    Flags: 0x010 (ACK)  [tcp.flags 0:46-48]
      Reserved: Not set  [tcp.flags.res 0:46-48]
      Accurate ECN: Not set  [tcp.flags.ae 0:46-48]
      Congestion Window Reduced: Not set  [tcp.flags.cwr 0:46-48]
      ECN-Echo: Not set  [tcp.flags.ece 0:46-48]
      Urgent: Not set  [tcp.flags.urg 0:46-48]
      Acknowledgment: Set  [tcp.flags.ack 0:46-48]
      Push: Not set  [tcp.flags.push 0:46-48]
      Reset: Not set  [tcp.flags.reset 0:46-48]
      Syn: Not set  [tcp.flags.syn 0:46-48]
      Fin: Not set  [tcp.flags.fin 0:46-48]
    Window: 8192  [tcp.window_size_value 0:48-50]
    Checksum: 0xe43a  [tcp.checksum 0:50-52]
    Checksum Status: Good  [tcp.checksum.status 0:50-52]
    Urgent Pointer: 0  [tcp.urgent_pointer 0:52-54]

#7 192.168.1.10 -> 93.184.216.34 http | Continuation
  Frame 7: 64 bytes on wire, 64 bytes captured  [frame 0:0-64]
    Frame Number: 7  [frame.number 0:0-0]
    Epoch Time: 1700000000.600000000  [frame.time_epoch 0:0-0]
    Frame Length: 64  [frame.len 0:0-0]
    Capture Length: 64  [frame.cap_len 0:0-0]
    Encapsulation type: Ethernet (1)  [frame.encap_type 0:0-0]
    Protocols in frame: eth:ip:tcp:http  [frame.protocols 0:0-0]
  Ethernet II, Src: 00:11:22:33:44:55, Dst: 66:77:88:99:aa:bb  [eth 0:0-14]
    Destination: 66:77:88:99:aa:bb  [eth.dst 0:0-6]
    Source: 00:11:22:33:44:55  [eth.src 0:6-12]
    Type: IPv4 (0x0800)  [eth.type 0:12-14]
  Internet Protocol Version 4, Src: 192.168.1.10, Dst: 93.184.216.34  [ip 0:14-34]
    Version: 4  [ip.version 0:14-15]
    Header Length: 20  [ip.hdr_len 0:14-15]
    Differentiated Services Field: 0x00  [ip.dsfield 0:15-16]
      Differentiated Services Codepoint: 0  [ip.dsfield.dscp 0:15-16]
      Explicit Congestion Notification: 0  [ip.dsfield.ecn 0:15-16]
    Total Length: 50  [ip.len 0:16-18]
    Identification: 0x1234 (4660)  [ip.id 0:18-20]
    Flags: 0x2 (Don't fragment)  [ip.flags 0:20-22]
      Reserved bit: Not set  [ip.flags.rb 0:20-22]
      Don't fragment: Set  [ip.flags.df 0:20-22]
      More fragments: Not set  [ip.flags.mf 0:20-22]
    Fragment Offset: 0  [ip.frag_offset 0:20-22]
    Time to Live: 64  [ip.ttl 0:22-23]
    Protocol: TCP (6)  [ip.proto 0:23-24]
    Header Checksum: 0x3105  [ip.checksum 0:24-26]
    Header checksum status: Good  [ip.checksum.status 0:24-26]
    Source Address: 192.168.1.10  [ip.src 0:26-30]
    Destination Address: 93.184.216.34  [ip.dst 0:30-34]
  Transmission Control Protocol, Src Port: 40000, Dst Port: 80, Seq: 1001, Ack: 5001, Len: 10  [tcp 0:34-54]
    Source Port: 40000  [tcp.srcport 0:34-36]
    Destination Port: 80  [tcp.dstport 0:36-38]
    Stream index: 0  [tcp.stream 0:0-0]
    TCP Segment Len: 10  [tcp.len 0:0-0]
    Sequence Number (raw): 1001  [tcp.seq 0:38-42]
    Acknowledgment Number (raw): 5001  [tcp.ack 0:42-46]
    Header Length: 20  [tcp.hdr_len 0:46-47]
    Flags: 0x018 (PSH, ACK)  [tcp.flags 0:46-48]
      Reserved: Not set  [tcp.flags.res 0:46-48]
      Accurate ECN: Not set  [tcp.flags.ae 0:46-48]
      Congestion Window Reduced: Not set  [tcp.flags.cwr 0:46-48]
      ECN-Echo: Not set  [tcp.flags.ece 0:46-48]
      Urgent: Not set  [tcp.flags.urg 0:46-48]
      Acknowledgment: Set  [tcp.flags.ack 0:46-48]
      Push: Set  [tcp.flags.push 0:46-48]
      Reset: Not set  [tcp.flags.reset 0:46-48]
      Syn: Not set  [tcp.flags.syn 0:46-48]
      Fin: Not set  [tcp.flags.fin 0:46-48]
    Window: 8192  [tcp.window_size_value 0:48-50]
    Checksum: 0xdf28  [tcp.checksum 0:50-52]
    Checksum Status: Good  [tcp.checksum.status 0:50-52]
    Urgent Pointer: 0  [tcp.urgent_pointer 0:52-54]
    [SEQ/ACK analysis]  [tcp.analysis 0:34-34]
      This frame is a (suspected) spurious retransmission  [tcp.analysis.spurious_retransmission 0:0-0]
      This frame is a (suspected) spurious retransmission  [_ws.expert 0:0-0]
        Severity level: Note  [_ws.expert.severity 0:0-0]
        Group: Sequence  [_ws.expert.group 0:0-0]
  Hypertext Transfer Protocol (continuation)  [http 0:54-64]
    File Data: 30313233343536373839  [http.file_data 0:54-64]

#8 192.168.1.10 -> 93.184.216.34 http | Continuation
  Frame 8: 64 bytes on wire, 64 bytes captured  [frame 0:0-64]
    Frame Number: 8  [frame.number 0:0-0]
    Epoch Time: 1700000000.700000000  [frame.time_epoch 0:0-0]
    Frame Length: 64  [frame.len 0:0-0]
    Capture Length: 64  [frame.cap_len 0:0-0]
    Encapsulation type: Ethernet (1)  [frame.encap_type 0:0-0]
    Protocols in frame: eth:ip:tcp:http  [frame.protocols 0:0-0]
  Ethernet II, Src: 00:11:22:33:44:55, Dst: 66:77:88:99:aa:bb  [eth 0:0-14]
    Destination: 66:77:88:99:aa:bb  [eth.dst 0:0-6]
    Source: 00:11:22:33:44:55  [eth.src 0:6-12]
    Type: IPv4 (0x0800)  [eth.type 0:12-14]
  Internet Protocol Version 4, Src: 192.168.1.10, Dst: 93.184.216.34  [ip 0:14-34]
    Version: 4  [ip.version 0:14-15]
    Header Length: 20  [ip.hdr_len 0:14-15]
    Differentiated Services Field: 0x00  [ip.dsfield 0:15-16]
      Differentiated Services Codepoint: 0  [ip.dsfield.dscp 0:15-16]
      Explicit Congestion Notification: 0  [ip.dsfield.ecn 0:15-16]
    Total Length: 50  [ip.len 0:16-18]
    Identification: 0x1234 (4660)  [ip.id 0:18-20]
    Flags: 0x2 (Don't fragment)  [ip.flags 0:20-22]
      Reserved bit: Not set  [ip.flags.rb 0:20-22]
      Don't fragment: Set  [ip.flags.df 0:20-22]
      More fragments: Not set  [ip.flags.mf 0:20-22]
    Fragment Offset: 0  [ip.frag_offset 0:20-22]
    Time to Live: 64  [ip.ttl 0:22-23]
    Protocol: TCP (6)  [ip.proto 0:23-24]
    Header Checksum: 0x3105  [ip.checksum 0:24-26]
    Header checksum status: Good  [ip.checksum.status 0:24-26]
    Source Address: 192.168.1.10  [ip.src 0:26-30]
    Destination Address: 93.184.216.34  [ip.dst 0:30-34]
  Transmission Control Protocol, Src Port: 40000, Dst Port: 80, Seq: 1021, Ack: 5001, Len: 10  [tcp 0:34-54]
    Source Port: 40000  [tcp.srcport 0:34-36]
    Destination Port: 80  [tcp.dstport 0:36-38]
    Stream index: 0  [tcp.stream 0:0-0]
    TCP Segment Len: 10  [tcp.len 0:0-0]
    Sequence Number (raw): 1021  [tcp.seq 0:38-42]
    Acknowledgment Number (raw): 5001  [tcp.ack 0:42-46]
    Header Length: 20  [tcp.hdr_len 0:46-47]
    Flags: 0x018 (PSH, ACK)  [tcp.flags 0:46-48]
      Reserved: Not set  [tcp.flags.res 0:46-48]
      Accurate ECN: Not set  [tcp.flags.ae 0:46-48]
      Congestion Window Reduced: Not set  [tcp.flags.cwr 0:46-48]
      ECN-Echo: Not set  [tcp.flags.ece 0:46-48]
      Urgent: Not set  [tcp.flags.urg 0:46-48]
      Acknowledgment: Set  [tcp.flags.ack 0:46-48]
      Push: Set  [tcp.flags.push 0:46-48]
      Reset: Not set  [tcp.flags.reset 0:46-48]
      Syn: Not set  [tcp.flags.syn 0:46-48]
      Fin: Not set  [tcp.flags.fin 0:46-48]
    Window: 8192  [tcp.window_size_value 0:48-50]
    Checksum: 0xdf14  [tcp.checksum 0:50-52]
    Checksum Status: Good  [tcp.checksum.status 0:50-52]
    Urgent Pointer: 0  [tcp.urgent_pointer 0:52-54]
    [SEQ/ACK analysis]  [tcp.analysis 0:34-34]
      Bytes in flight: 20  [tcp.analysis.bytes_in_flight 0:0-0]
      Previous segment(s) not captured (common at capture start)  [tcp.analysis.lost_segment 0:0-0]
      Previous segment(s) not captured (common at capture start)  [_ws.expert 0:0-0]
        Severity level: Warning  [_ws.expert.severity 0:0-0]
        Group: Sequence  [_ws.expert.group 0:0-0]
  Hypertext Transfer Protocol (continuation)  [http 0:54-64]
    File Data: 30313233343536373839  [http.file_data 0:54-64]

#9 192.168.1.10 -> 93.184.216.34 http | Continuation
  Frame 9: 64 bytes on wire, 64 bytes captured  [frame 0:0-64]
    Frame Number: 9  [frame.number 0:0-0]
    Epoch Time: 1700000000.700500000  [frame.time_epoch 0:0-0]
    Frame Length: 64  [frame.len 0:0-0]
    Capture Length: 64  [frame.cap_len 0:0-0]
    Encapsulation type: Ethernet (1)  [frame.encap_type 0:0-0]
    Protocols in frame: eth:ip:tcp:http  [frame.protocols 0:0-0]
  Ethernet II, Src: 00:11:22:33:44:55, Dst: 66:77:88:99:aa:bb  [eth 0:0-14]
    Destination: 66:77:88:99:aa:bb  [eth.dst 0:0-6]
    Source: 00:11:22:33:44:55  [eth.src 0:6-12]
    Type: IPv4 (0x0800)  [eth.type 0:12-14]
  Internet Protocol Version 4, Src: 192.168.1.10, Dst: 93.184.216.34  [ip 0:14-34]
    Version: 4  [ip.version 0:14-15]
    Header Length: 20  [ip.hdr_len 0:14-15]
    Differentiated Services Field: 0x00  [ip.dsfield 0:15-16]
      Differentiated Services Codepoint: 0  [ip.dsfield.dscp 0:15-16]
      Explicit Congestion Notification: 0  [ip.dsfield.ecn 0:15-16]
    Total Length: 50  [ip.len 0:16-18]
    Identification: 0x1234 (4660)  [ip.id 0:18-20]
    Flags: 0x2 (Don't fragment)  [ip.flags 0:20-22]
      Reserved bit: Not set  [ip.flags.rb 0:20-22]
      Don't fragment: Set  [ip.flags.df 0:20-22]
      More fragments: Not set  [ip.flags.mf 0:20-22]
    Fragment Offset: 0  [ip.frag_offset 0:20-22]
    Time to Live: 64  [ip.ttl 0:22-23]
    Protocol: TCP (6)  [ip.proto 0:23-24]
    Header Checksum: 0x3105  [ip.checksum 0:24-26]
    Header checksum status: Good  [ip.checksum.status 0:24-26]
    Source Address: 192.168.1.10  [ip.src 0:26-30]
    Destination Address: 93.184.216.34  [ip.dst 0:30-34]
  Transmission Control Protocol, Src Port: 40000, Dst Port: 80, Seq: 1011, Ack: 5001, Len: 10  [tcp 0:34-54]
    Source Port: 40000  [tcp.srcport 0:34-36]
    Destination Port: 80  [tcp.dstport 0:36-38]
    Stream index: 0  [tcp.stream 0:0-0]
    TCP Segment Len: 10  [tcp.len 0:0-0]
    Sequence Number (raw): 1011  [tcp.seq 0:38-42]
    Acknowledgment Number (raw): 5001  [tcp.ack 0:42-46]
    Header Length: 20  [tcp.hdr_len 0:46-47]
    Flags: 0x018 (PSH, ACK)  [tcp.flags 0:46-48]
      Reserved: Not set  [tcp.flags.res 0:46-48]
      Accurate ECN: Not set  [tcp.flags.ae 0:46-48]
      Congestion Window Reduced: Not set  [tcp.flags.cwr 0:46-48]
      ECN-Echo: Not set  [tcp.flags.ece 0:46-48]
      Urgent: Not set  [tcp.flags.urg 0:46-48]
      Acknowledgment: Set  [tcp.flags.ack 0:46-48]
      Push: Set  [tcp.flags.push 0:46-48]
      Reset: Not set  [tcp.flags.reset 0:46-48]
      Syn: Not set  [tcp.flags.syn 0:46-48]
      Fin: Not set  [tcp.flags.fin 0:46-48]
    Window: 8192  [tcp.window_size_value 0:48-50]
    Checksum: 0xdf1e  [tcp.checksum 0:50-52]
    Checksum Status: Good  [tcp.checksum.status 0:50-52]
    Urgent Pointer: 0  [tcp.urgent_pointer 0:52-54]
    [SEQ/ACK analysis]  [tcp.analysis 0:34-34]
      Bytes in flight: 20  [tcp.analysis.bytes_in_flight 0:0-0]
      This frame is a (suspected) out-of-order segment  [tcp.analysis.out_of_order 0:0-0]
      This frame is a (suspected) out-of-order segment  [_ws.expert 0:0-0]
        Severity level: Note  [_ws.expert.severity 0:0-0]
        Group: Sequence  [_ws.expert.group 0:0-0]
  Hypertext Transfer Protocol (continuation)  [http 0:54-64]
    File Data: 30313233343536373839  [http.file_data 0:54-64]

#10 192.168.1.10 -> 93.184.216.34 http | Continuation
  Frame 10: 64 bytes on wire, 64 bytes captured  [frame 0:0-64]
    Frame Number: 10  [frame.number 0:0-0]
    Epoch Time: 1700000000.800000000  [frame.time_epoch 0:0-0]
    Frame Length: 64  [frame.len 0:0-0]
    Capture Length: 64  [frame.cap_len 0:0-0]
    Encapsulation type: Ethernet (1)  [frame.encap_type 0:0-0]
    Protocols in frame: eth:ip:tcp:http  [frame.protocols 0:0-0]
  Ethernet II, Src: 00:11:22:33:44:55, Dst: 66:77:88:99:aa:bb  [eth 0:0-14]
    Destination: 66:77:88:99:aa:bb  [eth.dst 0:0-6]
    Source: 00:11:22:33:44:55  [eth.src 0:6-12]
    Type: IPv4 (0x0800)  [eth.type 0:12-14]
  Internet Protocol Version 4, Src: 192.168.1.10, Dst: 93.184.216.34  [ip 0:14-34]
    Version: 4  [ip.version 0:14-15]
    Header Length: 20  [ip.hdr_len 0:14-15]
    Differentiated Services Field: 0x00  [ip.dsfield 0:15-16]
      Differentiated Services Codepoint: 0  [ip.dsfield.dscp 0:15-16]
      Explicit Congestion Notification: 0  [ip.dsfield.ecn 0:15-16]
    Total Length: 50  [ip.len 0:16-18]
    Identification: 0x1234 (4660)  [ip.id 0:18-20]
    Flags: 0x2 (Don't fragment)  [ip.flags 0:20-22]
      Reserved bit: Not set  [ip.flags.rb 0:20-22]
      Don't fragment: Set  [ip.flags.df 0:20-22]
      More fragments: Not set  [ip.flags.mf 0:20-22]
    Fragment Offset: 0  [ip.frag_offset 0:20-22]
    Time to Live: 64  [ip.ttl 0:22-23]
    Protocol: TCP (6)  [ip.proto 0:23-24]
    Header Checksum: 0x3105  [ip.checksum 0:24-26]
    Header checksum status: Good  [ip.checksum.status 0:24-26]
    Source Address: 192.168.1.10  [ip.src 0:26-30]
    Destination Address: 93.184.216.34  [ip.dst 0:30-34]
  Transmission Control Protocol, Src Port: 40000, Dst Port: 80, Seq: 1041, Ack: 5001, Len: 10  [tcp 0:34-54]
    Source Port: 40000  [tcp.srcport 0:34-36]
    Destination Port: 80  [tcp.dstport 0:36-38]
    Stream index: 0  [tcp.stream 0:0-0]
    TCP Segment Len: 10  [tcp.len 0:0-0]
    Sequence Number (raw): 1041  [tcp.seq 0:38-42]
    Acknowledgment Number (raw): 5001  [tcp.ack 0:42-46]
    Header Length: 20  [tcp.hdr_len 0:46-47]
    Flags: 0x018 (PSH, ACK)  [tcp.flags 0:46-48]
      Reserved: Not set  [tcp.flags.res 0:46-48]
      Accurate ECN: Not set  [tcp.flags.ae 0:46-48]
      Congestion Window Reduced: Not set  [tcp.flags.cwr 0:46-48]
      ECN-Echo: Not set  [tcp.flags.ece 0:46-48]
      Urgent: Not set  [tcp.flags.urg 0:46-48]
      Acknowledgment: Set  [tcp.flags.ack 0:46-48]
      Push: Set  [tcp.flags.push 0:46-48]
      Reset: Not set  [tcp.flags.reset 0:46-48]
      Syn: Not set  [tcp.flags.syn 0:46-48]
      Fin: Not set  [tcp.flags.fin 0:46-48]
    Window: 8192  [tcp.window_size_value 0:48-50]
    Checksum: 0xdf00  [tcp.checksum 0:50-52]
    Checksum Status: Good  [tcp.checksum.status 0:50-52]
    Urgent Pointer: 0  [tcp.urgent_pointer 0:52-54]
    [SEQ/ACK analysis]  [tcp.analysis 0:34-34]
      Bytes in flight: 40  [tcp.analysis.bytes_in_flight 0:0-0]
      Previous segment(s) not captured (common at capture start)  [tcp.analysis.lost_segment 0:0-0]
      Previous segment(s) not captured (common at capture start)  [_ws.expert 0:0-0]
        Severity level: Warning  [_ws.expert.severity 0:0-0]
        Group: Sequence  [_ws.expert.group 0:0-0]
  Hypertext Transfer Protocol (continuation)  [http 0:54-64]
    File Data: 30313233343536373839  [http.file_data 0:54-64]

#11 93.184.216.34 -> 192.168.1.10 tcp | 80 → 40000 [ACK] Seq=5001 Ack=1031 Win=8192 Len=0
  Frame 11: 54 bytes on wire, 54 bytes captured  [frame 0:0-54]
    Frame Number: 11  [frame.number 0:0-0]
    Epoch Time: 1700000000.810000000  [frame.time_epoch 0:0-0]
    Frame Length: 54  [frame.len 0:0-0]
    Capture Length: 54  [frame.cap_len 0:0-0]
    Encapsulation type: Ethernet (1)  [frame.encap_type 0:0-0]
    Protocols in frame: eth:ip:tcp  [frame.protocols 0:0-0]
  Ethernet II, Src: 66:77:88:99:aa:bb, Dst: 00:11:22:33:44:55  [eth 0:0-14]
    Destination: 00:11:22:33:44:55  [eth.dst 0:0-6]
    Source: 66:77:88:99:aa:bb  [eth.src 0:6-12]
    Type: IPv4 (0x0800)  [eth.type 0:12-14]
  Internet Protocol Version 4, Src: 93.184.216.34, Dst: 192.168.1.10  [ip 0:14-34]
    Version: 4  [ip.version 0:14-15]
    Header Length: 20  [ip.hdr_len 0:14-15]
    Differentiated Services Field: 0x00  [ip.dsfield 0:15-16]
      Differentiated Services Codepoint: 0  [ip.dsfield.dscp 0:15-16]
      Explicit Congestion Notification: 0  [ip.dsfield.ecn 0:15-16]
    Total Length: 40  [ip.len 0:16-18]
    Identification: 0x1234 (4660)  [ip.id 0:18-20]
    Flags: 0x2 (Don't fragment)  [ip.flags 0:20-22]
      Reserved bit: Not set  [ip.flags.rb 0:20-22]
      Don't fragment: Set  [ip.flags.df 0:20-22]
      More fragments: Not set  [ip.flags.mf 0:20-22]
    Fragment Offset: 0  [ip.frag_offset 0:20-22]
    Time to Live: 64  [ip.ttl 0:22-23]
    Protocol: TCP (6)  [ip.proto 0:23-24]
    Header Checksum: 0x310f  [ip.checksum 0:24-26]
    Header checksum status: Good  [ip.checksum.status 0:24-26]
    Source Address: 93.184.216.34  [ip.src 0:26-30]
    Destination Address: 192.168.1.10  [ip.dst 0:30-34]
  Transmission Control Protocol, Src Port: 80, Dst Port: 40000, Seq: 5001, Ack: 1031, Len: 0  [tcp 0:34-54]
    Source Port: 80  [tcp.srcport 0:34-36]
    Destination Port: 40000  [tcp.dstport 0:36-38]
    Stream index: 0  [tcp.stream 0:0-0]
    TCP Segment Len: 0  [tcp.len 0:0-0]
    Sequence Number (raw): 5001  [tcp.seq 0:38-42]
    Acknowledgment Number (raw): 1031  [tcp.ack 0:42-46]
    Header Length: 20  [tcp.hdr_len 0:46-47]
    Flags: 0x010 (ACK)  [tcp.flags 0:46-48]
      Reserved: Not set  [tcp.flags.res 0:46-48]
      Accurate ECN: Not set  [tcp.flags.ae 0:46-48]
      Congestion Window Reduced: Not set  [tcp.flags.cwr 0:46-48]
      ECN-Echo: Not set  [tcp.flags.ece 0:46-48]
      Urgent: Not set  [tcp.flags.urg 0:46-48]
      Acknowledgment: Set  [tcp.flags.ack 0:46-48]
      Push: Not set  [tcp.flags.push 0:46-48]
      Reset: Not set  [tcp.flags.reset 0:46-48]
      Syn: Not set  [tcp.flags.syn 0:46-48]
      Fin: Not set  [tcp.flags.fin 0:46-48]
    Window: 8192  [tcp.window_size_value 0:48-50]
    Checksum: 0xe426  [tcp.checksum 0:50-52]
    Checksum Status: Good  [tcp.checksum.status 0:50-52]
    Urgent Pointer: 0  [tcp.urgent_pointer 0:52-54]

#12 93.184.216.34 -> 192.168.1.10 tcp | 80 → 40000 [ACK] Seq=5001 Ack=1031 Win=8192 Len=0
  Frame 12: 54 bytes on wire, 54 bytes captured  [frame 0:0-54]
    Frame Number: 12  [frame.number 0:0-0]
    Epoch Time: 1700000000.811000000  [frame.time_epoch 0:0-0]
    Frame Length: 54  [frame.len 0:0-0]
    Capture Length: 54  [frame.cap_len 0:0-0]
    Encapsulation type: Ethernet (1)  [frame.encap_type 0:0-0]
    Protocols in frame: eth:ip:tcp  [frame.protocols 0:0-0]
  Ethernet II, Src: 66:77:88:99:aa:bb, Dst: 00:11:22:33:44:55  [eth 0:0-14]
    Destination: 00:11:22:33:44:55  [eth.dst 0:0-6]
    Source: 66:77:88:99:aa:bb  [eth.src 0:6-12]
    Type: IPv4 (0x0800)  [eth.type 0:12-14]
  Internet Protocol Version 4, Src: 93.184.216.34, Dst: 192.168.1.10  [ip 0:14-34]
    Version: 4  [ip.version 0:14-15]
    Header Length: 20  [ip.hdr_len 0:14-15]
    Differentiated Services Field: 0x00  [ip.dsfield 0:15-16]
      Differentiated Services Codepoint: 0  [ip.dsfield.dscp 0:15-16]
      Explicit Congestion Notification: 0  [ip.dsfield.ecn 0:15-16]
    Total Length: 40  [ip.len 0:16-18]
    Identification: 0x1234 (4660)  [ip.id 0:18-20]
    Flags: 0x2 (Don't fragment)  [ip.flags 0:20-22]
      Reserved bit: Not set  [ip.flags.rb 0:20-22]
      Don't fragment: Set  [ip.flags.df 0:20-22]
      More fragments: Not set  [ip.flags.mf 0:20-22]
    Fragment Offset: 0  [ip.frag_offset 0:20-22]
    Time to Live: 64  [ip.ttl 0:22-23]
    Protocol: TCP (6)  [ip.proto 0:23-24]
    Header Checksum: 0x310f  [ip.checksum 0:24-26]
    Header checksum status: Good  [ip.checksum.status 0:24-26]
    Source Address: 93.184.216.34  [ip.src 0:26-30]
    Destination Address: 192.168.1.10  [ip.dst 0:30-34]
  Transmission Control Protocol, Src Port: 80, Dst Port: 40000, Seq: 5001, Ack: 1031, Len: 0  [tcp 0:34-54]
    Source Port: 80  [tcp.srcport 0:34-36]
    Destination Port: 40000  [tcp.dstport 0:36-38]
    Stream index: 0  [tcp.stream 0:0-0]
    TCP Segment Len: 0  [tcp.len 0:0-0]
    Sequence Number (raw): 5001  [tcp.seq 0:38-42]
    Acknowledgment Number (raw): 1031  [tcp.ack 0:42-46]
    Header Length: 20  [tcp.hdr_len 0:46-47]
    Flags: 0x010 (ACK)  [tcp.flags 0:46-48]
      Reserved: Not set  [tcp.flags.res 0:46-48]
      Accurate ECN: Not set  [tcp.flags.ae 0:46-48]
      Congestion Window Reduced: Not set  [tcp.flags.cwr 0:46-48]
      ECN-Echo: Not set  [tcp.flags.ece 0:46-48]
      Urgent: Not set  [tcp.flags.urg 0:46-48]
      Acknowledgment: Set  [tcp.flags.ack 0:46-48]
      Push: Not set  [tcp.flags.push 0:46-48]
      Reset: Not set  [tcp.flags.reset 0:46-48]
      Syn: Not set  [tcp.flags.syn 0:46-48]
      Fin: Not set  [tcp.flags.fin 0:46-48]
    Window: 8192  [tcp.window_size_value 0:48-50]
    Checksum: 0xe426  [tcp.checksum 0:50-52]
    Checksum Status: Good  [tcp.checksum.status 0:50-52]
    Urgent Pointer: 0  [tcp.urgent_pointer 0:52-54]
    [SEQ/ACK analysis]  [tcp.analysis 0:34-34]
      This is a TCP duplicate ACK  [tcp.analysis.duplicate_ack 0:0-0]
      This is a TCP duplicate ACK  [_ws.expert 0:0-0]
        Severity level: Note  [_ws.expert.severity 0:0-0]
        Group: Sequence  [_ws.expert.group 0:0-0]
      Duplicate ACK number: 1  [tcp.analysis.duplicate_ack_num 0:0-0]
      Duplicate to the ACK in frame: 11  [tcp.analysis.duplicate_ack_frame 0:0-0]

#13 93.184.216.34 -> 192.168.1.10 tcp | 80 → 40000 [ACK] Seq=5001 Ack=1031 Win=8192 Len=0
  Frame 13: 54 bytes on wire, 54 bytes captured  [frame 0:0-54]
    Frame Number: 13  [frame.number 0:0-0]
    Epoch Time: 1700000000.812000000  [frame.time_epoch 0:0-0]
    Frame Length: 54  [frame.len 0:0-0]
    Capture Length: 54  [frame.cap_len 0:0-0]
    Encapsulation type: Ethernet (1)  [frame.encap_type 0:0-0]
    Protocols in frame: eth:ip:tcp  [frame.protocols 0:0-0]
  Ethernet II, Src: 66:77:88:99:aa:bb, Dst: 00:11:22:33:44:55  [eth 0:0-14]
    Destination: 00:11:22:33:44:55  [eth.dst 0:0-6]
    Source: 66:77:88:99:aa:bb  [eth.src 0:6-12]
    Type: IPv4 (0x0800)  [eth.type 0:12-14]
  Internet Protocol Version 4, Src: 93.184.216.34, Dst: 192.168.1.10  [ip 0:14-34]
    Version: 4  [ip.version 0:14-15]
    Header Length: 20  [ip.hdr_len 0:14-15]
    Differentiated Services Field: 0x00  [ip.dsfield 0:15-16]
      Differentiated Services Codepoint: 0  [ip.dsfield.dscp 0:15-16]
      Explicit Congestion Notification: 0  [ip.dsfield.ecn 0:15-16]
    Total Length: 40  [ip.len 0:16-18]
    Identification: 0x1234 (4660)  [ip.id 0:18-20]
    Flags: 0x2 (Don't fragment)  [ip.flags 0:20-22]
      Reserved bit: Not set  [ip.flags.rb 0:20-22]
      Don't fragment: Set  [ip.flags.df 0:20-22]
      More fragments: Not set  [ip.flags.mf 0:20-22]
    Fragment Offset: 0  [ip.frag_offset 0:20-22]
    Time to Live: 64  [ip.ttl 0:22-23]
    Protocol: TCP (6)  [ip.proto 0:23-24]
    Header Checksum: 0x310f  [ip.checksum 0:24-26]
    Header checksum status: Good  [ip.checksum.status 0:24-26]
    Source Address: 93.184.216.34  [ip.src 0:26-30]
    Destination Address: 192.168.1.10  [ip.dst 0:30-34]
  Transmission Control Protocol, Src Port: 80, Dst Port: 40000, Seq: 5001, Ack: 1031, Len: 0  [tcp 0:34-54]
    Source Port: 80  [tcp.srcport 0:34-36]
    Destination Port: 40000  [tcp.dstport 0:36-38]
    Stream index: 0  [tcp.stream 0:0-0]
    TCP Segment Len: 0  [tcp.len 0:0-0]
    Sequence Number (raw): 5001  [tcp.seq 0:38-42]
    Acknowledgment Number (raw): 1031  [tcp.ack 0:42-46]
    Header Length: 20  [tcp.hdr_len 0:46-47]
    Flags: 0x010 (ACK)  [tcp.flags 0:46-48]
      Reserved: Not set  [tcp.flags.res 0:46-48]
      Accurate ECN: Not set  [tcp.flags.ae 0:46-48]
      Congestion Window Reduced: Not set  [tcp.flags.cwr 0:46-48]
      ECN-Echo: Not set  [tcp.flags.ece 0:46-48]
      Urgent: Not set  [tcp.flags.urg 0:46-48]
      Acknowledgment: Set  [tcp.flags.ack 0:46-48]
      Push: Not set  [tcp.flags.push 0:46-48]
      Reset: Not set  [tcp.flags.reset 0:46-48]
      Syn: Not set  [tcp.flags.syn 0:46-48]
      Fin: Not set  [tcp.flags.fin 0:46-48]
    Window: 8192  [tcp.window_size_value 0:48-50]
    Checksum: 0xe426  [tcp.checksum 0:50-52]
    Checksum Status: Good  [tcp.checksum.status 0:50-52]
    Urgent Pointer: 0  [tcp.urgent_pointer 0:52-54]
    [SEQ/ACK analysis]  [tcp.analysis 0:34-34]
      This is a TCP duplicate ACK  [tcp.analysis.duplicate_ack 0:0-0]
      This is a TCP duplicate ACK  [_ws.expert 0:0-0]
        Severity level: Note  [_ws.expert.severity 0:0-0]
        Group: Sequence  [_ws.expert.group 0:0-0]
      Duplicate ACK number: 2  [tcp.analysis.duplicate_ack_num 0:0-0]
      Duplicate to the ACK in frame: 11  [tcp.analysis.duplicate_ack_frame 0:0-0]

#14 93.184.216.34 -> 192.168.1.10 tcp | 80 → 40000 [ACK] Seq=5001 Ack=1031 Win=8192 Len=0
  Frame 14: 54 bytes on wire, 54 bytes captured  [frame 0:0-54]
    Frame Number: 14  [frame.number 0:0-0]
    Epoch Time: 1700000000.813000000  [frame.time_epoch 0:0-0]
    Frame Length: 54  [frame.len 0:0-0]
    Capture Length: 54  [frame.cap_len 0:0-0]
    Encapsulation type: Ethernet (1)  [frame.encap_type 0:0-0]
    Protocols in frame: eth:ip:tcp  [frame.protocols 0:0-0]
  Ethernet II, Src: 66:77:88:99:aa:bb, Dst: 00:11:22:33:44:55  [eth 0:0-14]
    Destination: 00:11:22:33:44:55  [eth.dst 0:0-6]
    Source: 66:77:88:99:aa:bb  [eth.src 0:6-12]
    Type: IPv4 (0x0800)  [eth.type 0:12-14]
  Internet Protocol Version 4, Src: 93.184.216.34, Dst: 192.168.1.10  [ip 0:14-34]
    Version: 4  [ip.version 0:14-15]
    Header Length: 20  [ip.hdr_len 0:14-15]
    Differentiated Services Field: 0x00  [ip.dsfield 0:15-16]
      Differentiated Services Codepoint: 0  [ip.dsfield.dscp 0:15-16]
      Explicit Congestion Notification: 0  [ip.dsfield.ecn 0:15-16]
    Total Length: 40  [ip.len 0:16-18]
    Identification: 0x1234 (4660)  [ip.id 0:18-20]
    Flags: 0x2 (Don't fragment)  [ip.flags 0:20-22]
      Reserved bit: Not set  [ip.flags.rb 0:20-22]
      Don't fragment: Set  [ip.flags.df 0:20-22]
      More fragments: Not set  [ip.flags.mf 0:20-22]
    Fragment Offset: 0  [ip.frag_offset 0:20-22]
    Time to Live: 64  [ip.ttl 0:22-23]
    Protocol: TCP (6)  [ip.proto 0:23-24]
    Header Checksum: 0x310f  [ip.checksum 0:24-26]
    Header checksum status: Good  [ip.checksum.status 0:24-26]
    Source Address: 93.184.216.34  [ip.src 0:26-30]
    Destination Address: 192.168.1.10  [ip.dst 0:30-34]
  Transmission Control Protocol, Src Port: 80, Dst Port: 40000, Seq: 5001, Ack: 1031, Len: 0  [tcp 0:34-54]
    Source Port: 80  [tcp.srcport 0:34-36]
    Destination Port: 40000  [tcp.dstport 0:36-38]
    Stream index: 0  [tcp.stream 0:0-0]
    TCP Segment Len: 0  [tcp.len 0:0-0]
    Sequence Number (raw): 5001  [tcp.seq 0:38-42]
    Acknowledgment Number (raw): 1031  [tcp.ack 0:42-46]
    Header Length: 20  [tcp.hdr_len 0:46-47]
    Flags: 0x010 (ACK)  [tcp.flags 0:46-48]
      Reserved: Not set  [tcp.flags.res 0:46-48]
      Accurate ECN: Not set  [tcp.flags.ae 0:46-48]
      Congestion Window Reduced: Not set  [tcp.flags.cwr 0:46-48]
      ECN-Echo: Not set  [tcp.flags.ece 0:46-48]
      Urgent: Not set  [tcp.flags.urg 0:46-48]
      Acknowledgment: Set  [tcp.flags.ack 0:46-48]
      Push: Not set  [tcp.flags.push 0:46-48]
      Reset: Not set  [tcp.flags.reset 0:46-48]
      Syn: Not set  [tcp.flags.syn 0:46-48]
      Fin: Not set  [tcp.flags.fin 0:46-48]
    Window: 8192  [tcp.window_size_value 0:48-50]
    Checksum: 0xe426  [tcp.checksum 0:50-52]
    Checksum Status: Good  [tcp.checksum.status 0:50-52]
    Urgent Pointer: 0  [tcp.urgent_pointer 0:52-54]
    [SEQ/ACK analysis]  [tcp.analysis 0:34-34]
      This is a TCP duplicate ACK  [tcp.analysis.duplicate_ack 0:0-0]
      This is a TCP duplicate ACK  [_ws.expert 0:0-0]
        Severity level: Note  [_ws.expert.severity 0:0-0]
        Group: Sequence  [_ws.expert.group 0:0-0]
      Duplicate ACK number: 3  [tcp.analysis.duplicate_ack_num 0:0-0]
      Duplicate to the ACK in frame: 11  [tcp.analysis.duplicate_ack_frame 0:0-0]

#15 192.168.1.10 -> 93.184.216.34 http | Continuation
  Frame 15: 64 bytes on wire, 64 bytes captured  [frame 0:0-64]
    Frame Number: 15  [frame.number 0:0-0]
    Epoch Time: 1700000000.815000000  [frame.time_epoch 0:0-0]
    Frame Length: 64  [frame.len 0:0-0]
    Capture Length: 64  [frame.cap_len 0:0-0]
    Encapsulation type: Ethernet (1)  [frame.encap_type 0:0-0]
    Protocols in frame: eth:ip:tcp:http  [frame.protocols 0:0-0]
  Ethernet II, Src: 00:11:22:33:44:55, Dst: 66:77:88:99:aa:bb  [eth 0:0-14]
    Destination: 66:77:88:99:aa:bb  [eth.dst 0:0-6]
    Source: 00:11:22:33:44:55  [eth.src 0:6-12]
    Type: IPv4 (0x0800)  [eth.type 0:12-14]
  Internet Protocol Version 4, Src: 192.168.1.10, Dst: 93.184.216.34  [ip 0:14-34]
    Version: 4  [ip.version 0:14-15]
    Header Length: 20  [ip.hdr_len 0:14-15]
    Differentiated Services Field: 0x00  [ip.dsfield 0:15-16]
      Differentiated Services Codepoint: 0  [ip.dsfield.dscp 0:15-16]
      Explicit Congestion Notification: 0  [ip.dsfield.ecn 0:15-16]
    Total Length: 50  [ip.len 0:16-18]
    Identification: 0x1234 (4660)  [ip.id 0:18-20]
    Flags: 0x2 (Don't fragment)  [ip.flags 0:20-22]
      Reserved bit: Not set  [ip.flags.rb 0:20-22]
      Don't fragment: Set  [ip.flags.df 0:20-22]
      More fragments: Not set  [ip.flags.mf 0:20-22]
    Fragment Offset: 0  [ip.frag_offset 0:20-22]
    Time to Live: 64  [ip.ttl 0:22-23]
    Protocol: TCP (6)  [ip.proto 0:23-24]
    Header Checksum: 0x3105  [ip.checksum 0:24-26]
    Header checksum status: Good  [ip.checksum.status 0:24-26]
    Source Address: 192.168.1.10  [ip.src 0:26-30]
    Destination Address: 93.184.216.34  [ip.dst 0:30-34]
  Transmission Control Protocol, Src Port: 40000, Dst Port: 80, Seq: 1031, Ack: 5001, Len: 10  [tcp 0:34-54]
    Source Port: 40000  [tcp.srcport 0:34-36]
    Destination Port: 80  [tcp.dstport 0:36-38]
    Stream index: 0  [tcp.stream 0:0-0]
    TCP Segment Len: 10  [tcp.len 0:0-0]
    Sequence Number (raw): 1031  [tcp.seq 0:38-42]
    Acknowledgment Number (raw): 5001  [tcp.ack 0:42-46]
    Header Length: 20  [tcp.hdr_len 0:46-47]
    Flags: 0x018 (PSH, ACK)  [tcp.flags 0:46-48]
      Reserved: Not set  [tcp.flags.res 0:46-48]
      Accurate ECN: Not set  [tcp.flags.ae 0:46-48]
      Congestion Window Reduced: Not set  [tcp.flags.cwr 0:46-48]
      ECN-Echo: Not set  [tcp.flags.ece 0:46-48]
      Urgent: Not set  [tcp.flags.urg 0:46-48]
      Acknowledgment: Set  [tcp.flags.ack 0:46-48]
      Push: Set  [tcp.flags.push 0:46-48]
      Reset: Not set  [tcp.flags.reset 0:46-48]
      Syn: Not set  [tcp.flags.syn 0:46-48]
      Fin: Not set  [tcp.flags.fin 0:46-48]
    Window: 8192  [tcp.window_size_value 0:48-50]
    Checksum: 0xdf0a  [tcp.checksum 0:50-52]
    Checksum Status: Good  [tcp.checksum.status 0:50-52]
    Urgent Pointer: 0  [tcp.urgent_pointer 0:52-54]
    [SEQ/ACK analysis]  [tcp.analysis 0:34-34]
      Bytes in flight: 20  [tcp.analysis.bytes_in_flight 0:0-0]
      This frame is a (suspected) fast retransmission  [tcp.analysis.fast_retransmission 0:0-0]
      This frame is a (suspected) fast retransmission  [_ws.expert 0:0-0]
        Severity level: Note  [_ws.expert.severity 0:0-0]
        Group: Sequence  [_ws.expert.group 0:0-0]
  Hypertext Transfer Protocol (continuation)  [http 0:54-64]
    File Data: 30313233343536373839  [http.file_data 0:54-64]

#16 192.168.1.10 -> 93.184.216.34 http | Continuation
  Frame 16: 64 bytes on wire, 64 bytes captured  [frame 0:0-64]
    Frame Number: 16  [frame.number 0:0-0]
    Epoch Time: 1700000000.900000000  [frame.time_epoch 0:0-0]
    Frame Length: 64  [frame.len 0:0-0]
    Capture Length: 64  [frame.cap_len 0:0-0]
    Encapsulation type: Ethernet (1)  [frame.encap_type 0:0-0]
    Protocols in frame: eth:ip:tcp:http  [frame.protocols 0:0-0]
  Ethernet II, Src: 00:11:22:33:44:55, Dst: 66:77:88:99:aa:bb  [eth 0:0-14]
    Destination: 66:77:88:99:aa:bb  [eth.dst 0:0-6]
    Source: 00:11:22:33:44:55  [eth.src 0:6-12]
    Type: IPv4 (0x0800)  [eth.type 0:12-14]
  Internet Protocol Version 4, Src: 192.168.1.10, Dst: 93.184.216.34  [ip 0:14-34]
    Version: 4  [ip.version 0:14-15]
    Header Length: 20  [ip.hdr_len 0:14-15]
    Differentiated Services Field: 0x00  [ip.dsfield 0:15-16]
      Differentiated Services Codepoint: 0  [ip.dsfield.dscp 0:15-16]
      Explicit Congestion Notification: 0  [ip.dsfield.ecn 0:15-16]
    Total Length: 50  [ip.len 0:16-18]
    Identification: 0x1234 (4660)  [ip.id 0:18-20]
    Flags: 0x2 (Don't fragment)  [ip.flags 0:20-22]
      Reserved bit: Not set  [ip.flags.rb 0:20-22]
      Don't fragment: Set  [ip.flags.df 0:20-22]
      More fragments: Not set  [ip.flags.mf 0:20-22]
    Fragment Offset: 0  [ip.frag_offset 0:20-22]
    Time to Live: 64  [ip.ttl 0:22-23]
    Protocol: TCP (6)  [ip.proto 0:23-24]
    Header Checksum: 0x3105  [ip.checksum 0:24-26]
    Header checksum status: Good  [ip.checksum.status 0:24-26]
    Source Address: 192.168.1.10  [ip.src 0:26-30]
    Destination Address: 93.184.216.34  [ip.dst 0:30-34]
  Transmission Control Protocol, Src Port: 40000, Dst Port: 80, Seq: 1046, Ack: 5001, Len: 10  [tcp 0:34-54]
    Source Port: 40000  [tcp.srcport 0:34-36]
    Destination Port: 80  [tcp.dstport 0:36-38]
    Stream index: 0  [tcp.stream 0:0-0]
    TCP Segment Len: 10  [tcp.len 0:0-0]
    Sequence Number (raw): 1046  [tcp.seq 0:38-42]
    Acknowledgment Number (raw): 5001  [tcp.ack 0:42-46]
    Header Length: 20  [tcp.hdr_len 0:46-47]
    Flags: 0x018 (PSH, ACK)  [tcp.flags 0:46-48]
      Reserved: Not set  [tcp.flags.res 0:46-48]
      Accurate ECN: Not set  [tcp.flags.ae 0:46-48]
      Congestion Window Reduced: Not set  [tcp.flags.cwr 0:46-48]
      ECN-Echo: Not set  [tcp.flags.ece 0:46-48]
      Urgent: Not set  [tcp.flags.urg 0:46-48]
      Acknowledgment: Set  [tcp.flags.ack 0:46-48]
      Push: Set  [tcp.flags.push 0:46-48]
      Reset: Not set  [tcp.flags.reset 0:46-48]
      Syn: Not set  [tcp.flags.syn 0:46-48]
      Fin: Not set  [tcp.flags.fin 0:46-48]
    Window: 8192  [tcp.window_size_value 0:48-50]
    Checksum: 0xdefb  [tcp.checksum 0:50-52]
    Checksum Status: Good  [tcp.checksum.status 0:50-52]
    Urgent Pointer: 0  [tcp.urgent_pointer 0:52-54]
    [SEQ/ACK analysis]  [tcp.analysis 0:34-34]
      Bytes in flight: 25  [tcp.analysis.bytes_in_flight 0:0-0]
      This frame overlaps bytes already seen  [tcp.analysis.overlap 0:0-0]
      This frame overlaps bytes already seen  [_ws.expert 0:0-0]
        Severity level: Warning  [_ws.expert.severity 0:0-0]
        Group: Sequence  [_ws.expert.group 0:0-0]
  Hypertext Transfer Protocol (continuation)  [http 0:54-64]
    File Data: 30313233343536373839  [http.file_data 0:54-64]

#17 93.184.216.34 -> 192.168.1.10 tcp | 80 → 40000 [ACK] Seq=5001 Ack=1056 Win=0 Len=0
  Frame 17: 54 bytes on wire, 54 bytes captured  [frame 0:0-54]
    Frame Number: 17  [frame.number 0:0-0]
    Epoch Time: 1700000001.000000000  [frame.time_epoch 0:0-0]
    Frame Length: 54  [frame.len 0:0-0]
    Capture Length: 54  [frame.cap_len 0:0-0]
    Encapsulation type: Ethernet (1)  [frame.encap_type 0:0-0]
    Protocols in frame: eth:ip:tcp  [frame.protocols 0:0-0]
  Ethernet II, Src: 66:77:88:99:aa:bb, Dst: 00:11:22:33:44:55  [eth 0:0-14]
    Destination: 00:11:22:33:44:55  [eth.dst 0:0-6]
    Source: 66:77:88:99:aa:bb  [eth.src 0:6-12]
    Type: IPv4 (0x0800)  [eth.type 0:12-14]
  Internet Protocol Version 4, Src: 93.184.216.34, Dst: 192.168.1.10  [ip 0:14-34]
    Version: 4  [ip.version 0:14-15]
    Header Length: 20  [ip.hdr_len 0:14-15]
    Differentiated Services Field: 0x00  [ip.dsfield 0:15-16]
      Differentiated Services Codepoint: 0  [ip.dsfield.dscp 0:15-16]
      Explicit Congestion Notification: 0  [ip.dsfield.ecn 0:15-16]
    Total Length: 40  [ip.len 0:16-18]
    Identification: 0x1234 (4660)  [ip.id 0:18-20]
    Flags: 0x2 (Don't fragment)  [ip.flags 0:20-22]
      Reserved bit: Not set  [ip.flags.rb 0:20-22]
      Don't fragment: Set  [ip.flags.df 0:20-22]
      More fragments: Not set  [ip.flags.mf 0:20-22]
    Fragment Offset: 0  [ip.frag_offset 0:20-22]
    Time to Live: 64  [ip.ttl 0:22-23]
    Protocol: TCP (6)  [ip.proto 0:23-24]
    Header Checksum: 0x310f  [ip.checksum 0:24-26]
    Header checksum status: Good  [ip.checksum.status 0:24-26]
    Source Address: 93.184.216.34  [ip.src 0:26-30]
    Destination Address: 192.168.1.10  [ip.dst 0:30-34]
  Transmission Control Protocol, Src Port: 80, Dst Port: 40000, Seq: 5001, Ack: 1056, Len: 0  [tcp 0:34-54]
    Source Port: 80  [tcp.srcport 0:34-36]
    Destination Port: 40000  [tcp.dstport 0:36-38]
    Stream index: 0  [tcp.stream 0:0-0]
    TCP Segment Len: 0  [tcp.len 0:0-0]
    Sequence Number (raw): 5001  [tcp.seq 0:38-42]
    Acknowledgment Number (raw): 1056  [tcp.ack 0:42-46]
    Header Length: 20  [tcp.hdr_len 0:46-47]
    Flags: 0x010 (ACK)  [tcp.flags 0:46-48]
      Reserved: Not set  [tcp.flags.res 0:46-48]
      Accurate ECN: Not set  [tcp.flags.ae 0:46-48]
      Congestion Window Reduced: Not set  [tcp.flags.cwr 0:46-48]
      ECN-Echo: Not set  [tcp.flags.ece 0:46-48]
      Urgent: Not set  [tcp.flags.urg 0:46-48]
      Acknowledgment: Set  [tcp.flags.ack 0:46-48]
      Push: Not set  [tcp.flags.push 0:46-48]
      Reset: Not set  [tcp.flags.reset 0:46-48]
      Syn: Not set  [tcp.flags.syn 0:46-48]
      Fin: Not set  [tcp.flags.fin 0:46-48]
    Window: 0  [tcp.window_size_value 0:48-50]
    Checksum: 0x040e  [tcp.checksum 0:50-52]
    Checksum Status: Good  [tcp.checksum.status 0:50-52]
    Urgent Pointer: 0  [tcp.urgent_pointer 0:52-54]
    [SEQ/ACK analysis]  [tcp.analysis 0:34-34]
      This frame advertises a zero window  [tcp.analysis.zero_window 0:0-0]
      This frame advertises a zero window  [_ws.expert 0:0-0]
        Severity level: Warning  [_ws.expert.severity 0:0-0]
        Group: Sequence  [_ws.expert.group 0:0-0]

#18 192.168.1.10 -> 93.184.216.34 http | Continuation
  Frame 18: 55 bytes on wire, 55 bytes captured  [frame 0:0-55]
    Frame Number: 18  [frame.number 0:0-0]
    Epoch Time: 1700000001.100000000  [frame.time_epoch 0:0-0]
    Frame Length: 55  [frame.len 0:0-0]
    Capture Length: 55  [frame.cap_len 0:0-0]
    Encapsulation type: Ethernet (1)  [frame.encap_type 0:0-0]
    Protocols in frame: eth:ip:tcp:http  [frame.protocols 0:0-0]
  Ethernet II, Src: 00:11:22:33:44:55, Dst: 66:77:88:99:aa:bb  [eth 0:0-14]
    Destination: 66:77:88:99:aa:bb  [eth.dst 0:0-6]
    Source: 00:11:22:33:44:55  [eth.src 0:6-12]
    Type: IPv4 (0x0800)  [eth.type 0:12-14]
  Internet Protocol Version 4, Src: 192.168.1.10, Dst: 93.184.216.34  [ip 0:14-34]
    Version: 4  [ip.version 0:14-15]
    Header Length: 20  [ip.hdr_len 0:14-15]
    Differentiated Services Field: 0x00  [ip.dsfield 0:15-16]
      Differentiated Services Codepoint: 0  [ip.dsfield.dscp 0:15-16]
      Explicit Congestion Notification: 0  [ip.dsfield.ecn 0:15-16]
    Total Length: 41  [ip.len 0:16-18]
    Identification: 0x1234 (4660)  [ip.id 0:18-20]
    Flags: 0x2 (Don't fragment)  [ip.flags 0:20-22]
      Reserved bit: Not set  [ip.flags.rb 0:20-22]
      Don't fragment: Set  [ip.flags.df 0:20-22]
      More fragments: Not set  [ip.flags.mf 0:20-22]
    Fragment Offset: 0  [ip.frag_offset 0:20-22]
    Time to Live: 64  [ip.ttl 0:22-23]
    Protocol: TCP (6)  [ip.proto 0:23-24]
    Header Checksum: 0x310e  [ip.checksum 0:24-26]
    Header checksum status: Good  [ip.checksum.status 0:24-26]
    Source Address: 192.168.1.10  [ip.src 0:26-30]
    Destination Address: 93.184.216.34  [ip.dst 0:30-34]
  Transmission Control Protocol, Src Port: 40000, Dst Port: 80, Seq: 1055, Ack: 5001, Len: 1  [tcp 0:34-54]
    Source Port: 40000  [tcp.srcport 0:34-36]
    Destination Port: 80  [tcp.dstport 0:36-38]
    Stream index: 0  [tcp.stream 0:0-0]
    TCP Segment Len: 1  [tcp.len 0:0-0]
    Sequence Number (raw): 1055  [tcp.seq 0:38-42]
    Acknowledgment Number (raw): 5001  [tcp.ack 0:42-46]
    Header Length: 20  [tcp.hdr_len 0:46-47]
    Flags: 0x010 (ACK)  [tcp.flags 0:46-48]
      Reserved: Not set  [tcp.flags.res 0:46-48]
      Accurate ECN: Not set  [tcp.flags.ae 0:46-48]
      Congestion Window Reduced: Not set  [tcp.flags.cwr 0:46-48]
      ECN-Echo: Not set  [tcp.flags.ece 0:46-48]
      Urgent: Not set  [tcp.flags.urg 0:46-48]
      Acknowledgment: Set  [tcp.flags.ack 0:46-48]
      Push: Not set  [tcp.flags.push 0:46-48]
      Reset: Not set  [tcp.flags.reset 0:46-48]
      Syn: Not set  [tcp.flags.syn 0:46-48]
      Fin: Not set  [tcp.flags.fin 0:46-48]
    Window: 8192  [tcp.window_size_value 0:48-50]
    Checksum: 0x6c0d  [tcp.checksum 0:50-52]
    Checksum Status: Good  [tcp.checksum.status 0:50-52]
    Urgent Pointer: 0  [tcp.urgent_pointer 0:52-54]
    [SEQ/ACK analysis]  [tcp.analysis 0:34-34]
      This frame is a TCP keep-alive  [tcp.analysis.keep_alive 0:0-0]
      This frame is a TCP keep-alive  [_ws.expert 0:0-0]
        Severity level: Note  [_ws.expert.severity 0:0-0]
        Group: Sequence  [_ws.expert.group 0:0-0]
  Hypertext Transfer Protocol (continuation)  [http 0:54-55]
    File Data: 78  [http.file_data 0:54-55]

#19 93.184.216.34 -> 192.168.1.10 tcp | 80 → 40000 [ACK] Seq=5001 Ack=1056 Win=10 Len=0
  Frame 19: 54 bytes on wire, 54 bytes captured  [frame 0:0-54]
    Frame Number: 19  [frame.number 0:0-0]
    Epoch Time: 1700000001.200000000  [frame.time_epoch 0:0-0]
    Frame Length: 54  [frame.len 0:0-0]
    Capture Length: 54  [frame.cap_len 0:0-0]
    Encapsulation type: Ethernet (1)  [frame.encap_type 0:0-0]
    Protocols in frame: eth:ip:tcp  [frame.protocols 0:0-0]
  Ethernet II, Src: 66:77:88:99:aa:bb, Dst: 00:11:22:33:44:55  [eth 0:0-14]
    Destination: 00:11:22:33:44:55  [eth.dst 0:0-6]
    Source: 66:77:88:99:aa:bb  [eth.src 0:6-12]
    Type: IPv4 (0x0800)  [eth.type 0:12-14]
  Internet Protocol Version 4, Src: 93.184.216.34, Dst: 192.168.1.10  [ip 0:14-34]
    Version: 4  [ip.version 0:14-15]
    Header Length: 20  [ip.hdr_len 0:14-15]
    Differentiated Services Field: 0x00  [ip.dsfield 0:15-16]
      Differentiated Services Codepoint: 0  [ip.dsfield.dscp 0:15-16]
      Explicit Congestion Notification: 0  [ip.dsfield.ecn 0:15-16]
    Total Length: 40  [ip.len 0:16-18]
    Identification: 0x1234 (4660)  [ip.id 0:18-20]
    Flags: 0x2 (Don't fragment)  [ip.flags 0:20-22]
      Reserved bit: Not set  [ip.flags.rb 0:20-22]
      Don't fragment: Set  [ip.flags.df 0:20-22]
      More fragments: Not set  [ip.flags.mf 0:20-22]
    Fragment Offset: 0  [ip.frag_offset 0:20-22]
    Time to Live: 64  [ip.ttl 0:22-23]
    Protocol: TCP (6)  [ip.proto 0:23-24]
    Header Checksum: 0x310f  [ip.checksum 0:24-26]
    Header checksum status: Good  [ip.checksum.status 0:24-26]
    Source Address: 93.184.216.34  [ip.src 0:26-30]
    Destination Address: 192.168.1.10  [ip.dst 0:30-34]
  Transmission Control Protocol, Src Port: 80, Dst Port: 40000, Seq: 5001, Ack: 1056, Len: 0  [tcp 0:34-54]
    Source Port: 80  [tcp.srcport 0:34-36]
    Destination Port: 40000  [tcp.dstport 0:36-38]
    Stream index: 0  [tcp.stream 0:0-0]
    TCP Segment Len: 0  [tcp.len 0:0-0]
    Sequence Number (raw): 5001  [tcp.seq 0:38-42]
    Acknowledgment Number (raw): 1056  [tcp.ack 0:42-46]
    Header Length: 20  [tcp.hdr_len 0:46-47]
    Flags: 0x010 (ACK)  [tcp.flags 0:46-48]
      Reserved: Not set  [tcp.flags.res 0:46-48]
      Accurate ECN: Not set  [tcp.flags.ae 0:46-48]
      Congestion Window Reduced: Not set  [tcp.flags.cwr 0:46-48]
      ECN-Echo: Not set  [tcp.flags.ece 0:46-48]
      Urgent: Not set  [tcp.flags.urg 0:46-48]
      Acknowledgment: Set  [tcp.flags.ack 0:46-48]
      Push: Not set  [tcp.flags.push 0:46-48]
      Reset: Not set  [tcp.flags.reset 0:46-48]
      Syn: Not set  [tcp.flags.syn 0:46-48]
      Fin: Not set  [tcp.flags.fin 0:46-48]
    Window: 10  [tcp.window_size_value 0:48-50]
    Checksum: 0x0404  [tcp.checksum 0:50-52]
    Checksum Status: Good  [tcp.checksum.status 0:50-52]
    Urgent Pointer: 0  [tcp.urgent_pointer 0:52-54]

#20 192.168.1.10 -> 93.184.216.34 http | Continuation
  Frame 20: 64 bytes on wire, 64 bytes captured  [frame 0:0-64]
    Frame Number: 20  [frame.number 0:0-0]
    Epoch Time: 1700000001.210000000  [frame.time_epoch 0:0-0]
    Frame Length: 64  [frame.len 0:0-0]
    Capture Length: 64  [frame.cap_len 0:0-0]
    Encapsulation type: Ethernet (1)  [frame.encap_type 0:0-0]
    Protocols in frame: eth:ip:tcp:http  [frame.protocols 0:0-0]
  Ethernet II, Src: 00:11:22:33:44:55, Dst: 66:77:88:99:aa:bb  [eth 0:0-14]
    Destination: 66:77:88:99:aa:bb  [eth.dst 0:0-6]
    Source: 00:11:22:33:44:55  [eth.src 0:6-12]
    Type: IPv4 (0x0800)  [eth.type 0:12-14]
  Internet Protocol Version 4, Src: 192.168.1.10, Dst: 93.184.216.34  [ip 0:14-34]
    Version: 4  [ip.version 0:14-15]
    Header Length: 20  [ip.hdr_len 0:14-15]
    Differentiated Services Field: 0x00  [ip.dsfield 0:15-16]
      Differentiated Services Codepoint: 0  [ip.dsfield.dscp 0:15-16]
      Explicit Congestion Notification: 0  [ip.dsfield.ecn 0:15-16]
    Total Length: 50  [ip.len 0:16-18]
    Identification: 0x1234 (4660)  [ip.id 0:18-20]
    Flags: 0x2 (Don't fragment)  [ip.flags 0:20-22]
      Reserved bit: Not set  [ip.flags.rb 0:20-22]
      Don't fragment: Set  [ip.flags.df 0:20-22]
      More fragments: Not set  [ip.flags.mf 0:20-22]
    Fragment Offset: 0  [ip.frag_offset 0:20-22]
    Time to Live: 64  [ip.ttl 0:22-23]
    Protocol: TCP (6)  [ip.proto 0:23-24]
    Header Checksum: 0x3105  [ip.checksum 0:24-26]
    Header checksum status: Good  [ip.checksum.status 0:24-26]
    Source Address: 192.168.1.10  [ip.src 0:26-30]
    Destination Address: 93.184.216.34  [ip.dst 0:30-34]
  Transmission Control Protocol, Src Port: 40000, Dst Port: 80, Seq: 1056, Ack: 5001, Len: 10  [tcp 0:34-54]
    Source Port: 40000  [tcp.srcport 0:34-36]
    Destination Port: 80  [tcp.dstport 0:36-38]
    Stream index: 0  [tcp.stream 0:0-0]
    TCP Segment Len: 10  [tcp.len 0:0-0]
    Sequence Number (raw): 1056  [tcp.seq 0:38-42]
    Acknowledgment Number (raw): 5001  [tcp.ack 0:42-46]
    Header Length: 20  [tcp.hdr_len 0:46-47]
    Flags: 0x018 (PSH, ACK)  [tcp.flags 0:46-48]
      Reserved: Not set  [tcp.flags.res 0:46-48]
      Accurate ECN: Not set  [tcp.flags.ae 0:46-48]
      Congestion Window Reduced: Not set  [tcp.flags.cwr 0:46-48]
      ECN-Echo: Not set  [tcp.flags.ece 0:46-48]
      Urgent: Not set  [tcp.flags.urg 0:46-48]
      Acknowledgment: Set  [tcp.flags.ack 0:46-48]
      Push: Set  [tcp.flags.push 0:46-48]
      Reset: Not set  [tcp.flags.reset 0:46-48]
      Syn: Not set  [tcp.flags.syn 0:46-48]
      Fin: Not set  [tcp.flags.fin 0:46-48]
    Window: 8192  [tcp.window_size_value 0:48-50]
    Checksum: 0xdef1  [tcp.checksum 0:50-52]
    Checksum Status: Good  [tcp.checksum.status 0:50-52]
    Urgent Pointer: 0  [tcp.urgent_pointer 0:52-54]
    [SEQ/ACK analysis]  [tcp.analysis 0:34-34]
      Bytes in flight: 10  [tcp.analysis.bytes_in_flight 0:0-0]
      This frame fills the peer's advertised window  [tcp.analysis.window_full 0:0-0]
      This frame fills the peer's advertised window  [_ws.expert 0:0-0]
        Severity level: Note  [_ws.expert.severity 0:0-0]
        Group: Sequence  [_ws.expert.group 0:0-0]
  Hypertext Transfer Protocol (continuation)  [http 0:54-64]
    File Data: 30313233343536373839  [http.file_data 0:54-64]

#21 93.184.216.34 -> 192.168.1.10 tcp | 80 → 40000 [ACK] Seq=5001 Ack=9999 Win=8192 Len=0
  Frame 21: 54 bytes on wire, 54 bytes captured  [frame 0:0-54]
    Frame Number: 21  [frame.number 0:0-0]
    Epoch Time: 1700000001.300000000  [frame.time_epoch 0:0-0]
    Frame Length: 54  [frame.len 0:0-0]
    Capture Length: 54  [frame.cap_len 0:0-0]
    Encapsulation type: Ethernet (1)  [frame.encap_type 0:0-0]
    Protocols in frame: eth:ip:tcp  [frame.protocols 0:0-0]
  Ethernet II, Src: 66:77:88:99:aa:bb, Dst: 00:11:22:33:44:55  [eth 0:0-14]
    Destination: 00:11:22:33:44:55  [eth.dst 0:0-6]
    Source: 66:77:88:99:aa:bb  [eth.src 0:6-12]
    Type: IPv4 (0x0800)  [eth.type 0:12-14]
  Internet Protocol Version 4, Src: 93.184.216.34, Dst: 192.168.1.10  [ip 0:14-34]
    Version: 4  [ip.version 0:14-15]
    Header Length: 20  [ip.hdr_len 0:14-15]
    Differentiated Services Field: 0x00  [ip.dsfield 0:15-16]
      Differentiated Services Codepoint: 0  [ip.dsfield.dscp 0:15-16]
      Explicit Congestion Notification: 0  [ip.dsfield.ecn 0:15-16]
    Total Length: 40  [ip.len 0:16-18]
    Identification: 0x1234 (4660)  [ip.id 0:18-20]
    Flags: 0x2 (Don't fragment)  [ip.flags 0:20-22]
      Reserved bit: Not set  [ip.flags.rb 0:20-22]
      Don't fragment: Set  [ip.flags.df 0:20-22]
      More fragments: Not set  [ip.flags.mf 0:20-22]
    Fragment Offset: 0  [ip.frag_offset 0:20-22]
    Time to Live: 64  [ip.ttl 0:22-23]
    Protocol: TCP (6)  [ip.proto 0:23-24]
    Header Checksum: 0x310f  [ip.checksum 0:24-26]
    Header checksum status: Good  [ip.checksum.status 0:24-26]
    Source Address: 93.184.216.34  [ip.src 0:26-30]
    Destination Address: 192.168.1.10  [ip.dst 0:30-34]
  Transmission Control Protocol, Src Port: 80, Dst Port: 40000, Seq: 5001, Ack: 9999, Len: 0  [tcp 0:34-54]
    Source Port: 80  [tcp.srcport 0:34-36]
    Destination Port: 40000  [tcp.dstport 0:36-38]
    Stream index: 0  [tcp.stream 0:0-0]
    TCP Segment Len: 0  [tcp.len 0:0-0]
    Sequence Number (raw): 5001  [tcp.seq 0:38-42]
    Acknowledgment Number (raw): 9999  [tcp.ack 0:42-46]
    Header Length: 20  [tcp.hdr_len 0:46-47]
    Flags: 0x010 (ACK)  [tcp.flags 0:46-48]
      Reserved: Not set  [tcp.flags.res 0:46-48]
      Accurate ECN: Not set  [tcp.flags.ae 0:46-48]
      Congestion Window Reduced: Not set  [tcp.flags.cwr 0:46-48]
      ECN-Echo: Not set  [tcp.flags.ece 0:46-48]
      Urgent: Not set  [tcp.flags.urg 0:46-48]
      Acknowledgment: Set  [tcp.flags.ack 0:46-48]
      Push: Not set  [tcp.flags.push 0:46-48]
      Reset: Not set  [tcp.flags.reset 0:46-48]
      Syn: Not set  [tcp.flags.syn 0:46-48]
      Fin: Not set  [tcp.flags.fin 0:46-48]
    Window: 8192  [tcp.window_size_value 0:48-50]
    Checksum: 0xc11e  [tcp.checksum 0:50-52]
    Checksum Status: Good  [tcp.checksum.status 0:50-52]
    Urgent Pointer: 0  [tcp.urgent_pointer 0:52-54]
    [SEQ/ACK analysis]  [tcp.analysis 0:34-34]
      ACK for a segment that was not captured  [tcp.analysis.ack_lost_segment 0:0-0]
      ACK for a segment that was not captured  [_ws.expert 0:0-0]
        Severity level: Warning  [_ws.expert.severity 0:0-0]
        Group: Sequence  [_ws.expert.group 0:0-0]

#22 192.168.1.10 -> 93.184.216.34 tcp | 40000 → 80 [FIN, ACK] Seq=1066 Ack=5001 Win=8192 Len=0
  Frame 22: 54 bytes on wire, 54 bytes captured  [frame 0:0-54]
    Frame Number: 22  [frame.number 0:0-0]
    Epoch Time: 1700000001.400000000  [frame.time_epoch 0:0-0]
    Frame Length: 54  [frame.len 0:0-0]
    Capture Length: 54  [frame.cap_len 0:0-0]
    Encapsulation type: Ethernet (1)  [frame.encap_type 0:0-0]
    Protocols in frame: eth:ip:tcp  [frame.protocols 0:0-0]
  Ethernet II, Src: 00:11:22:33:44:55, Dst: 66:77:88:99:aa:bb  [eth 0:0-14]
    Destination: 66:77:88:99:aa:bb  [eth.dst 0:0-6]
    Source: 00:11:22:33:44:55  [eth.src 0:6-12]
    Type: IPv4 (0x0800)  [eth.type 0:12-14]
  Internet Protocol Version 4, Src: 192.168.1.10, Dst: 93.184.216.34  [ip 0:14-34]
    Version: 4  [ip.version 0:14-15]
    Header Length: 20  [ip.hdr_len 0:14-15]
    Differentiated Services Field: 0x00  [ip.dsfield 0:15-16]
      Differentiated Services Codepoint: 0  [ip.dsfield.dscp 0:15-16]
      Explicit Congestion Notification: 0  [ip.dsfield.ecn 0:15-16]
    Total Length: 40  [ip.len 0:16-18]
    Identification: 0x1234 (4660)  [ip.id 0:18-20]
    Flags: 0x2 (Don't fragment)  [ip.flags 0:20-22]
      Reserved bit: Not set  [ip.flags.rb 0:20-22]
      Don't fragment: Set  [ip.flags.df 0:20-22]
      More fragments: Not set  [ip.flags.mf 0:20-22]
    Fragment Offset: 0  [ip.frag_offset 0:20-22]
    Time to Live: 64  [ip.ttl 0:22-23]
    Protocol: TCP (6)  [ip.proto 0:23-24]
    Header Checksum: 0x310f  [ip.checksum 0:24-26]
    Header checksum status: Good  [ip.checksum.status 0:24-26]
    Source Address: 192.168.1.10  [ip.src 0:26-30]
    Destination Address: 93.184.216.34  [ip.dst 0:30-34]
  Transmission Control Protocol, Src Port: 40000, Dst Port: 80, Seq: 1066, Ack: 5001, Len: 0  [tcp 0:34-54]
    Source Port: 40000  [tcp.srcport 0:34-36]
    Destination Port: 80  [tcp.dstport 0:36-38]
    Stream index: 0  [tcp.stream 0:0-0]
    TCP Segment Len: 0  [tcp.len 0:0-0]
    Sequence Number (raw): 1066  [tcp.seq 0:38-42]
    Acknowledgment Number (raw): 5001  [tcp.ack 0:42-46]
    Header Length: 20  [tcp.hdr_len 0:46-47]
    Flags: 0x011 (FIN, ACK)  [tcp.flags 0:46-48]
      Reserved: Not set  [tcp.flags.res 0:46-48]
      Accurate ECN: Not set  [tcp.flags.ae 0:46-48]
      Congestion Window Reduced: Not set  [tcp.flags.cwr 0:46-48]
      ECN-Echo: Not set  [tcp.flags.ece 0:46-48]
      Urgent: Not set  [tcp.flags.urg 0:46-48]
      Acknowledgment: Set  [tcp.flags.ack 0:46-48]
      Push: Not set  [tcp.flags.push 0:46-48]
      Reset: Not set  [tcp.flags.reset 0:46-48]
      Syn: Not set  [tcp.flags.syn 0:46-48]
      Fin: Set  [tcp.flags.fin 0:46-48]
    Window: 8192  [tcp.window_size_value 0:48-50]
    Checksum: 0xe402  [tcp.checksum 0:50-52]
    Checksum Status: Good  [tcp.checksum.status 0:50-52]
    Urgent Pointer: 0  [tcp.urgent_pointer 0:52-54]

#23 93.184.216.34 -> 192.168.1.10 tcp | 80 → 40000 [FIN, ACK] Seq=5001 Ack=1067 Win=8192 Len=0
  Frame 23: 54 bytes on wire, 54 bytes captured  [frame 0:0-54]
    Frame Number: 23  [frame.number 0:0-0]
    Epoch Time: 1700000001.410000000  [frame.time_epoch 0:0-0]
    Frame Length: 54  [frame.len 0:0-0]
    Capture Length: 54  [frame.cap_len 0:0-0]
    Encapsulation type: Ethernet (1)  [frame.encap_type 0:0-0]
    Protocols in frame: eth:ip:tcp  [frame.protocols 0:0-0]
  Ethernet II, Src: 66:77:88:99:aa:bb, Dst: 00:11:22:33:44:55  [eth 0:0-14]
    Destination: 00:11:22:33:44:55  [eth.dst 0:0-6]
    Source: 66:77:88:99:aa:bb  [eth.src 0:6-12]
    Type: IPv4 (0x0800)  [eth.type 0:12-14]
  Internet Protocol Version 4, Src: 93.184.216.34, Dst: 192.168.1.10  [ip 0:14-34]
    Version: 4  [ip.version 0:14-15]
    Header Length: 20  [ip.hdr_len 0:14-15]
    Differentiated Services Field: 0x00  [ip.dsfield 0:15-16]
      Differentiated Services Codepoint: 0  [ip.dsfield.dscp 0:15-16]
      Explicit Congestion Notification: 0  [ip.dsfield.ecn 0:15-16]
    Total Length: 40  [ip.len 0:16-18]
    Identification: 0x1234 (4660)  [ip.id 0:18-20]
    Flags: 0x2 (Don't fragment)  [ip.flags 0:20-22]
      Reserved bit: Not set  [ip.flags.rb 0:20-22]
      Don't fragment: Set  [ip.flags.df 0:20-22]
      More fragments: Not set  [ip.flags.mf 0:20-22]
    Fragment Offset: 0  [ip.frag_offset 0:20-22]
    Time to Live: 64  [ip.ttl 0:22-23]
    Protocol: TCP (6)  [ip.proto 0:23-24]
    Header Checksum: 0x310f  [ip.checksum 0:24-26]
    Header checksum status: Good  [ip.checksum.status 0:24-26]
    Source Address: 93.184.216.34  [ip.src 0:26-30]
    Destination Address: 192.168.1.10  [ip.dst 0:30-34]
  Transmission Control Protocol, Src Port: 80, Dst Port: 40000, Seq: 5001, Ack: 1067, Len: 0  [tcp 0:34-54]
    Source Port: 80  [tcp.srcport 0:34-36]
    Destination Port: 40000  [tcp.dstport 0:36-38]
    Stream index: 0  [tcp.stream 0:0-0]
    TCP Segment Len: 0  [tcp.len 0:0-0]
    Sequence Number (raw): 5001  [tcp.seq 0:38-42]
    Acknowledgment Number (raw): 1067  [tcp.ack 0:42-46]
    Header Length: 20  [tcp.hdr_len 0:46-47]
    Flags: 0x011 (FIN, ACK)  [tcp.flags 0:46-48]
      Reserved: Not set  [tcp.flags.res 0:46-48]
      Accurate ECN: Not set  [tcp.flags.ae 0:46-48]
      Congestion Window Reduced: Not set  [tcp.flags.cwr 0:46-48]
      ECN-Echo: Not set  [tcp.flags.ece 0:46-48]
      Urgent: Not set  [tcp.flags.urg 0:46-48]
      Acknowledgment: Set  [tcp.flags.ack 0:46-48]
      Push: Not set  [tcp.flags.push 0:46-48]
      Reset: Not set  [tcp.flags.reset 0:46-48]
      Syn: Not set  [tcp.flags.syn 0:46-48]
      Fin: Set  [tcp.flags.fin 0:46-48]
    Window: 8192  [tcp.window_size_value 0:48-50]
    Checksum: 0xe401  [tcp.checksum 0:50-52]
    Checksum Status: Good  [tcp.checksum.status 0:50-52]
    Urgent Pointer: 0  [tcp.urgent_pointer 0:52-54]
    [SEQ/ACK analysis]  [tcp.analysis 0:34-34]
      Bytes in flight: 1  [tcp.analysis.bytes_in_flight 0:0-0]
