---
source: tests/snapshots.rs
expression: text
---
#1 192.168.1.10 -> 93.184.216.34 dns | Standard query 0x1a2b A www.example.com
  Frame 1: 75 bytes on wire, 75 bytes captured  [frame 0:0-75]
    Frame Number: 1  [frame.number 0:0-0]
    Epoch Time: 1700000000.000123456  [frame.time_epoch 0:0-0]
    Frame Length: 75  [frame.len 0:0-0]
    Capture Length: 75  [frame.cap_len 0:0-0]
    Encapsulation type: Ethernet (1)  [frame.encap_type 0:0-0]
    Protocols in frame: eth:ip:udp:dns  [frame.protocols 0:0-0]
  Ethernet II, Src: 00:11:22:33:44:55, Dst: 66:77:88:99:aa:bb  [eth 0:0-14]
    Destination: 66:77:88:99:aa:bb  [eth.dst 0:0-6]
    Source: 00:11:22:33:44:55  [eth.src 0:6-12]
    Type: IPv4 (0x0800)  [eth.type 0:12-14]
  Internet Protocol Version 4, Src: 192.168.1.10, Dst: 93.184.216.34  [ip 0:14-34]
    Version: 4  [ip.version 0:14-15]
    Header Length: 20  [ip.hdr_len 0:14-15]
    Differentiated Services Field: 0x00  [ip.dsfield 0:15-16]
      Differentiated Services Codepoint: 0  [ip.dsfield.dscp 0:15-16]
      Explicit Congestion Notification: 0  [ip.dsfield.ecn 0:15-16]
    Total Length: 61  [ip.len 0:16-18]
    Identification: 0x1234 (4660)  [ip.id 0:18-20]
    Flags: 0x2 (Don't fragment)  [ip.flags 0:20-22]
      Reserved bit: Not set  [ip.flags.rb 0:20-22]
      Don't fragment: Set  [ip.flags.df 0:20-22]
      More fragments: Not set  [ip.flags.mf 0:20-22]
    Fragment Offset: 0  [ip.frag_offset 0:20-22]
    Time to Live: 64  [ip.ttl 0:22-23]
    Protocol: UDP (17)  [ip.proto 0:23-24]
    Header Checksum: 0x30ef  [ip.checksum 0:24-26]
    Header checksum status: Good  [ip.checksum.status 0:24-26]
    Source Address: 192.168.1.10  [ip.src 0:26-30]
    Destination Address: 93.184.216.34  [ip.dst 0:30-34]
  User Datagram Protocol, Src Port: 53123, Dst Port: 53  [udp 0:34-42]
    Source Port: 53123  [udp.srcport 0:34-36]
    Destination Port: 53  [udp.dstport 0:36-38]
    Length: 41  [udp.length 0:38-40]
    Checksum: 0x4800  [udp.checksum 0:40-42]
    Checksum Status: Bad  [udp.checksum.status 0:40-42]
  Domain Name System (query)  [dns 0:42-75]
    Transaction ID: 0x1a2b  [dns.id 0:42-44]
    Flags: 0x0100 Standard query  [dns.flags 0:44-46]
      Response: Not set  [dns.flags.response 0:44-46]
      Opcode: Standard query (0)  [dns.flags.opcode 0:44-46]
      Truncated: Not set  [dns.flags.truncated 0:44-46]
      Recursion desired: Set  [dns.flags.recdesired 0:44-46]
      Z: Not set  [dns.flags.z 0:44-46]
      Non-authenticated data: Not set  [dns.flags.checkdisable 0:44-46]
    Questions: 1  [dns.count.queries 0:46-48]
    Answer RRs: 0  [dns.count.answers 0:48-50]
    Authority RRs: 0  [dns.count.auth_rr 0:50-52]
    Additional RRs: 0  [dns.count.add_rr 0:52-54]
    Queries  [dns.queries 0:54-75]
      www.example.com: type A, class IN  [dns.qry 0:54-75]
        Name: www.example.com  [dns.qry.name 0:54-71]
        Type: A (1)  [dns.qry.type 0:71-73]
        Class: IN (0x0001)  [dns.qry.class 0:73-75]

#2 192.168.1.1 -> 192.168.1.10 dns | Standard query response 0x1a2b A www.example.com CNAME cdn.example.com A 93.184.216.34
  Frame 2: 109 bytes on wire, 109 bytes captured  [frame 0:0-109]
    Frame Number: 2  [frame.number 0:0-0]
    Epoch Time: 1700000001.001123456  [frame.time_epoch 0:0-0]
    Frame Length: 109  [frame.len 0:0-0]
    Capture Length: 109  [frame.cap_len 0:0-0]
    Encapsulation type: Ethernet (1)  [frame.encap_type 0:0-0]
    Protocols in frame: eth:ip:udp:dns  [frame.protocols 0:0-0]
  Ethernet II, Src: 66:77:88:99:aa:bb, Dst: 00:11:22:33:44:55  [eth 0:0-14]
    Destination: 00:11:22:33:44:55  [eth.dst 0:0-6]
    Source: 66:77:88:99:aa:bb  [eth.src 0:6-12]
    Type: IPv4 (0x0800)  [eth.type 0:12-14]
  Internet Protocol Version 4, Src: 192.168.1.1, Dst: 192.168.1.10  [ip 0:14-34]
    Version: 4  [ip.version 0:14-15]
    Header Length: 20  [ip.hdr_len 0:14-15]
    Differentiated Services Field: 0x00  [ip.dsfield 0:15-16]
      Differentiated Services Codepoint: 0  [ip.dsfield.dscp 0:15-16]
      Explicit Congestion Notification: 0  [ip.dsfield.ecn 0:15-16]
    Total Length: 95  [ip.len 0:16-18]
    Identification: 0x1234 (4660)  [ip.id 0:18-20]
    Flags: 0x2 (Don't fragment)  [ip.flags 0:20-22]
      Reserved bit: Not set  [ip.flags.rb 0:20-22]
      Don't fragment: Set  [ip.flags.df 0:20-22]
      More fragments: Not set  [ip.flags.mf 0:20-22]
    Fragment Offset: 0  [ip.frag_offset 0:20-22]
    Time to Live: 64  [ip.ttl 0:22-23]
    Protocol: UDP (17)  [ip.proto 0:23-24]
    Header Checksum: 0xa4fe  [ip.checksum 0:24-26]
    Header checksum status: Good  [ip.checksum.status 0:24-26]
    Source Address: 192.168.1.1  [ip.src 0:26-30]
    Destination Address: 192.168.1.10  [ip.dst 0:30-34]
  User Datagram Protocol, Src Port: 53, Dst Port: 53123  [udp 0:34-42]
    Source Port: 53  [udp.srcport 0:34-36]
    Destination Port: 53123  [udp.dstport 0:36-38]
    Length: 75  [udp.length 0:38-40]
    Checksum: 0x555a  [udp.checksum 0:40-42]
    Checksum Status: Good  [udp.checksum.status 0:40-42]
  Domain Name System (response)  [dns 0:42-109]
    Transaction ID: 0x1a2b  [dns.id 0:42-44]
    Flags: 0x8180 Standard query response  [dns.flags 0:44-46]
      Response: Set  [dns.flags.response 0:44-46]
      Opcode: Standard query (0)  [dns.flags.opcode 0:44-46]
      Authoritative: Not set  [dns.flags.authoritative 0:44-46]
      Truncated: Not set  [dns.flags.truncated 0:44-46]
      Recursion desired: Set  [dns.flags.recdesired 0:44-46]
      Recursion available: Set  [dns.flags.recavail 0:44-46]
      Z: Not set  [dns.flags.z 0:44-46]
      Answer authenticated: Not set  [dns.flags.authenticated 0:44-46]
      Non-authenticated data: Not set  [dns.flags.checkdisable 0:44-46]
      Reply code: No error (0)  [dns.flags.rcode 0:44-46]
    Questions: 1  [dns.count.queries 0:46-48]
    Answer RRs: 2  [dns.count.answers 0:48-50]
    Authority RRs: 0  [dns.count.auth_rr 0:50-52]
    Additional RRs: 0  [dns.count.add_rr 0:52-54]
    Queries  [dns.queries 0:54-75]
      www.example.com: type A, class IN  [dns.qry 0:54-75]
        Name: www.example.com  [dns.qry.name 0:54-71]
        Type: A (1)  [dns.qry.type 0:71-73]
        Class: IN (0x0001)  [dns.qry.class 0:73-75]
    Answers  [dns.answers 0:75-109]
      www.example.com: type CNAME, class IN, cdn.example.com  [dns.resp 0:75-93]
        Name: www.example.com  [dns.resp.name 0:75-77]
        Type: CNAME (5)  [dns.resp.type 0:77-79]
        Class: IN (0x0001)  [dns.resp.class 0:79-81]
        Time to live: 300  [dns.resp.ttl 0:81-85]
        Data length: 6  [dns.resp.len 0:85-87]
        CNAME: cdn.example.com  [dns.cname 0:87-93]
      cdn.example.com: type A, class IN, 93.184.216.34  [dns.resp 0:93-109]
        Name: cdn.example.com  [dns.resp.name 0:93-95]
        Type: A (1)  [dns.resp.type 0:95-97]
        Class: IN (0x0001)  [dns.resp.class 0:97-99]
        Time to live: 60  [dns.resp.ttl 0:99-103]
        Data length: 4  [dns.resp.len 0:103-105]
        Address: 93.184.216.34  [dns.a 0:105-109]

#3 192.168.1.1 -> 192.168.1.10 dns | Standard query response 0x0002 ANY example.com AAAA 2001:db8::1 MX 10 mail.example.com TXT v=spf1 -all SOA ns.example.com admin.example.com 2024010101 PTR example.com SRV 10 20 5060 sip.example.com
  Frame 3: 274 bytes on wire, 274 bytes captured  [frame 0:0-274]
    Frame Number: 3  [frame.number 0:0-0]
    Epoch Time: 1700000002.002123456  [frame.time_epoch 0:0-0]
    Frame Length: 274  [frame.len 0:0-0]
    Capture Length: 274  [frame.cap_len 0:0-0]
    Encapsulation type: Ethernet (1)  [frame.encap_type 0:0-0]
    Protocols in frame: eth:ip:udp:dns  [frame.protocols 0:0-0]
  Ethernet II, Src: 66:77:88:99:aa:bb, Dst: 00:11:22:33:44:55  [eth 0:0-14]
    Destination: 00:11:22:33:44:55  [eth.dst 0:0-6]
    Source: 66:77:88:99:aa:bb  [eth.src 0:6-12]
    Type: IPv4 (0x0800)  [eth.type 0:12-14]
  Internet Protocol Version 4, Src: 192.168.1.1, Dst: 192.168.1.10  [ip 0:14-34]
    Version: 4  [ip.version 0:14-15]
    Header Length: 20  [ip.hdr_len 0:14-15]
    Differentiated Services Field: 0x00  [ip.dsfield 0:15-16]
      Differentiated Services Codepoint: 0  [ip.dsfield.dscp 0:15-16]
      Explicit Congestion Notification: 0  [ip.dsfield.ecn 0:15-16]
    Total Length: 260  [ip.len 0:16-18]
    Identification: 0x1234 (4660)  [ip.id 0:18-20]
    Flags: 0x2 (Don't fragment)  [ip.flags 0:20-22]
      Reserved bit: Not set  [ip.flags.rb 0:20-22]
      Don't fragment: Set  [ip.flags.df 0:20-22]
      More fragments: Not set  [ip.flags.mf 0:20-22]
    Fragment Offset: 0  [ip.frag_offset 0:20-22]
    Time to Live: 64  [ip.ttl 0:22-23]
    Protocol: UDP (17)  [ip.proto 0:23-24]
    Header Checksum: 0xa459  [ip.checksum 0:24-26]
    Header checksum status: Good  [ip.checksum.status 0:24-26]
    Source Address: 192.168.1.1  [ip.src 0:26-30]
    Destination Address: 192.168.1.10  [ip.dst 0:30-34]
  User Datagram Protocol, Src Port: 53, Dst Port: 53124  [udp 0:34-42]
    Source Port: 53  [udp.srcport 0:34-36]
    Destination Port: 53124  [udp.dstport 0:36-38]
    Length: 240  [udp.length 0:38-40]
    Checksum: 0x01cf  [udp.checksum 0:40-42]
    Checksum Status: Good  [udp.checksum.status 0:40-42]
  Domain Name System (response)  [dns 0:42-274]
    Transaction ID: 0x0002  [dns.id 0:42-44]
    Flags: 0x8180 Standard query response  [dns.flags 0:44-46]
      Response: Set  [dns.flags.response 0:44-46]
      Opcode: Standard query (0)  [dns.flags.opcode 0:44-46]
      Authoritative: Not set  [dns.flags.authoritative 0:44-46]
      Truncated: Not set  [dns.flags.truncated 0:44-46]
      Recursion desired: Set  [dns.flags.recdesired 0:44-46]
      Recursion available: Set  [dns.flags.recavail 0:44-46]
      Z: Not set  [dns.flags.z 0:44-46]
      Answer authenticated: Not set  [dns.flags.authenticated 0:44-46]
      Non-authenticated data: Not set  [dns.flags.checkdisable 0:44-46]
      Reply code: No error (0)  [dns.flags.rcode 0:44-46]
    Questions: 1  [dns.count.queries 0:46-48]
    Answer RRs: 6  [dns.count.answers 0:48-50]
    Authority RRs: 0  [dns.count.auth_rr 0:50-52]
    Additional RRs: 0  [dns.count.add_rr 0:52-54]
    Queries  [dns.queries 0:54-71]
      example.com: type ANY, class IN  [dns.qry 0:54-71]
        Name: example.com  [dns.qry.name 0:54-67]
        Type: ANY (255)  [dns.qry.type 0:67-69]
        Class: IN (0x0001)  [dns.qry.class 0:69-71]
    Answers  [dns.answers 0:71-274]
      example.com: type AAAA, class IN, 2001:db8::1  [dns.resp 0:71-99]
        Name: example.com  [dns.resp.name 0:71-73]
        Type: AAAA (28)  [dns.resp.type 0:73-75]
        Class: IN (0x0001)  [dns.resp.class 0:75-77]
        Time to live: 60  [dns.resp.ttl 0:77-81]
        Data length: 16  [dns.resp.len 0:81-83]
        AAAA Address: 2001:db8::1  [dns.aaaa 0:83-99]
      example.com: type MX, class IN, 10 mail.example.com  [dns.resp 0:99-120]
        Name: example.com  [dns.resp.name 0:99-101]
        Type: MX (15)  [dns.resp.type 0:101-103]
        Class: IN (0x0001)  [dns.resp.class 0:103-105]
        Time to live: 60  [dns.resp.ttl 0:105-109]
        Data length: 9  [dns.resp.len 0:109-111]
        Preference: 10  [dns.mx.preference 0:111-113]
        Mail Exchange: mail.example.com  [dns.mx.mail_exchange 0:113-120]
      example.com: type TXT, class IN, v=spf1 -all  [dns.resp 0:120-144]
        Name: example.com  [dns.resp.name 0:120-122]
        Type: TXT (16)  [dns.resp.type 0:122-124]
        Class: IN (0x0001)  [dns.resp.class 0:124-126]
        Time to live: 60  [dns.resp.ttl 0:126-130]
        Data length: 12  [dns.resp.len 0:130-132]
        TXT: v=spf1 -all  [dns.txt 0:133-144]
      example.com: type SOA, class IN, ns.example.com admin.example.com 2024010101  [dns.resp 0:144-189]
        Name: example.com  [dns.resp.name 0:144-146]
        Type: SOA (6)  [dns.resp.type 0:146-148]
        Class: IN (0x0001)  [dns.resp.class 0:148-150]
        Time to live: 60  [dns.resp.ttl 0:150-154]
        Data length: 33  [dns.resp.len 0:154-156]
        Primary name server: ns.example.com  [dns.soa.mname 0:156-161]
        Responsible authority's mailbox: admin.example.com  [dns.soa.rname 0:161-169]
        Serial Number: 2024010101  [dns.soa.serial_number 0:169-173]
        Refresh Interval: 7200  [dns.soa.refresh_interval 0:173-177]
        Retry Interval: 3600  [dns.soa.retry_interval 0:177-181]
        Expire limit: 1209600  [dns.soa.expire_limit 0:181-185]
        Minimum TTL: 300  [dns.soa.minimum_ttl 0:185-189]
      34.216.184.93.in-addr.arpa: type PTR, class IN, example.com  [dns.resp 0:189-229]
        Name: 34.216.184.93.in-addr.arpa  [dns.resp.name 0:189-217]
        Type: PTR (12)  [dns.resp.type 0:217-219]
        Class: IN (0x0001)  [dns.resp.class 0:219-221]
        Time to live: 60  [dns.resp.ttl 0:221-225]
        Data length: 2  [dns.resp.len 0:225-227]
        Domain Name: example.com  [dns.ptr.domain_name 0:227-229]
      _sip._udp.example.com: type SRV, class IN, 10 20 5060 sip.example.com  [dns.resp 0:229-274]
        Name: _sip._udp.example.com  [dns.resp.name 0:229-252]
        Type: SRV (33)  [dns.resp.type 0:252-254]
        Class: IN (0x0001)  [dns.resp.class 0:254-256]
        Time to live: 60  [dns.resp.ttl 0:256-260]
        Data length: 12  [dns.resp.len 0:260-262]
        Priority: 10  [dns.srv.priority 0:262-264]
        Weight: 20  [dns.srv.weight 0:264-266]
        Port: 5060  [dns.srv.port 0:266-268]
        Target: sip.example.com  [dns.srv.target 0:268-274]

#4 192.168.1.1 -> 192.168.1.10 dns | Standard query response 0x0009 HTTPS example.com HTTPS 12 bytes
  Frame 4: 133 bytes on wire, 133 bytes captured  [frame 0:0-133]
    Frame Number: 4  [frame.number 0:0-0]
    Epoch Time: 1700000003.003123456  [frame.time_epoch 0:0-0]
    Frame Length: 133  [frame.len 0:0-0]
    Capture Length: 133  [frame.cap_len 0:0-0]
    Encapsulation type: Ethernet (1)  [frame.encap_type 0:0-0]
    Protocols in frame: eth:ip:udp:dns  [frame.protocols 0:0-0]
  Ethernet II, Src: 66:77:88:99:aa:bb, Dst: 00:11:22:33:44:55  [eth 0:0-14]
    Destination: 00:11:22:33:44:55  [eth.dst 0:0-6]
    Source: 66:77:88:99:aa:bb  [eth.src 0:6-12]
    Type: IPv4 (0x0800)  [eth.type 0:12-14]
  Internet Protocol Version 4, Src: 192.168.1.1, Dst: 192.168.1.10  [ip 0:14-34]
    Version: 4  [ip.version 0:14-15]
    Header Length: 20  [ip.hdr_len 0:14-15]
    Differentiated Services Field: 0x00  [ip.dsfield 0:15-16]
      Differentiated Services Codepoint: 0  [ip.dsfield.dscp 0:15-16]
      Explicit Congestion Notification: 0  [ip.dsfield.ecn 0:15-16]
    Total Length: 119  [ip.len 0:16-18]
    Identification: 0x1234 (4660)  [ip.id 0:18-20]
    Flags: 0x2 (Don't fragment)  [ip.flags 0:20-22]
      Reserved bit: Not set  [ip.flags.rb 0:20-22]
      Don't fragment: Set  [ip.flags.df 0:20-22]
      More fragments: Not set  [ip.flags.mf 0:20-22]
    Fragment Offset: 0  [ip.frag_offset 0:20-22]
    Time to Live: 64  [ip.ttl 0:22-23]
    Protocol: UDP (17)  [ip.proto 0:23-24]
    Header Checksum: 0xa4e6  [ip.checksum 0:24-26]
    Header checksum status: Good  [ip.checksum.status 0:24-26]
    Source Address: 192.168.1.1  [ip.src 0:26-30]
    Destination Address: 192.168.1.10  [ip.dst 0:30-34]
  User Datagram Protocol, Src Port: 53, Dst Port: 53126  [udp 0:34-42]
    Source Port: 53  [udp.srcport 0:34-36]
    Destination Port: 53126  [udp.dstport 0:36-38]
    Length: 99  [udp.length 0:38-40]
    Checksum: 0x15ad  [udp.checksum 0:40-42]
    Checksum Status: Good  [udp.checksum.status 0:40-42]
  Domain Name System (response)  [dns 0:42-133]
    Transaction ID: 0x0009  [dns.id 0:42-44]
    Flags: 0x8180 Standard query response  [dns.flags 0:44-46]
      Response: Set  [dns.flags.response 0:44-46]
      Opcode: Standard query (0)  [dns.flags.opcode 0:44-46]
      Authoritative: Not set  [dns.flags.authoritative 0:44-46]
      Truncated: Not set  [dns.flags.truncated 0:44-46]
      Recursion desired: Set  [dns.flags.recdesired 0:44-46]
      Recursion available: Set  [dns.flags.recavail 0:44-46]
      Z: Not set  [dns.flags.z 0:44-46]
      Answer authenticated: Not set  [dns.flags.authenticated 0:44-46]
      Non-authenticated data: Not set  [dns.flags.checkdisable 0:44-46]
      Reply code: No error (0)  [dns.flags.rcode 0:44-46]
    Questions: 1  [dns.count.queries 0:46-48]
    Answer RRs: 1  [dns.count.answers 0:48-50]
    Authority RRs: 1  [dns.count.auth_rr 0:50-52]
    Additional RRs: 1  [dns.count.add_rr 0:52-54]
    Queries  [dns.queries 0:54-71]
      example.com: type HTTPS, class IN  [dns.qry 0:54-71]
        Name: example.com  [dns.qry.name 0:54-67]
        Type: HTTPS (65)  [dns.qry.type 0:67-69]
        Class: IN (0x0001)  [dns.qry.class 0:69-71]
    Answers  [dns.answers 0:71-95]
      example.com: type HTTPS, class IN, 12 bytes  [dns.resp 0:71-95]
        Name: example.com  [dns.resp.name 0:71-73]
        Type: HTTPS (65)  [dns.resp.type 0:73-75]
        Class: IN (0x0001)  [dns.resp.class 0:75-77]
        Time to live: 60  [dns.resp.ttl 0:77-81]
        Data length: 12  [dns.resp.len 0:81-83]
        Data: 000100010006026832026833  [dns.resp.data 0:83-95]
    Authoritative nameservers  [dns.authority 0:95-113]
      example.com: type NS, class IN, ns1.example.com  [dns.resp 0:95-113]
        Name: example.com  [dns.resp.name 0:95-97]
        Type: NS (2)  [dns.resp.type 0:97-99]
        Class: IN (0x0001)  [dns.resp.class 0:99-101]
        Time to live: 3600  [dns.resp.ttl 0:101-105]
        Data length: 6  [dns.resp.len 0:105-107]
        Name Server: ns1.example.com  [dns.ns 0:107-113]
    Additional records  [dns.additional 0:113-133]
      ns1.example.com: type A, class IN, 192.0.2.53  [dns.resp 0:113-133]
        Name: ns1.example.com  [dns.resp.name 0:113-119]
        Type: A (1)  [dns.resp.type 0:119-121]
        Class: IN (0x0001)  [dns.resp.class 0:121-123]
        Time to live: 3600  [dns.resp.ttl 0:123-127]
        Data length: 4  [dns.resp.len 0:127-129]
        Address: 192.0.2.53  [dns.a 0:129-133]

#5 192.168.1.1 -> 192.168.1.10 dns | Standard query response 0x0003 No such name A nope.invalid
  Frame 5: 72 bytes on wire, 72 bytes captured  [frame 0:0-72]
    Frame Number: 5  [frame.number 0:0-0]
    Epoch Time: 1700000004.004123456  [frame.time_epoch 0:0-0]
    Frame Length: 72  [frame.len 0:0-0]
    Capture Length: 72  [frame.cap_len 0:0-0]
    Encapsulation type: Ethernet (1)  [frame.encap_type 0:0-0]
    Protocols in frame: eth:ip:udp:dns  [frame.protocols 0:0-0]
  Ethernet II, Src: 66:77:88:99:aa:bb, Dst: 00:11:22:33:44:55  [eth 0:0-14]
    Destination: 00:11:22:33:44:55  [eth.dst 0:0-6]
    Source: 66:77:88:99:aa:bb  [eth.src 0:6-12]
    Type: IPv4 (0x0800)  [eth.type 0:12-14]
  Internet Protocol Version 4, Src: 192.168.1.1, Dst: 192.168.1.10  [ip 0:14-34]
    Version: 4  [ip.version 0:14-15]
    Header Length: 20  [ip.hdr_len 0:14-15]
    Differentiated Services Field: 0x00  [ip.dsfield 0:15-16]
      Differentiated Services Codepoint: 0  [ip.dsfield.dscp 0:15-16]
      Explicit Congestion Notification: 0  [ip.dsfield.ecn 0:15-16]
    Total Length: 58  [ip.len 0:16-18]
    Identification: 0x1234 (4660)  [ip.id 0:18-20]
    Flags: 0x2 (Don't fragment)  [ip.flags 0:20-22]
      Reserved bit: Not set  [ip.flags.rb 0:20-22]
      Don't fragment: Set  [ip.flags.df 0:20-22]
      More fragments: Not set  [ip.flags.mf 0:20-22]
    Fragment Offset: 0  [ip.frag_offset 0:20-22]
    Time to Live: 64  [ip.ttl 0:22-23]
    Protocol: UDP (17)  [ip.proto 0:23-24]
    Header Checksum: 0xa523  [ip.checksum 0:24-26]
    Header checksum status: Good  [ip.checksum.status 0:24-26]
    Source Address: 192.168.1.1  [ip.src 0:26-30]
    Destination Address: 192.168.1.10  [ip.dst 0:30-34]
  User Datagram Protocol, Src Port: 53, Dst Port: 53125  [udp 0:34-42]
    Source Port: 53  [udp.srcport 0:34-36]
    Destination Port: 53125  [udp.dstport 0:36-38]
    Length: 38  [udp.length 0:38-40]
    Checksum: 0xa1e2  [udp.checksum 0:40-42]
    Checksum Status: Good  [udp.checksum.status 0:40-42]
  Domain Name System (response)  [dns 0:42-72]
    Transaction ID: 0x0003  [dns.id 0:42-44]
    Flags: 0x8183 Standard query response  [dns.flags 0:44-46]
      Response: Set  [dns.flags.response 0:44-46]
      Opcode: Standard query (0)  [dns.flags.opcode 0:44-46]
      Authoritative: Not set  [dns.flags.authoritative 0:44-46]
      Truncated: Not set  [dns.flags.truncated 0:44-46]
      Recursion desired: Set  [dns.flags.recdesired 0:44-46]
      Recursion available: Set  [dns.flags.recavail 0:44-46]
      Z: Not set  [dns.flags.z 0:44-46]
      Answer authenticated: Not set  [dns.flags.authenticated 0:44-46]
      Non-authenticated data: Not set  [dns.flags.checkdisable 0:44-46]
      Reply code: No such name (3)  [dns.flags.rcode 0:44-46]
    Questions: 1  [dns.count.queries 0:46-48]
    Answer RRs: 0  [dns.count.answers 0:48-50]
    Authority RRs: 0  [dns.count.auth_rr 0:50-52]
    Additional RRs: 0  [dns.count.add_rr 0:52-54]
    Queries  [dns.queries 0:54-72]
      nope.invalid: type A, class IN  [dns.qry 0:54-72]
        Name: nope.invalid  [dns.qry.name 0:54-68]
        Type: A (1)  [dns.qry.type 0:68-70]
        Class: IN (0x0001)  [dns.qry.class 0:70-72]

#6 192.168.1.10 -> 224.0.0.251 dns | Standard query 0x0000 ANY <Root>
  Frame 6: 59 bytes on wire, 59 bytes captured  [frame 0:0-59]
    Frame Number: 6  [frame.number 0:0-0]
    Epoch Time: 1700000005.005123456  [frame.time_epoch 0:0-0]
    Frame Length: 59  [frame.len 0:0-0]
    Capture Length: 59  [frame.cap_len 0:0-0]
    Encapsulation type: Ethernet (1)  [frame.encap_type 0:0-0]
    Protocols in frame: eth:ip:udp:dns  [frame.protocols 0:0-0]
  Ethernet II, Src: 00:11:22:33:44:55, Dst: 01:00:5e:00:00:fb  [eth 0:0-14]
    Destination: 01:00:5e:00:00:fb  [eth.dst 0:0-6]
    Source: 00:11:22:33:44:55  [eth.src 0:6-12]
    Type: IPv4 (0x0800)  [eth.type 0:12-14]
  Internet Protocol Version 4, Src: 192.168.1.10, Dst: 224.0.0.251  [ip 0:14-34]
    Version: 4  [ip.version 0:14-15]
    Header Length: 20  [ip.hdr_len 0:14-15]
    Differentiated Services Field: 0x00  [ip.dsfield 0:15-16]
      Differentiated Services Codepoint: 0  [ip.dsfield.dscp 0:15-16]
      Explicit Congestion Notification: 0  [ip.dsfield.ecn 0:15-16]
    Total Length: 45  [ip.len 0:16-18]
    Identification: 0x1234 (4660)  [ip.id 0:18-20]
    Flags: 0x2 (Don't fragment)  [ip.flags 0:20-22]
      Reserved bit: Not set  [ip.flags.rb 0:20-22]
      Don't fragment: Set  [ip.flags.df 0:20-22]
      More fragments: Not set  [ip.flags.mf 0:20-22]
    Fragment Offset: 0  [ip.frag_offset 0:20-22]
    Time to Live: 64  [ip.ttl 0:22-23]
    Protocol: UDP (17)  [ip.proto 0:23-24]
    Header Checksum: 0x85de  [ip.checksum 0:24-26]
    Header checksum status: Good  [ip.checksum.status 0:24-26]
    Source Address: 192.168.1.10  [ip.src 0:26-30]
    Destination Address: 224.0.0.251  [ip.dst 0:30-34]
  User Datagram Protocol, Src Port: 5353, Dst Port: 5353  [udp 0:34-42]
    Source Port: 5353  [udp.srcport 0:34-36]
    Destination Port: 5353  [udp.dstport 0:36-38]
    Length: 25  [udp.length 0:38-40]
    Checksum: 0x32ba  [udp.checksum 0:40-42]
    Checksum Status: Good  [udp.checksum.status 0:40-42]
  Domain Name System (query)  [dns 0:42-59]
    Transaction ID: 0x0000  [dns.id 0:42-44]
    Flags: 0x0000 Standard query  [dns.flags 0:44-46]
      Response: Not set  [dns.flags.response 0:44-46]
      Opcode: Standard query (0)  [dns.flags.opcode 0:44-46]
      Truncated: Not set  [dns.flags.truncated 0:44-46]
      Recursion desired: Not set  [dns.flags.recdesired 0:44-46]
      Z: Not set  [dns.flags.z 0:44-46]
      Non-authenticated data: Not set  [dns.flags.checkdisable 0:44-46]
    Questions: 1  [dns.count.queries 0:46-48]
    Answer RRs: 0  [dns.count.answers 0:48-50]
    Authority RRs: 0  [dns.count.auth_rr 0:50-52]
    Additional RRs: 0  [dns.count.add_rr 0:52-54]
    Queries  [dns.queries 0:54-59]
      <Root>: type ANY, class IN  [dns.qry 0:54-59]
        Name: <Root>  [dns.qry.name 0:54-55]
        Type: ANY (255)  [dns.qry.type 0:55-57]
        Class: Unknown (0x8001)  [dns.qry.class 0:57-59]
